{"fit": "world-701", "epoch": 1, "train_loss": 3.104279645284017}
{"fit": "world-701", "epoch": 2, "train_loss": 1.0981370780203077}
{"fit": "world-701", "epoch": 3, "train_loss": 0.6850482053226895}
{"fit": "world-701", "epoch": 4, "train_loss": 0.29302579628096687}
{"fit": "world-701", "epoch": 5, "train_loss": 0.19305844604969025}
{"fit": "world-701", "epoch": 6, "train_loss": 0.15810375909010568}
{"fit": "world-701", "epoch": 7, "train_loss": 0.1401206115881602}
{"fit": "world-701", "epoch": 8, "train_loss": 0.12709925174713135}
{"fit": "world-701", "epoch": 9, "train_loss": 0.11391583151287503}
{"fit": "world-701", "epoch": 10, "train_loss": 0.09989054964648353}
{"fit": "world-701", "epoch": 11, "train_loss": 0.09002855651908451}
{"fit": "world-701", "epoch": 12, "train_loss": 0.08215845574935278}
{"fit": "world-701", "epoch": 13, "train_loss": 0.0679096950425042}
{"fit": "world-701", "epoch": 14, "train_loss": 0.06065888247556157}
{"fit": "world-701", "epoch": 15, "train_loss": 0.05125202470355564}
{"fit": "world-701", "epoch": 16, "train_loss": 0.04690646943118837}
{"fit": "world-701", "epoch": 17, "train_loss": 0.04246373871962229}
{"fit": "world-701", "epoch": 18, "train_loss": 0.039069678137699765}
{"fit": "world-701", "epoch": 19, "train_loss": 0.035731414291593766}
{"fit": "world-701", "epoch": 20, "train_loss": 0.031859463536077076}
{"fit": "world-701", "epoch": 21, "train_loss": 0.031200097211533124}
{"fit": "world-701", "epoch": 22, "train_loss": 0.030885896293653382}
{"fit": "world-701", "epoch": 23, "train_loss": 0.029126417719655566}
{"fit": "world-701", "epoch": 24, "train_loss": 0.02609820179641247}
{"fit": "world-701", "epoch": 25, "train_loss": 0.024580587943394978}
{"fit": "world-701", "epoch": 26, "train_loss": 0.023527769537435638}
{"fit": "world-701", "epoch": 27, "train_loss": 0.02450986620452669}
{"fit": "world-701", "epoch": 28, "train_loss": 0.022740295322404968}
{"fit": "world-701", "epoch": 29, "train_loss": 0.02028646444280942}
{"fit": "world-701", "epoch": 30, "train_loss": 0.018866209396057657}
{"fit": "body-701", "epoch": 1, "train_loss": 3.1125654803382026}
{"fit": "body-701", "epoch": 2, "train_loss": 1.1098832382096184}
{"fit": "body-701", "epoch": 3, "train_loss": 0.7018681168556213}
{"fit": "body-701", "epoch": 4, "train_loss": 0.31298235025670795}
{"fit": "body-701", "epoch": 5, "train_loss": 0.1807378974225786}
{"fit": "body-701", "epoch": 6, "train_loss": 0.15480007628599804}
{"fit": "body-701", "epoch": 7, "train_loss": 0.13955683343940312}
{"fit": "body-701", "epoch": 8, "train_loss": 0.12981377508905198}
{"fit": "body-701", "epoch": 9, "train_loss": 0.11789866636196772}
{"fit": "body-701", "epoch": 10, "train_loss": 0.10424813181161881}
{"fit": "body-701", "epoch": 11, "train_loss": 0.09233042663998074}
{"fit": "body-701", "epoch": 12, "train_loss": 0.08202805038955477}
{"fit": "body-701", "epoch": 13, "train_loss": 0.06843901193804211}
{"fit": "body-701", "epoch": 14, "train_loss": 0.059516527669297326}
{"fit": "body-701", "epoch": 15, "train_loss": 0.052215148674117196}
{"fit": "body-701", "epoch": 16, "train_loss": 0.050359333554903664}
{"fit": "body-701", "epoch": 17, "train_loss": 0.04530154044429461}
{"fit": "body-701", "epoch": 18, "train_loss": 0.04540315262145466}
{"fit": "body-701", "epoch": 19, "train_loss": 0.041364500630233024}
{"fit": "body-701", "epoch": 20, "train_loss": 0.03696769682897462}
{"fit": "body-701", "epoch": 21, "train_loss": 0.034214117088251644}
{"fit": "body-701", "epoch": 22, "train_loss": 0.0323552335302035}
{"fit": "body-701", "epoch": 23, "train_loss": 0.03034045472741127}
{"fit": "body-701", "epoch": 24, "train_loss": 0.028753491201334528}
{"fit": "body-701", "epoch": 25, "train_loss": 0.028238988502158058}
{"fit": "body-701", "epoch": 26, "train_loss": 0.026069349091913965}
{"fit": "body-701", "epoch": 27, "train_loss": 0.02499836670855681}
{"fit": "body-701", "epoch": 28, "train_loss": 0.026046283377541436}
{"fit": "body-701", "epoch": 29, "train_loss": 0.02466431131793393}
{"fit": "body-701", "epoch": 30, "train_loss": 0.02229695576760504}
{"fit": "transport-701", "epoch": 1, "train_loss": 3.112603380944994}
{"fit": "transport-701", "epoch": 2, "train_loss": 1.1091828346252441}
{"fit": "transport-701", "epoch": 3, "train_loss": 0.6989046467675103}
{"fit": "transport-701", "epoch": 4, "train_loss": 0.3100254370106591}
{"fit": "transport-701", "epoch": 5, "train_loss": 0.18102072411113315}
{"fit": "transport-701", "epoch": 6, "train_loss": 0.15507355001237658}
{"fit": "transport-701", "epoch": 7, "train_loss": 0.13973736464977266}
{"fit": "transport-701", "epoch": 8, "train_loss": 0.1302365955379274}
{"fit": "transport-701", "epoch": 9, "train_loss": 0.11828395807080799}
{"fit": "transport-701", "epoch": 10, "train_loss": 0.10494208021296395}
{"fit": "transport-701", "epoch": 11, "train_loss": 0.09330771731005774}
{"fit": "transport-701", "epoch": 12, "train_loss": 0.0835408553481102}
{"fit": "transport-701", "epoch": 13, "train_loss": 0.06887458794646793}
{"fit": "transport-701", "epoch": 14, "train_loss": 0.06037158543864886}
{"fit": "transport-701", "epoch": 15, "train_loss": 0.052521533601813844}
{"fit": "transport-701", "epoch": 16, "train_loss": 0.04999636817309591}
{"fit": "transport-701", "epoch": 17, "train_loss": 0.0450550093419022}
{"fit": "transport-701", "epoch": 18, "train_loss": 0.044171738376220064}
{"fit": "transport-701", "epoch": 19, "train_loss": 0.03944722819659445}
{"fit": "transport-701", "epoch": 20, "train_loss": 0.035664519088135824}
{"fit": "transport-701", "epoch": 21, "train_loss": 0.0333136906226476}
{"fit": "transport-701", "epoch": 22, "train_loss": 0.03178646576901277}
{"fit": "transport-701", "epoch": 23, "train_loss": 0.029699901367227236}
{"fit": "transport-701", "epoch": 24, "train_loss": 0.02808413662844234}
{"fit": "transport-701", "epoch": 25, "train_loss": 0.02746557705104351}
{"fit": "transport-701", "epoch": 26, "train_loss": 0.025144731170601314}
{"fit": "transport-701", "epoch": 27, "train_loss": 0.024245433012644448}
{"fit": "transport-701", "epoch": 28, "train_loss": 0.025697266144884958}
{"fit": "transport-701", "epoch": 29, "train_loss": 0.024085243791341783}
{"fit": "transport-701", "epoch": 30, "train_loss": 0.021409095409843655}
{"fit": "history16-701", "epoch": 1, "train_loss": 3.112603415383233}
{"fit": "history16-701", "epoch": 2, "train_loss": 1.1093237002690632}
{"fit": "history16-701", "epoch": 3, "train_loss": 0.7007971313264635}
{"fit": "history16-701", "epoch": 4, "train_loss": 0.31709539228015476}
{"fit": "history16-701", "epoch": 5, "train_loss": 0.17984810835785336}
{"fit": "history16-701", "epoch": 6, "train_loss": 0.15422392984231312}
{"fit": "history16-701", "epoch": 7, "train_loss": 0.13888927002747853}
{"fit": "history16-701", "epoch": 8, "train_loss": 0.12887537777423858}
{"fit": "history16-701", "epoch": 9, "train_loss": 0.11704260094298256}
{"fit": "history16-701", "epoch": 10, "train_loss": 0.10334758046600553}
{"fit": "history16-701", "epoch": 11, "train_loss": 0.09187273366583718}
{"fit": "history16-701", "epoch": 12, "train_loss": 0.08211376617352167}
{"fit": "history16-701", "epoch": 13, "train_loss": 0.06737599968910217}
{"fit": "history16-701", "epoch": 14, "train_loss": 0.05853818356990814}
{"fit": "history16-701", "epoch": 15, "train_loss": 0.05083710816171434}
{"fit": "history16-701", "epoch": 16, "train_loss": 0.04933722491065661}
{"fit": "history16-701", "epoch": 17, "train_loss": 0.04423613771796227}
{"fit": "history16-701", "epoch": 18, "train_loss": 0.043073205318715835}
{"fit": "history16-701", "epoch": 19, "train_loss": 0.03823759464753999}
{"fit": "history16-701", "epoch": 20, "train_loss": 0.03481101012892193}
{"fit": "history16-701", "epoch": 21, "train_loss": 0.03252530296643575}
{"fit": "history16-701", "epoch": 22, "train_loss": 0.031808708442582025}
{"fit": "history16-701", "epoch": 23, "train_loss": 0.02923777773976326}
{"fit": "history16-701", "epoch": 24, "train_loss": 0.027662751037213537}
{"fit": "history16-701", "epoch": 25, "train_loss": 0.026761010206407972}
{"fit": "history16-701", "epoch": 26, "train_loss": 0.024707764883836112}
{"fit": "history16-701", "epoch": 27, "train_loss": 0.02387834174765481}
{"fit": "history16-701", "epoch": 28, "train_loss": 0.024272651473681132}
{"fit": "history16-701", "epoch": 29, "train_loss": 0.022590113969312774}
{"fit": "history16-701", "epoch": 30, "train_loss": 0.020696602223647966}
{"fit": "world-802", "epoch": 1, "train_loss": 3.0818511247634888}
{"fit": "world-802", "epoch": 2, "train_loss": 1.0837545845243666}
{"fit": "world-802", "epoch": 3, "train_loss": 0.673409742779202}
{"fit": "world-802", "epoch": 4, "train_loss": 0.28695891234609816}
{"fit": "world-802", "epoch": 5, "train_loss": 0.17780999110804663}
{"fit": "world-802", "epoch": 6, "train_loss": 0.15630365345213149}
{"fit": "world-802", "epoch": 7, "train_loss": 0.140135043197208}
{"fit": "world-802", "epoch": 8, "train_loss": 0.12577758265866174}
{"fit": "world-802", "epoch": 9, "train_loss": 0.11370258248514599}
{"fit": "world-802", "epoch": 10, "train_loss": 0.09893850005335278}
{"fit": "world-802", "epoch": 11, "train_loss": 0.08289801908863915}
{"fit": "world-802", "epoch": 12, "train_loss": 0.07353752536906136}
{"fit": "world-802", "epoch": 13, "train_loss": 0.06151657435629103}
{"fit": "world-802", "epoch": 14, "train_loss": 0.05524602871802118}
{"fit": "world-802", "epoch": 15, "train_loss": 0.05259591887394587}
{"fit": "world-802", "epoch": 16, "train_loss": 0.04738945389787356}
{"fit": "world-802", "epoch": 17, "train_loss": 0.03993183101216952}
{"fit": "world-802", "epoch": 18, "train_loss": 0.036098277486032906}
{"fit": "world-802", "epoch": 19, "train_loss": 0.033629676244325106}
{"fit": "world-802", "epoch": 20, "train_loss": 0.03175408509042528}
{"fit": "world-802", "epoch": 21, "train_loss": 0.029132069026430448}
{"fit": "world-802", "epoch": 22, "train_loss": 0.02766878679394722}
{"fit": "world-802", "epoch": 23, "train_loss": 0.026489387080073357}
{"fit": "world-802", "epoch": 24, "train_loss": 0.026067346086104712}
{"fit": "world-802", "epoch": 25, "train_loss": 0.024741551569766467}
{"fit": "world-802", "epoch": 26, "train_loss": 0.02284829393029213}
{"fit": "world-802", "epoch": 27, "train_loss": 0.021533239260315896}
{"fit": "world-802", "epoch": 28, "train_loss": 0.020055129710170958}
{"fit": "world-802", "epoch": 29, "train_loss": 0.01918128016922209}
{"fit": "world-802", "epoch": 30, "train_loss": 0.017594267510705523}
{"fit": "body-802", "epoch": 1, "train_loss": 3.1329039388232762}
{"fit": "body-802", "epoch": 2, "train_loss": 1.1095171080695259}
{"fit": "body-802", "epoch": 3, "train_loss": 0.7138075636492835}
{"fit": "body-802", "epoch": 4, "train_loss": 0.33640757666693794}
{"fit": "body-802", "epoch": 5, "train_loss": 0.1869255628850725}
{"fit": "body-802", "epoch": 6, "train_loss": 0.15704599287774829}
{"fit": "body-802", "epoch": 7, "train_loss": 0.14118783043490515}
{"fit": "body-802", "epoch": 8, "train_loss": 0.128770864672131}
{"fit": "body-802", "epoch": 9, "train_loss": 0.12049877544244131}
{"fit": "body-802", "epoch": 10, "train_loss": 0.10913020703527662}
{"fit": "body-802", "epoch": 11, "train_loss": 0.09206292662355635}
{"fit": "body-802", "epoch": 12, "train_loss": 0.08211227390501234}
{"fit": "body-802", "epoch": 13, "train_loss": 0.06899047709173627}
{"fit": "body-802", "epoch": 14, "train_loss": 0.06355247133307987}
{"fit": "body-802", "epoch": 15, "train_loss": 0.06062931410140461}
{"fit": "body-802", "epoch": 16, "train_loss": 0.05242618628674083}
{"fit": "body-802", "epoch": 17, "train_loss": 0.04630514979362488}
{"fit": "body-802", "epoch": 18, "train_loss": 0.042940287540356316}
{"fit": "body-802", "epoch": 19, "train_loss": 0.0405969833334287}
{"fit": "body-802", "epoch": 20, "train_loss": 0.03868154014150302}
{"fit": "body-802", "epoch": 21, "train_loss": 0.03552199138535394}
{"fit": "body-802", "epoch": 22, "train_loss": 0.03527239503131972}
{"fit": "body-802", "epoch": 23, "train_loss": 0.03310796399083402}
{"fit": "body-802", "epoch": 24, "train_loss": 0.030975334760215547}
{"fit": "body-802", "epoch": 25, "train_loss": 0.029636593949463632}
{"fit": "body-802", "epoch": 26, "train_loss": 0.02753950866560141}
{"fit": "body-802", "epoch": 27, "train_loss": 0.02618772747615973}
{"fit": "body-802", "epoch": 28, "train_loss": 0.024756417382094595}
{"fit": "body-802", "epoch": 29, "train_loss": 0.024416443581382435}
{"fit": "body-802", "epoch": 30, "train_loss": 0.02316249774561988}
{"fit": "transport-802", "epoch": 1, "train_loss": 3.1323707739512128}
{"fit": "transport-802", "epoch": 2, "train_loss": 1.108912049399482}
{"fit": "transport-802", "epoch": 3, "train_loss": 0.7114742292298211}
{"fit": "transport-802", "epoch": 4, "train_loss": 0.334410571720865}
{"fit": "transport-802", "epoch": 5, "train_loss": 0.18601278762022655}
{"fit": "transport-802", "epoch": 6, "train_loss": 0.15631957915094163}
{"fit": "transport-802", "epoch": 7, "train_loss": 0.1402341279718611}
{"fit": "transport-802", "epoch": 8, "train_loss": 0.1275729709201389}
{"fit": "transport-802", "epoch": 9, "train_loss": 0.11919521490732829}
{"fit": "transport-802", "epoch": 10, "train_loss": 0.10773509492476781}
{"fit": "transport-802", "epoch": 11, "train_loss": 0.09098724524180095}
{"fit": "transport-802", "epoch": 12, "train_loss": 0.08115767240524292}
{"fit": "transport-802", "epoch": 13, "train_loss": 0.06839724298980501}
{"fit": "transport-802", "epoch": 14, "train_loss": 0.06455322388145658}
{"fit": "transport-802", "epoch": 15, "train_loss": 0.060935859051015645}
{"fit": "transport-802", "epoch": 16, "train_loss": 0.051308320379919475}
{"fit": "transport-802", "epoch": 17, "train_loss": 0.045470319439967474}
{"fit": "transport-802", "epoch": 18, "train_loss": 0.04227197542786598}
{"fit": "transport-802", "epoch": 19, "train_loss": 0.039780013346009786}
{"fit": "transport-802", "epoch": 20, "train_loss": 0.0377724011739095}
{"fit": "transport-802", "epoch": 21, "train_loss": 0.0345127063906855}
{"fit": "transport-802", "epoch": 22, "train_loss": 0.03425105263789495}
{"fit": "transport-802", "epoch": 23, "train_loss": 0.03283300184541278}
{"fit": "transport-802", "epoch": 24, "train_loss": 0.029748026074634656}
{"fit": "transport-802", "epoch": 25, "train_loss": 0.027760251280334262}
{"fit": "transport-802", "epoch": 26, "train_loss": 0.026169353102644285}
{"fit": "transport-802", "epoch": 27, "train_loss": 0.025175411585304473}
{"fit": "transport-802", "epoch": 28, "train_loss": 0.023784104155169593}
{"fit": "transport-802", "epoch": 29, "train_loss": 0.022960375704699092}
{"fit": "transport-802", "epoch": 30, "train_loss": 0.021883320353097386}
{"fit": "history16-802", "epoch": 1, "train_loss": 3.132370662689209}
{"fit": "history16-802", "epoch": 2, "train_loss": 1.1090002589755588}
{"fit": "history16-802", "epoch": 3, "train_loss": 0.7130736947059632}
{"fit": "history16-802", "epoch": 4, "train_loss": 0.3446172363228268}
{"fit": "history16-802", "epoch": 5, "train_loss": 0.1881159285704295}
{"fit": "history16-802", "epoch": 6, "train_loss": 0.15669270190927717}
{"fit": "history16-802", "epoch": 7, "train_loss": 0.14012523028585647}
{"fit": "history16-802", "epoch": 8, "train_loss": 0.12757255997922684}
{"fit": "history16-802", "epoch": 9, "train_loss": 0.11873365061150656}
{"fit": "history16-802", "epoch": 10, "train_loss": 0.10670000712076823}
{"fit": "history16-802", "epoch": 11, "train_loss": 0.08984898510906432}
{"fit": "history16-802", "epoch": 12, "train_loss": 0.08012669069899453}
{"fit": "history16-802", "epoch": 13, "train_loss": 0.06713363644149568}
{"fit": "history16-802", "epoch": 14, "train_loss": 0.06202153729067909}
{"fit": "history16-802", "epoch": 15, "train_loss": 0.05946582696504063}
{"fit": "history16-802", "epoch": 16, "train_loss": 0.0518250194688638}
{"fit": "history16-802", "epoch": 17, "train_loss": 0.045338214023245706}
{"fit": "history16-802", "epoch": 18, "train_loss": 0.04199103241165479}
{"fit": "history16-802", "epoch": 19, "train_loss": 0.03878845953279071}
{"fit": "history16-802", "epoch": 20, "train_loss": 0.03799015407760938}
{"fit": "history16-802", "epoch": 21, "train_loss": 0.03438209075894621}
{"fit": "history16-802", "epoch": 22, "train_loss": 0.034850683228837116}
{"fit": "history16-802", "epoch": 23, "train_loss": 0.03167598413096534}
{"fit": "history16-802", "epoch": 24, "train_loss": 0.029500416749053533}
{"fit": "history16-802", "epoch": 25, "train_loss": 0.028332950505945417}
{"fit": "history16-802", "epoch": 26, "train_loss": 0.02657835106882784}
{"fit": "history16-802", "epoch": 27, "train_loss": 0.025986371147963736}
{"fit": "history16-802", "epoch": 28, "train_loss": 0.023942058947351245}
{"fit": "history16-802", "epoch": 29, "train_loss": 0.024037411063909532}
{"fit": "history16-802", "epoch": 30, "train_loss": 0.022299448152383168}
{"fit": "world-903", "epoch": 1, "train_loss": 3.056341028213501}
{"fit": "world-903", "epoch": 2, "train_loss": 1.126926632722219}
{"fit": "world-903", "epoch": 3, "train_loss": 0.7915232393476698}
{"fit": "world-903", "epoch": 4, "train_loss": 0.3845856120189031}
{"fit": "world-903", "epoch": 5, "train_loss": 0.19260953929689195}
{"fit": "world-903", "epoch": 6, "train_loss": 0.16462207734584808}
{"fit": "world-903", "epoch": 7, "train_loss": 0.14921254714330037}
{"fit": "world-903", "epoch": 8, "train_loss": 0.13419011798169878}
{"fit": "world-903", "epoch": 9, "train_loss": 0.12042661441697014}
{"fit": "world-903", "epoch": 10, "train_loss": 0.10628119326300091}
{"fit": "world-903", "epoch": 11, "train_loss": 0.09467002716329363}
{"fit": "world-903", "epoch": 12, "train_loss": 0.08402071528964572}
{"fit": "world-903", "epoch": 13, "train_loss": 0.0735179227259424}
{"fit": "world-903", "epoch": 14, "train_loss": 0.06406651867760552}
{"fit": "world-903", "epoch": 15, "train_loss": 0.05961751995815171}
{"fit": "world-903", "epoch": 16, "train_loss": 0.05247057014041477}
{"fit": "world-903", "epoch": 17, "train_loss": 0.04815445037351714}
{"fit": "world-903", "epoch": 18, "train_loss": 0.04446253702044487}
{"fit": "world-903", "epoch": 19, "train_loss": 0.039887999412086275}
{"fit": "world-903", "epoch": 20, "train_loss": 0.03720896152986421}
{"fit": "world-903", "epoch": 21, "train_loss": 0.03757736194464895}
{"fit": "world-903", "epoch": 22, "train_loss": 0.03323413340581788}
{"fit": "world-903", "epoch": 23, "train_loss": 0.03091728025012546}
{"fit": "world-903", "epoch": 24, "train_loss": 0.028371882190306983}
{"fit": "world-903", "epoch": 25, "train_loss": 0.026844290105832946}
{"fit": "world-903", "epoch": 26, "train_loss": 0.025446077353424496}
{"fit": "world-903", "epoch": 27, "train_loss": 0.023983908941348393}
{"fit": "world-903", "epoch": 28, "train_loss": 0.021497935305039087}
{"fit": "world-903", "epoch": 29, "train_loss": 0.02052635492550002}
{"fit": "world-903", "epoch": 30, "train_loss": 0.019342004859613047}
{"fit": "body-903", "epoch": 1, "train_loss": 3.105180088678996}
{"fit": "body-903", "epoch": 2, "train_loss": 1.1645413451724582}
{"fit": "body-903", "epoch": 3, "train_loss": 0.7747929599550035}
{"fit": "body-903", "epoch": 4, "train_loss": 0.37671327392260234}
{"fit": "body-903", "epoch": 5, "train_loss": 0.18839175866709815}
{"fit": "body-903", "epoch": 6, "train_loss": 0.1596387230687671}
{"fit": "body-903", "epoch": 7, "train_loss": 0.14647878375318316}
{"fit": "body-903", "epoch": 8, "train_loss": 0.13402397135893504}
{"fit": "body-903", "epoch": 9, "train_loss": 0.12370453741815356}
{"fit": "body-903", "epoch": 10, "train_loss": 0.11247534685664706}
{"fit": "body-903", "epoch": 11, "train_loss": 0.10074160430166457}
{"fit": "body-903", "epoch": 12, "train_loss": 0.09051943686273363}
{"fit": "body-903", "epoch": 13, "train_loss": 0.08167610797617171}
{"fit": "body-903", "epoch": 14, "train_loss": 0.07140009668138292}
{"fit": "body-903", "epoch": 15, "train_loss": 0.06574541106820106}
{"fit": "body-903", "epoch": 16, "train_loss": 0.055736421545346575}
{"fit": "body-903", "epoch": 17, "train_loss": 0.0505969788465235}
{"fit": "body-903", "epoch": 18, "train_loss": 0.04677925523784426}
{"fit": "body-903", "epoch": 19, "train_loss": 0.043223263985580865}
{"fit": "body-903", "epoch": 20, "train_loss": 0.03993838959270053}
{"fit": "body-903", "epoch": 21, "train_loss": 0.038699115233288874}
{"fit": "body-903", "epoch": 22, "train_loss": 0.035387743926710555}
{"fit": "body-903", "epoch": 23, "train_loss": 0.032277425047424105}
{"fit": "body-903", "epoch": 24, "train_loss": 0.029991727819045386}
{"fit": "body-903", "epoch": 25, "train_loss": 0.028375983693533474}
{"fit": "body-903", "epoch": 26, "train_loss": 0.026570123847987917}
{"fit": "body-903", "epoch": 27, "train_loss": 0.025191701865858503}
{"fit": "body-903", "epoch": 28, "train_loss": 0.024360357721646627}
{"fit": "body-903", "epoch": 29, "train_loss": 0.02232603265179528}
{"fit": "body-903", "epoch": 30, "train_loss": 0.02039908373521434}
{"fit": "transport-903", "epoch": 1, "train_loss": 3.105889368057251}
{"fit": "transport-903", "epoch": 2, "train_loss": 1.1650256382094488}
{"fit": "transport-903", "epoch": 3, "train_loss": 0.7761876477135552}
{"fit": "transport-903", "epoch": 4, "train_loss": 0.379380679792828}
{"fit": "transport-903", "epoch": 5, "train_loss": 0.18860970040162403}
{"fit": "transport-903", "epoch": 6, "train_loss": 0.15939276847574446}
{"fit": "transport-903", "epoch": 7, "train_loss": 0.14608895281950632}
{"fit": "transport-903", "epoch": 8, "train_loss": 0.13382333583301967}
{"fit": "transport-903", "epoch": 9, "train_loss": 0.1235465923945109}
{"fit": "transport-903", "epoch": 10, "train_loss": 0.1122568847404586}
{"fit": "transport-903", "epoch": 11, "train_loss": 0.10009804318348567}
{"fit": "transport-903", "epoch": 12, "train_loss": 0.0895863115787506}
{"fit": "transport-903", "epoch": 13, "train_loss": 0.08052187330192989}
{"fit": "transport-903", "epoch": 14, "train_loss": 0.0701240912079811}
{"fit": "transport-903", "epoch": 15, "train_loss": 0.06358814123604033}
{"fit": "transport-903", "epoch": 16, "train_loss": 0.05450908078087701}
{"fit": "transport-903", "epoch": 17, "train_loss": 0.05048286517461141}
{"fit": "transport-903", "epoch": 18, "train_loss": 0.046212584773699446}
{"fit": "transport-903", "epoch": 19, "train_loss": 0.04308550639284982}
{"fit": "transport-903", "epoch": 20, "train_loss": 0.03989216933647791}
{"fit": "transport-903", "epoch": 21, "train_loss": 0.03855693075391981}
{"fit": "transport-903", "epoch": 22, "train_loss": 0.035502088401052685}
{"fit": "transport-903", "epoch": 23, "train_loss": 0.0328693447013696}
{"fit": "transport-903", "epoch": 24, "train_loss": 0.03017535408337911}
{"fit": "transport-903", "epoch": 25, "train_loss": 0.029263822237650554}
{"fit": "transport-903", "epoch": 26, "train_loss": 0.02731111062069734}
{"fit": "transport-903", "epoch": 27, "train_loss": 0.026032215936316383}
{"fit": "transport-903", "epoch": 28, "train_loss": 0.024911792741881475}
{"fit": "transport-903", "epoch": 29, "train_loss": 0.022978693495194116}
{"fit": "transport-903", "epoch": 30, "train_loss": 0.022333874801794686}
{"fit": "history16-903", "epoch": 1, "train_loss": 3.1058893760045367}
{"fit": "history16-903", "epoch": 2, "train_loss": 1.165094366338518}
{"fit": "history16-903", "epoch": 3, "train_loss": 0.7777791049745347}
{"fit": "history16-903", "epoch": 4, "train_loss": 0.38960101074642606}
{"fit": "history16-903", "epoch": 5, "train_loss": 0.19263531731234657}
{"fit": "history16-903", "epoch": 6, "train_loss": 0.16103150182300144}
{"fit": "history16-903", "epoch": 7, "train_loss": 0.1461355384853151}
{"fit": "history16-903", "epoch": 8, "train_loss": 0.13369373083114625}
{"fit": "history16-903", "epoch": 9, "train_loss": 0.12329779068628947}
{"fit": "history16-903", "epoch": 10, "train_loss": 0.11134719335370594}
{"fit": "history16-903", "epoch": 11, "train_loss": 0.09912296583255133}
{"fit": "history16-903", "epoch": 12, "train_loss": 0.08813038402133518}
{"fit": "history16-903", "epoch": 13, "train_loss": 0.07827438215414682}
{"fit": "history16-903", "epoch": 14, "train_loss": 0.06681110345655017}
{"fit": "history16-903", "epoch": 15, "train_loss": 0.061337777972221376}
{"fit": "history16-903", "epoch": 16, "train_loss": 0.05283795702788565}
{"fit": "history16-903", "epoch": 17, "train_loss": 0.048532409634855056}
{"fit": "history16-903", "epoch": 18, "train_loss": 0.04458169018228849}
{"fit": "history16-903", "epoch": 19, "train_loss": 0.041348960292008186}
{"fit": "history16-903", "epoch": 20, "train_loss": 0.03851818839708964}
{"fit": "history16-903", "epoch": 21, "train_loss": 0.03756074416968558}
{"fit": "history16-903", "epoch": 22, "train_loss": 0.0345435398320357}
{"fit": "history16-903", "epoch": 23, "train_loss": 0.031745041575696735}
{"fit": "history16-903", "epoch": 24, "train_loss": 0.02914002877142694}
{"fit": "history16-903", "epoch": 25, "train_loss": 0.028919330777393448}
{"fit": "history16-903", "epoch": 26, "train_loss": 0.026982216205861834}
{"fit": "history16-903", "epoch": 27, "train_loss": 0.02567567154765129}
{"fit": "history16-903", "epoch": 28, "train_loss": 0.024215830365816753}
{"fit": "history16-903", "epoch": 29, "train_loss": 0.022679131891992357}
{"fit": "history16-903", "epoch": 30, "train_loss": 0.020752858536110984}
{"completed": "output/pose-transport-v1/experiment-01/run-01", "wall_seconds": 150.27585637499578}
