{"phase": "fit_complete", "name": "pair0-constant", "fits": 1}
{"phase": "fit_complete", "name": "pair0-age", "fits": 2}
{"phase": "fit_complete", "name": "pair0-raw", "fits": 3}
{"phase": "fit_complete", "name": "pair0-normalized", "fits": 4}
{"phase": "fit_complete", "name": "pair1-constant", "fits": 5}
{"phase": "fit_complete", "name": "pair1-age", "fits": 6}
{"phase": "fit_complete", "name": "pair1-raw", "fits": 7}
{"phase": "fit_complete", "name": "pair1-normalized", "fits": 8}
{"phase": "fit_complete", "name": "pair2-constant", "fits": 9}
{"phase": "fit_complete", "name": "pair2-age", "fits": 10}
{"phase": "fit_complete", "name": "pair2-raw", "fits": 11}
{"phase": "fit_complete", "name": "pair2-normalized", "fits": 12}
{"phase": "evaluation_complete", "name": "pair0-constant/initial/dev6"}
{"phase": "evaluation_complete", "name": "pair0-constant/initial/dev10"}
{"phase": "evaluation_complete", "name": "pair0-constant/final/dev6"}
{"phase": "evaluation_complete", "name": "pair0-constant/final/dev10"}
{"phase": "evaluation_complete", "name": "pair0-age/initial/dev6"}
{"phase": "evaluation_complete", "name": "pair0-age/initial/dev10"}
{"phase": "evaluation_complete", "name": "pair0-age/final/dev6"}
{"phase": "evaluation_complete", "name": "pair0-age/final/dev10"}
{"phase": "evaluation_complete", "name": "pair0-raw/initial/dev6"}
{"phase": "evaluation_complete", "name": "pair0-raw/initial/dev10"}
{"phase": "evaluation_complete", "name": "pair0-raw/final/dev6"}
{"phase": "evaluation_complete", "name": "pair0-raw/final/dev10"}
{"phase": "evaluation_complete", "name": "pair0-normalized/initial/dev6"}
{"phase": "evaluation_complete", "name": "pair0-normalized/initial/dev10"}
{"phase": "evaluation_complete", "name": "pair0-normalized/final/dev6"}
{"phase": "evaluation_complete", "name": "pair0-normalized/final/dev10"}
{"phase": "evaluation_complete", "name": "pair1-constant/initial/dev6"}
{"phase": "evaluation_complete", "name": "pair1-constant/initial/dev10"}
{"phase": "evaluation_complete", "name": "pair1-constant/final/dev6"}
{"phase": "evaluation_complete", "name": "pair1-constant/final/dev10"}
{"phase": "evaluation_complete", "name": "pair1-age/initial/dev6"}
{"phase": "evaluation_complete", "name": "pair1-age/initial/dev10"}
{"phase": "evaluation_complete", "name": "pair1-age/final/dev6"}
{"phase": "evaluation_complete", "name": "pair1-age/final/dev10"}
{"phase": "evaluation_complete", "name": "pair1-raw/initial/dev6"}
{"phase": "evaluation_complete", "name": "pair1-raw/initial/dev10"}
{"phase": "evaluation_complete", "name": "pair1-raw/final/dev6"}
{"phase": "evaluation_complete", "name": "pair1-raw/final/dev10"}
{"phase": "evaluation_complete", "name": "pair1-normalized/initial/dev6"}
{"phase": "evaluation_complete", "name": "pair1-normalized/initial/dev10"}
{"phase": "evaluation_complete", "name": "pair1-normalized/final/dev6"}
{"phase": "evaluation_complete", "name": "pair1-normalized/final/dev10"}
{"phase": "evaluation_complete", "name": "pair2-constant/initial/dev6"}
{"phase": "evaluation_complete", "name": "pair2-constant/initial/dev10"}
{"phase": "evaluation_complete", "name": "pair2-constant/final/dev6"}
{"phase": "evaluation_complete", "name": "pair2-constant/final/dev10"}
{"phase": "evaluation_complete", "name": "pair2-age/initial/dev6"}
{"phase": "evaluation_complete", "name": "pair2-age/initial/dev10"}
{"phase": "evaluation_complete", "name": "pair2-age/final/dev6"}
{"phase": "evaluation_complete", "name": "pair2-age/final/dev10"}
{"phase": "evaluation_complete", "name": "pair2-raw/initial/dev6"}
{"phase": "evaluation_complete", "name": "pair2-raw/initial/dev10"}
{"phase": "evaluation_complete", "name": "pair2-raw/final/dev6"}
{"phase": "evaluation_complete", "name": "pair2-raw/final/dev10"}
{"phase": "evaluation_complete", "name": "pair2-normalized/initial/dev6"}
{"phase": "evaluation_complete", "name": "pair2-normalized/initial/dev10"}
{"phase": "evaluation_complete", "name": "pair2-normalized/final/dev6"}
{"phase": "evaluation_complete", "name": "pair2-normalized/final/dev10"}
