I001 [*] Import block is un-sorted or un-formatted
  --> scripts/run_otto_action_effect.py:74:9
   |
72 |           import torch
73 |           sys.path.insert(0, str(c.ROOT / 'src'))
74 | /         from openjev.research import otto_action_latent_model as models
75 | |         from openjev.research import otto_action_effect_metrics as metrics
76 | |         from openjev.research import otto_belief_distillation_metrics as legacy_metrics
   | |_______________________________________________________________________________________^
77 |           torch.set_num_threads(1)
78 |           torch.set_num_interop_threads(1)
   |
help: Organize imports
   |
73 |         sys.path.insert(0, str(c.ROOT / 'src'))
74 +         from openjev.research import otto_action_effect_metrics as metrics
75 |         from openjev.research import otto_action_latent_model as models
   -         from openjev.research import otto_action_effect_metrics as metrics
76 |         from openjev.research import otto_belief_distillation_metrics as legacy_metrics
   |

I001 [*] Import block is un-sorted or un-formatted
  --> tests/test_run_otto_action_effect.py:13:1
   |
12 |   sys.path.insert(0, str(Path(__file__).resolve().parents[1] / 'scripts'))
13 | / import run_otto_action_effect as r
14 | | from openjev.research.otto_action_latent_model import make_model
   | |________________________________________________________________^
help: Organize imports
   |
13 | import run_otto_action_effect as r
14 +
15 | from openjev.research.otto_action_latent_model import make_model
   |

Found 2 errors.
[*] 2 fixable with the `--fix` option.
