I001 [*] Import block is un-sorted or un-formatted
  --> scripts/qualify_otto_residual_capacity.py:45:9
   |
43 |                 "scope": "fabricated capacity only; synthetic weights and targets; no effectiveness or speedup claim"}
44 |       try:
45 | /         import numpy as np
46 | |         import torch
47 | |         from openjev.research import otto_query_memory_data as data
48 | |         from openjev.research import otto_query_memory_metrics as metrics
49 | |         from openjev.research import otto_residual_audit as audit
50 | |         from openjev.research import otto_residual_contract as contract
51 | |         from openjev.research import otto_residual_features as features
52 | |         from openjev.research import otto_residual_replay as replay
53 | |         from openjev.research import otto_scheduled_predictor as predictor
   | |__________________________________________________________________________^
54 |           torch.set_num_threads(1)
55 |           torch.set_num_interop_threads(1)
   |
help: Organize imports
   |
46 |         import torch
47 +
48 |         from openjev.research import otto_query_memory_data as data
   |

I001 [*] Import block is un-sorted or un-formatted
   --> scripts/run_otto_residual.py:513:9
    |
512 |       def inputs(self):
513 | /         import numpy as np
514 | |         from openjev.research import otto_query_memory_data as data
    | |___________________________________________________________________^
515 |           self.np = np
516 |           collection_plan, receipt, directory = self.bound["collection"]
    |
help: Organize imports
    |
513 |         import numpy as np
514 +
515 |         from openjev.research import otto_query_memory_data as data
    |

I001 [*] Import block is un-sorted or un-formatted
   --> scripts/run_otto_residual.py:523:9
    |
522 |       def evaluate(self, history, identities):
523 | /         import torch
524 | |         from openjev.research import otto_query_memory_metrics as metrics
525 | |         from openjev.research import otto_residual_contract as contract
526 | |         from openjev.research import otto_residual_features as features
527 | |         from openjev.research import otto_residual_gate as gate
528 | |         from openjev.research import otto_residual_replay as replay
529 | |         from openjev.research import otto_scheduled_predictor as predictor
    | |__________________________________________________________________________^
530 |           torch.set_num_threads(1)
531 |           if torch.get_num_interop_threads() != 1:
    |
help: Organize imports
    |
523 |         import torch
524 +
525 |         from openjev.research import otto_query_memory_metrics as metrics
    |

FURB192 Prefer `min` over `sorted()` to compute the minimum value in a sequence
   --> src/openjev/research/otto_residual_audit.py:323:14
    |
321 |         values = {r: mean(_family("rls_full", tau), "later", r) for r in REGIMES}
322 |         grid.append({"tau": tau, "later_means": values, "objective": max(values.values())})
323 |     chosen = sorted(grid, key=lambda row: (row["objective"], row["tau"]))[0]["tau"]
    |              ^^^^^^^^^^^^^^^^^^^^^^^^^^^^^^^^^^^^^^^^^^^^^^^^^^^^^^^^^^^^^^^
324 |     candidate = _family("rls_full", chosen)
325 |     conditions = [{"name": "technical_completion", "passed": technical_complete}]
    |
help: Replace with `min`

RUF007 Prefer `itertools.pairwise()` over `zip()` when iterating over successive pairs
  --> tests/test_otto_residual_audit.py:80:22
   |
78 |     ids, raw, legal, offsets = cohort(length=lambda row: 1 if row["case"] == 0 else 6)
79 |     actions = raw.copy()
80 |     for low, high in zip(offsets[:-1], offsets[1:], strict=True):
   |                      ^^^
81 |         if high - low > 1:
82 |             actions[low + 1] = [3., -1., 4., 6.]
   |
help: Replace `zip()` with `itertools.pairwise()`

C408 Unnecessary `dict()` call (rewrite as a literal)
   --> tests/test_otto_residual_audit.py:124:14
    |
122 |         independent.append(actual)
123 |         producer.append(expected)
124 |     kwargs = dict(stage=stage, selected_tau=selected_tau, technical_complete=True)
    |              ^^^^^^^^^^^^^^^^^^^^^^^^^^^^^^^^^^^^^^^^^^^^^^^^^^^^^^^^^^^^^^^^^^^^^
125 |     assert audit.evaluate_reports(independent, ids, **kwargs) == gate.evaluate(producer, ids, **kwargs)
126 |     assert len(independent) == (72 if stage == "dev" else 27)
    |
help: Rewrite as a literal

RUF007 Prefer `itertools.pairwise()` over `zip()` when iterating over successive pairs
  --> tests/test_run_otto_residual.py:66:43
   |
64 |     legal = np.ones((rows, 4), np.bool_)
65 |     corrections = np.zeros(rows, np.bool_)
66 |     for episode, (low, high) in enumerate(zip(offsets[:-1], offsets[1:], strict=True)):
   |                                           ^^^
67 |         steps = np.arange(high - low)
68 |         values[low:high, 15] = (steps / 2188).astype(np.float32)
   |
help: Replace `zip()` with `itertools.pairwise()`

Found 7 errors.
[*] 3 fixable with the `--fix` option (4 hidden fixes can be enabled with the `--unsafe-fixes` option).
