{"fit_id": "spatial@10101", "epoch": 10, "updates": 440}
{"fit_id": "spatial@10101", "epoch": 20, "updates": 880}
{"fit_id": "spatial@10101", "epoch": 30, "updates": 1320}
{"fit_id": "spatial@10101", "epoch": 40, "updates": 1760}
{"fit_id": "spatial@10101", "epoch": 50, "updates": 2200}
{"fit_id": "spatial@10101", "epoch": 60, "updates": 2640}
{"fit_id": "spatial@10101", "epoch": 70, "updates": 3080}
{"fit_id": "spatial@10101", "epoch": 80, "updates": 3520}
{"fit_id": "neighbor_free@10101", "epoch": 10, "updates": 440}
{"fit_id": "neighbor_free@10101", "epoch": 20, "updates": 880}
{"fit_id": "neighbor_free@10101", "epoch": 30, "updates": 1320}
{"fit_id": "neighbor_free@10101", "epoch": 40, "updates": 1760}
{"fit_id": "neighbor_free@10101", "epoch": 50, "updates": 2200}
{"fit_id": "neighbor_free@10101", "epoch": 60, "updates": 2640}
{"fit_id": "neighbor_free@10101", "epoch": 70, "updates": 3080}
{"fit_id": "neighbor_free@10101", "epoch": 80, "updates": 3520}
{"fit_id": "cnn@10101", "epoch": 10, "updates": 440}
{"fit_id": "cnn@10101", "epoch": 20, "updates": 880}
{"fit_id": "cnn@10101", "epoch": 30, "updates": 1320}
{"fit_id": "cnn@10101", "epoch": 40, "updates": 1760}
{"fit_id": "cnn@10101", "epoch": 50, "updates": 2200}
{"fit_id": "cnn@10101", "epoch": 60, "updates": 2640}
{"fit_id": "cnn@10101", "epoch": 70, "updates": 3080}
{"fit_id": "cnn@10101", "epoch": 80, "updates": 3520}
{"fit_id": "dense128@10101", "epoch": 10, "updates": 440}
{"fit_id": "dense128@10101", "epoch": 20, "updates": 880}
{"fit_id": "dense128@10101", "epoch": 30, "updates": 1320}
{"fit_id": "dense128@10101", "epoch": 40, "updates": 1760}
{"fit_id": "dense128@10101", "epoch": 50, "updates": 2200}
{"fit_id": "dense128@10101", "epoch": 60, "updates": 2640}
{"fit_id": "dense128@10101", "epoch": 70, "updates": 3080}
{"fit_id": "dense128@10101", "epoch": 80, "updates": 3520}
{"fit_id": "statistics@10101", "epoch": 10, "updates": 440}
{"fit_id": "statistics@10101", "epoch": 20, "updates": 880}
{"fit_id": "statistics@10101", "epoch": 30, "updates": 1320}
{"fit_id": "statistics@10101", "epoch": 40, "updates": 1760}
{"fit_id": "statistics@10101", "epoch": 50, "updates": 2200}
{"fit_id": "statistics@10101", "epoch": 60, "updates": 2640}
{"fit_id": "statistics@10101", "epoch": 70, "updates": 3080}
{"fit_id": "statistics@10101", "epoch": 80, "updates": 3520}
{"fit_id": "spatial@10102", "epoch": 10, "updates": 440}
{"fit_id": "spatial@10102", "epoch": 20, "updates": 880}
{"fit_id": "spatial@10102", "epoch": 30, "updates": 1320}
{"fit_id": "spatial@10102", "epoch": 40, "updates": 1760}
{"fit_id": "spatial@10102", "epoch": 50, "updates": 2200}
{"fit_id": "spatial@10102", "epoch": 60, "updates": 2640}
{"fit_id": "spatial@10102", "epoch": 70, "updates": 3080}
{"fit_id": "spatial@10102", "epoch": 80, "updates": 3520}
{"fit_id": "neighbor_free@10102", "epoch": 10, "updates": 440}
{"fit_id": "neighbor_free@10102", "epoch": 20, "updates": 880}
{"fit_id": "neighbor_free@10102", "epoch": 30, "updates": 1320}
{"fit_id": "neighbor_free@10102", "epoch": 40, "updates": 1760}
{"fit_id": "neighbor_free@10102", "epoch": 50, "updates": 2200}
{"fit_id": "neighbor_free@10102", "epoch": 60, "updates": 2640}
{"fit_id": "neighbor_free@10102", "epoch": 70, "updates": 3080}
{"fit_id": "neighbor_free@10102", "epoch": 80, "updates": 3520}
{"fit_id": "cnn@10102", "epoch": 10, "updates": 440}
{"fit_id": "cnn@10102", "epoch": 20, "updates": 880}
{"fit_id": "cnn@10102", "epoch": 30, "updates": 1320}
{"fit_id": "cnn@10102", "epoch": 40, "updates": 1760}
{"fit_id": "cnn@10102", "epoch": 50, "updates": 2200}
{"fit_id": "cnn@10102", "epoch": 60, "updates": 2640}
{"fit_id": "cnn@10102", "epoch": 70, "updates": 3080}
{"fit_id": "cnn@10102", "epoch": 80, "updates": 3520}
{"fit_id": "dense128@10102", "epoch": 10, "updates": 440}
{"fit_id": "dense128@10102", "epoch": 20, "updates": 880}
{"fit_id": "dense128@10102", "epoch": 30, "updates": 1320}
{"fit_id": "dense128@10102", "epoch": 40, "updates": 1760}
{"fit_id": "dense128@10102", "epoch": 50, "updates": 2200}
{"fit_id": "dense128@10102", "epoch": 60, "updates": 2640}
{"fit_id": "dense128@10102", "epoch": 70, "updates": 3080}
{"fit_id": "dense128@10102", "epoch": 80, "updates": 3520}
{"fit_id": "statistics@10102", "epoch": 10, "updates": 440}
{"fit_id": "statistics@10102", "epoch": 20, "updates": 880}
{"fit_id": "statistics@10102", "epoch": 30, "updates": 1320}
{"fit_id": "statistics@10102", "epoch": 40, "updates": 1760}
{"fit_id": "statistics@10102", "epoch": 50, "updates": 2200}
{"fit_id": "statistics@10102", "epoch": 60, "updates": 2640}
{"fit_id": "statistics@10102", "epoch": 70, "updates": 3080}
{"fit_id": "statistics@10102", "epoch": 80, "updates": 3520}
{"fit_id": "spatial@10103", "epoch": 10, "updates": 440}
{"fit_id": "spatial@10103", "epoch": 20, "updates": 880}
{"fit_id": "spatial@10103", "epoch": 30, "updates": 1320}
{"fit_id": "spatial@10103", "epoch": 40, "updates": 1760}
{"fit_id": "spatial@10103", "epoch": 50, "updates": 2200}
{"fit_id": "spatial@10103", "epoch": 60, "updates": 2640}
{"fit_id": "spatial@10103", "epoch": 70, "updates": 3080}
{"fit_id": "spatial@10103", "epoch": 80, "updates": 3520}
{"fit_id": "neighbor_free@10103", "epoch": 10, "updates": 440}
{"fit_id": "neighbor_free@10103", "epoch": 20, "updates": 880}
{"fit_id": "neighbor_free@10103", "epoch": 30, "updates": 1320}
{"fit_id": "neighbor_free@10103", "epoch": 40, "updates": 1760}
{"fit_id": "neighbor_free@10103", "epoch": 50, "updates": 2200}
{"fit_id": "neighbor_free@10103", "epoch": 60, "updates": 2640}
{"fit_id": "neighbor_free@10103", "epoch": 70, "updates": 3080}
{"fit_id": "neighbor_free@10103", "epoch": 80, "updates": 3520}
{"fit_id": "cnn@10103", "epoch": 10, "updates": 440}
{"fit_id": "cnn@10103", "epoch": 20, "updates": 880}
{"fit_id": "cnn@10103", "epoch": 30, "updates": 1320}
{"fit_id": "cnn@10103", "epoch": 40, "updates": 1760}
{"fit_id": "cnn@10103", "epoch": 50, "updates": 2200}
{"fit_id": "cnn@10103", "epoch": 60, "updates": 2640}
{"fit_id": "cnn@10103", "epoch": 70, "updates": 3080}
{"fit_id": "cnn@10103", "epoch": 80, "updates": 3520}
{"fit_id": "dense128@10103", "epoch": 10, "updates": 440}
{"fit_id": "dense128@10103", "epoch": 20, "updates": 880}
{"fit_id": "dense128@10103", "epoch": 30, "updates": 1320}
{"fit_id": "dense128@10103", "epoch": 40, "updates": 1760}
{"fit_id": "dense128@10103", "epoch": 50, "updates": 2200}
{"fit_id": "dense128@10103", "epoch": 60, "updates": 2640}
{"fit_id": "dense128@10103", "epoch": 70, "updates": 3080}
{"fit_id": "dense128@10103", "epoch": 80, "updates": 3520}
{"fit_id": "statistics@10103", "epoch": 10, "updates": 440}
{"fit_id": "statistics@10103", "epoch": 20, "updates": 880}
{"fit_id": "statistics@10103", "epoch": 30, "updates": 1320}
{"fit_id": "statistics@10103", "epoch": 40, "updates": 1760}
{"fit_id": "statistics@10103", "epoch": 50, "updates": 2200}
{"fit_id": "statistics@10103", "epoch": 60, "updates": 2640}
{"fit_id": "statistics@10103", "epoch": 70, "updates": 3080}
{"fit_id": "statistics@10103", "epoch": 80, "updates": 3520}
