{
  "status": "PASS",
  "checks": [
    "full_opaque_admission_and_roundtrip",
    "incomplete_status_preserved",
    "deterministic_archive",
    "parent_bytes_not_rebundled",
    "failed_qualification_retained",
    "exclusive_output",
    "unclosed_or_failed_audit_rejected",
    "admission_tree_tamper",
    "child_bank_hash_tamper",
    "raw_name_exclusion",
    "raw_content_hash_exclusion",
    "symlink_exclusion",
    "midarchive_drift_retains_partial_attempt",
    "forbidden_trees_and_traversal",
    "fixture_restored_byte_exact",
    "only_declared_engineering_basetemp_pruned_with_receipts_retained",
    "same_basename_outside_scoped_engineering_still_rejected",
    "unlisted_engineering_fixture_symlink_still_rejected"
  ],
  "count": 18,
  "scope": "Only fabricated JSON and intentionally invalid NPZ bytes; no scientific or measured imports."
}
