{"fit": "constant-1101", "epoch": 1, "train_loss": 0.049255163470904036}
{"fit": "constant-1101", "epoch": 2, "train_loss": 0.048453464524613486}
{"fit": "constant-1101", "epoch": 3, "train_loss": 0.04766410878962941}
{"fit": "constant-1101", "epoch": 4, "train_loss": 0.04689615484740999}
{"fit": "constant-1101", "epoch": 5, "train_loss": 0.0461407844391134}
{"fit": "constant-1101", "epoch": 6, "train_loss": 0.045393357922633486}
{"fit": "constant-1101", "epoch": 7, "train_loss": 0.0446642870704333}
{"fit": "constant-1101", "epoch": 8, "train_loss": 0.04394215370217959}
{"fit": "constant-1101", "epoch": 9, "train_loss": 0.04323100720842679}
{"fit": "constant-1101", "epoch": 10, "train_loss": 0.04254389413528972}
{"fit": "constant-1101", "epoch": 11, "train_loss": 0.041871942993667394}
{"fit": "constant-1101", "epoch": 12, "train_loss": 0.04120646806226836}
{"fit": "constant-1101", "epoch": 13, "train_loss": 0.040564335220389894}
{"fit": "constant-1101", "epoch": 14, "train_loss": 0.03993452654944526}
{"fit": "constant-1101", "epoch": 15, "train_loss": 0.039309185743331906}
{"fit": "constant-1101", "epoch": 16, "train_loss": 0.03870495408773422}
{"fit": "constant-1101", "epoch": 17, "train_loss": 0.038103832594222495}
{"fit": "constant-1101", "epoch": 18, "train_loss": 0.037524982707368}
{"fit": "constant-1101", "epoch": 19, "train_loss": 0.036958794337179926}
{"fit": "constant-1101", "epoch": 20, "train_loss": 0.03640501735111078}
{"fit": "constant-1101", "epoch": 21, "train_loss": 0.0358523675137096}
{"fit": "constant-1101", "epoch": 22, "train_loss": 0.03533594666255845}
{"fit": "constant-1101", "epoch": 23, "train_loss": 0.0348049369123247}
{"fit": "constant-1101", "epoch": 24, "train_loss": 0.03429219118422932}
{"fit": "constant-1101", "epoch": 25, "train_loss": 0.03379684330688582}
{"fit": "constant-1101", "epoch": 26, "train_loss": 0.033311477965778775}
{"fit": "constant-1101", "epoch": 27, "train_loss": 0.03284317271576987}
{"fit": "constant-1101", "epoch": 28, "train_loss": 0.03238078898025883}
{"fit": "constant-1101", "epoch": 29, "train_loss": 0.03192817245920499}
{"fit": "constant-1101", "epoch": 30, "train_loss": 0.031495162637697326}
{"fit": "summary-1101", "epoch": 1, "train_loss": 0.048532867431640626}
{"fit": "summary-1101", "epoch": 2, "train_loss": 0.04386852491233084}
{"fit": "summary-1101", "epoch": 3, "train_loss": 0.03535557198855612}
{"fit": "summary-1101", "epoch": 4, "train_loss": 0.02564187447230021}
{"fit": "summary-1101", "epoch": 5, "train_loss": 0.019284736530648338}
{"fit": "summary-1101", "epoch": 6, "train_loss": 0.016132489343484244}
{"fit": "summary-1101", "epoch": 7, "train_loss": 0.014693008156286345}
{"fit": "summary-1101", "epoch": 8, "train_loss": 0.013937826765080293}
{"fit": "summary-1101", "epoch": 9, "train_loss": 0.013489241960148017}
{"fit": "summary-1101", "epoch": 10, "train_loss": 0.013203881991406282}
{"fit": "summary-1101", "epoch": 11, "train_loss": 0.013010317790839407}
{"fit": "summary-1101", "epoch": 12, "train_loss": 0.012864139055212338}
{"fit": "summary-1101", "epoch": 13, "train_loss": 0.012751146281758944}
{"fit": "summary-1101", "epoch": 14, "train_loss": 0.012669062800705433}
{"fit": "summary-1101", "epoch": 15, "train_loss": 0.012596751666731305}
{"fit": "summary-1101", "epoch": 16, "train_loss": 0.012542848019964165}
{"fit": "summary-1101", "epoch": 17, "train_loss": 0.012495856173336506}
{"fit": "summary-1101", "epoch": 18, "train_loss": 0.012457427113420433}
{"fit": "summary-1101", "epoch": 19, "train_loss": 0.012424020055267547}
{"fit": "summary-1101", "epoch": 20, "train_loss": 0.012396441751884089}
{"fit": "summary-1101", "epoch": 21, "train_loss": 0.01237117468068997}
{"fit": "summary-1101", "epoch": 22, "train_loss": 0.012350372638967303}
{"fit": "summary-1101", "epoch": 23, "train_loss": 0.012331905298762852}
{"fit": "summary-1101", "epoch": 24, "train_loss": 0.012314923397368855}
{"fit": "summary-1101", "epoch": 25, "train_loss": 0.01229826242973407}
{"fit": "summary-1101", "epoch": 26, "train_loss": 0.012285837717354298}
{"fit": "summary-1101", "epoch": 27, "train_loss": 0.012271918066673809}
{"fit": "summary-1101", "epoch": 28, "train_loss": 0.012261588705910577}
{"fit": "summary-1101", "epoch": 29, "train_loss": 0.012251312906543414}
{"fit": "summary-1101", "epoch": 30, "train_loss": 0.012242341248525513}
{"fit": "recurrent-1101", "epoch": 1, "train_loss": 0.04733442879385418}
{"fit": "recurrent-1101", "epoch": 2, "train_loss": 0.03995827382637395}
{"fit": "recurrent-1101", "epoch": 3, "train_loss": 0.029036464542150496}
{"fit": "recurrent-1101", "epoch": 4, "train_loss": 0.02103588802533017}
{"fit": "recurrent-1101", "epoch": 5, "train_loss": 0.017452249344852237}
{"fit": "recurrent-1101", "epoch": 6, "train_loss": 0.015741026111774973}
{"fit": "recurrent-1101", "epoch": 7, "train_loss": 0.014830064814951685}
{"fit": "recurrent-1101", "epoch": 8, "train_loss": 0.014247932243678305}
{"fit": "recurrent-1101", "epoch": 9, "train_loss": 0.01385998051199648}
{"fit": "recurrent-1101", "epoch": 10, "train_loss": 0.013582830213838153}
{"fit": "recurrent-1101", "epoch": 11, "train_loss": 0.01337784876426061}
{"fit": "recurrent-1101", "epoch": 12, "train_loss": 0.013212470958630243}
{"fit": "recurrent-1101", "epoch": 13, "train_loss": 0.013083395651645131}
{"fit": "recurrent-1101", "epoch": 14, "train_loss": 0.01298097711470392}
{"fit": "recurrent-1101", "epoch": 15, "train_loss": 0.012890620074338383}
{"fit": "recurrent-1101", "epoch": 16, "train_loss": 0.012818023417558935}
{"fit": "recurrent-1101", "epoch": 17, "train_loss": 0.012756043527689245}
{"fit": "recurrent-1101", "epoch": 18, "train_loss": 0.012702441298299366}
{"fit": "recurrent-1101", "epoch": 19, "train_loss": 0.012656223960220814}
{"fit": "recurrent-1101", "epoch": 20, "train_loss": 0.012615881342854764}
{"fit": "recurrent-1101", "epoch": 21, "train_loss": 0.012579703041248851}
{"fit": "recurrent-1101", "epoch": 22, "train_loss": 0.012549535888764594}
{"fit": "recurrent-1101", "epoch": 23, "train_loss": 0.012519908365276125}
{"fit": "recurrent-1101", "epoch": 24, "train_loss": 0.01249397988948557}
{"fit": "recurrent-1101", "epoch": 25, "train_loss": 0.012470843208332857}
{"fit": "recurrent-1101", "epoch": 26, "train_loss": 0.012450197090705236}
{"fit": "recurrent-1101", "epoch": 27, "train_loss": 0.012431324211259682}
{"fit": "recurrent-1101", "epoch": 28, "train_loss": 0.012415077661474545}
{"fit": "recurrent-1101", "epoch": 29, "train_loss": 0.012398668544159995}
{"fit": "recurrent-1101", "epoch": 30, "train_loss": 0.012385113578703668}
{"fit": "constant-1202", "epoch": 1, "train_loss": 0.051739520993497636}
{"fit": "constant-1202", "epoch": 2, "train_loss": 0.05090202689170838}
{"fit": "constant-1202", "epoch": 3, "train_loss": 0.0500892397430208}
{"fit": "constant-1202", "epoch": 4, "train_loss": 0.04928445758091079}
{"fit": "constant-1202", "epoch": 5, "train_loss": 0.04849719868765937}
{"fit": "constant-1202", "epoch": 6, "train_loss": 0.04772145913706886}
{"fit": "constant-1202", "epoch": 7, "train_loss": 0.04695166109336747}
{"fit": "constant-1202", "epoch": 8, "train_loss": 0.04622164873613251}
{"fit": "constant-1202", "epoch": 9, "train_loss": 0.0454753528866503}
{"fit": "constant-1202", "epoch": 10, "train_loss": 0.04475497802098592}
{"fit": "constant-1202", "epoch": 11, "train_loss": 0.04405107018020418}
{"fit": "constant-1202", "epoch": 12, "train_loss": 0.04335364442732599}
{"fit": "constant-1202", "epoch": 13, "train_loss": 0.04268073456154929}
{"fit": "constant-1202", "epoch": 14, "train_loss": 0.042008778784010145}
{"fit": "constant-1202", "epoch": 15, "train_loss": 0.041353668769200644}
{"fit": "constant-1202", "epoch": 16, "train_loss": 0.040726335843404134}
{"fit": "constant-1202", "epoch": 17, "train_loss": 0.04008867914477984}
{"fit": "constant-1202", "epoch": 18, "train_loss": 0.039478796761896875}
{"fit": "constant-1202", "epoch": 19, "train_loss": 0.038883423308531444}
{"fit": "constant-1202", "epoch": 20, "train_loss": 0.038295263879828983}
{"fit": "constant-1202", "epoch": 21, "train_loss": 0.037728724628686906}
{"fit": "constant-1202", "epoch": 22, "train_loss": 0.037156865662998625}
{"fit": "constant-1202", "epoch": 23, "train_loss": 0.036608719577391945}
{"fit": "constant-1202", "epoch": 24, "train_loss": 0.03607099163863394}
{"fit": "constant-1202", "epoch": 25, "train_loss": 0.035550500866439606}
{"fit": "constant-1202", "epoch": 26, "train_loss": 0.03503518862028917}
{"fit": "constant-1202", "epoch": 27, "train_loss": 0.03453714475035667}
{"fit": "constant-1202", "epoch": 28, "train_loss": 0.03404574832982487}
{"fit": "constant-1202", "epoch": 29, "train_loss": 0.03356341620286306}
{"fit": "constant-1202", "epoch": 30, "train_loss": 0.033095065587096746}
{"fit": "summary-1202", "epoch": 1, "train_loss": 0.051054719587167105}
{"fit": "summary-1202", "epoch": 2, "train_loss": 0.04641939281589455}
{"fit": "summary-1202", "epoch": 3, "train_loss": 0.0384301517986589}
{"fit": "summary-1202", "epoch": 4, "train_loss": 0.028826835337612364}
{"fit": "summary-1202", "epoch": 5, "train_loss": 0.02136819652385182}
{"fit": "summary-1202", "epoch": 6, "train_loss": 0.017095188423991204}
{"fit": "summary-1202", "epoch": 7, "train_loss": 0.014967986734377013}
{"fit": "summary-1202", "epoch": 8, "train_loss": 0.013887467690640025}
{"fit": "summary-1202", "epoch": 9, "train_loss": 0.013222109526395798}
{"fit": "summary-1202", "epoch": 10, "train_loss": 0.012798100399474302}
{"fit": "summary-1202", "epoch": 11, "train_loss": 0.012496749870479107}
{"fit": "summary-1202", "epoch": 12, "train_loss": 0.01228426562415229}
{"fit": "summary-1202", "epoch": 13, "train_loss": 0.012119269246856372}
{"fit": "summary-1202", "epoch": 14, "train_loss": 0.011990014877584245}
{"fit": "summary-1202", "epoch": 15, "train_loss": 0.011885903320378727}
{"fit": "summary-1202", "epoch": 16, "train_loss": 0.011801936498118771}
{"fit": "summary-1202", "epoch": 17, "train_loss": 0.011728791726960076}
{"fit": "summary-1202", "epoch": 18, "train_loss": 0.011667299643158912}
{"fit": "summary-1202", "epoch": 19, "train_loss": 0.011617228181825744}
{"fit": "summary-1202", "epoch": 20, "train_loss": 0.011571498587727547}
{"fit": "summary-1202", "epoch": 21, "train_loss": 0.01153483007931047}
{"fit": "summary-1202", "epoch": 22, "train_loss": 0.011501677924146254}
{"fit": "summary-1202", "epoch": 23, "train_loss": 0.011472897024618255}
{"fit": "summary-1202", "epoch": 24, "train_loss": 0.011447120954593023}
{"fit": "summary-1202", "epoch": 25, "train_loss": 0.011425250768661499}
{"fit": "summary-1202", "epoch": 26, "train_loss": 0.01140382265051206}
{"fit": "summary-1202", "epoch": 27, "train_loss": 0.011385667531026735}
{"fit": "summary-1202", "epoch": 28, "train_loss": 0.011368827935722138}
{"fit": "summary-1202", "epoch": 29, "train_loss": 0.011353654642071989}
{"fit": "summary-1202", "epoch": 30, "train_loss": 0.011339533887803555}
{"fit": "recurrent-1202", "epoch": 1, "train_loss": 0.05037370489703284}
{"fit": "recurrent-1202", "epoch": 2, "train_loss": 0.04418219245142407}
{"fit": "recurrent-1202", "epoch": 3, "train_loss": 0.03325561218791538}
{"fit": "recurrent-1202", "epoch": 4, "train_loss": 0.02281387820839882}
{"fit": "recurrent-1202", "epoch": 5, "train_loss": 0.01782012337611781}
{"fit": "recurrent-1202", "epoch": 6, "train_loss": 0.015613121373785867}
{"fit": "recurrent-1202", "epoch": 7, "train_loss": 0.014445487120085292}
{"fit": "recurrent-1202", "epoch": 8, "train_loss": 0.013776705207096205}
{"fit": "recurrent-1202", "epoch": 9, "train_loss": 0.013302974982394113}
{"fit": "recurrent-1202", "epoch": 10, "train_loss": 0.012973043612307972}
{"fit": "recurrent-1202", "epoch": 11, "train_loss": 0.01271943094001876}
{"fit": "recurrent-1202", "epoch": 12, "train_loss": 0.012524265775250064}
{"fit": "recurrent-1202", "epoch": 13, "train_loss": 0.012366450991895464}
{"fit": "recurrent-1202", "epoch": 14, "train_loss": 0.01223737680249744}
{"fit": "recurrent-1202", "epoch": 15, "train_loss": 0.012130530137154791}
{"fit": "recurrent-1202", "epoch": 16, "train_loss": 0.012041108268830512}
{"fit": "recurrent-1202", "epoch": 17, "train_loss": 0.011962373823755318}
{"fit": "recurrent-1202", "epoch": 18, "train_loss": 0.01189510120699803}
{"fit": "recurrent-1202", "epoch": 19, "train_loss": 0.011838227013746897}
{"fit": "recurrent-1202", "epoch": 20, "train_loss": 0.011786118232541614}
{"fit": "recurrent-1202", "epoch": 21, "train_loss": 0.011741370086868604}
{"fit": "recurrent-1202", "epoch": 22, "train_loss": 0.011700132033891149}
{"fit": "recurrent-1202", "epoch": 23, "train_loss": 0.01166401319205761}
{"fit": "recurrent-1202", "epoch": 24, "train_loss": 0.011630279777778519}
{"fit": "recurrent-1202", "epoch": 25, "train_loss": 0.011601991661720806}
{"fit": "recurrent-1202", "epoch": 26, "train_loss": 0.011573992297053337}
{"fit": "recurrent-1202", "epoch": 27, "train_loss": 0.011549534731441075}
{"fit": "recurrent-1202", "epoch": 28, "train_loss": 0.011527024830381075}
{"fit": "recurrent-1202", "epoch": 29, "train_loss": 0.011506165895197127}
{"fit": "recurrent-1202", "epoch": 30, "train_loss": 0.0114867996217476}
{"fit": "constant-1303", "epoch": 1, "train_loss": 0.04733663561443488}
{"fit": "constant-1303", "epoch": 2, "train_loss": 0.04659596052434709}
{"fit": "constant-1303", "epoch": 3, "train_loss": 0.04587259938319524}
{"fit": "constant-1303", "epoch": 4, "train_loss": 0.04515713941719797}
{"fit": "constant-1303", "epoch": 5, "train_loss": 0.04444386710723241}
{"fit": "constant-1303", "epoch": 6, "train_loss": 0.04375315283735593}
{"fit": "constant-1303", "epoch": 7, "train_loss": 0.043064157250854704}
{"fit": "constant-1303", "epoch": 8, "train_loss": 0.04239601617058118}
{"fit": "constant-1303", "epoch": 9, "train_loss": 0.04174211439159181}
{"fit": "constant-1303", "epoch": 10, "train_loss": 0.04109867008195983}
{"fit": "constant-1303", "epoch": 11, "train_loss": 0.040464586267868675}
{"fit": "constant-1303", "epoch": 12, "train_loss": 0.03984770021504826}
{"fit": "constant-1303", "epoch": 13, "train_loss": 0.03924341193503804}
{"fit": "constant-1303", "epoch": 14, "train_loss": 0.03864394533965323}
{"fit": "constant-1303", "epoch": 15, "train_loss": 0.0380715431438552}
{"fit": "constant-1303", "epoch": 16, "train_loss": 0.03749329547087352}
{"fit": "constant-1303", "epoch": 17, "train_loss": 0.036932362284925246}
{"fit": "constant-1303", "epoch": 18, "train_loss": 0.03638582709762785}
{"fit": "constant-1303", "epoch": 19, "train_loss": 0.03585441377427843}
{"fit": "constant-1303", "epoch": 20, "train_loss": 0.03533335808250639}
{"fit": "constant-1303", "epoch": 21, "train_loss": 0.03482885203427739}
{"fit": "constant-1303", "epoch": 22, "train_loss": 0.03433168186909623}
{"fit": "constant-1303", "epoch": 23, "train_loss": 0.033846610908706984}
{"fit": "constant-1303", "epoch": 24, "train_loss": 0.03336939873794715}
{"fit": "constant-1303", "epoch": 25, "train_loss": 0.032906366967492634}
{"fit": "constant-1303", "epoch": 26, "train_loss": 0.03244854129023022}
{"fit": "constant-1303", "epoch": 27, "train_loss": 0.03200620139638583}
{"fit": "constant-1303", "epoch": 28, "train_loss": 0.031573381854428186}
{"fit": "constant-1303", "epoch": 29, "train_loss": 0.03114824386106597}
{"fit": "constant-1303", "epoch": 30, "train_loss": 0.030730299196309513}
{"fit": "summary-1303", "epoch": 1, "train_loss": 0.0465026717633009}
{"fit": "summary-1303", "epoch": 2, "train_loss": 0.04148623065816032}
{"fit": "summary-1303", "epoch": 3, "train_loss": 0.033622384981976616}
{"fit": "summary-1303", "epoch": 4, "train_loss": 0.025157180925210316}
{"fit": "summary-1303", "epoch": 5, "train_loss": 0.01911000365184413}
{"fit": "summary-1303", "epoch": 6, "train_loss": 0.016028056479990484}
{"fit": "summary-1303", "epoch": 7, "train_loss": 0.014453683669368425}
{"fit": "summary-1303", "epoch": 8, "train_loss": 0.013653263904982144}
{"fit": "summary-1303", "epoch": 9, "train_loss": 0.013157534143990941}
{"fit": "summary-1303", "epoch": 10, "train_loss": 0.012832120329969459}
{"fit": "summary-1303", "epoch": 11, "train_loss": 0.012604219031830628}
{"fit": "summary-1303", "epoch": 12, "train_loss": 0.012431468276513948}
{"fit": "summary-1303", "epoch": 13, "train_loss": 0.012298120765222444}
{"fit": "summary-1303", "epoch": 14, "train_loss": 0.012194054159853194}
{"fit": "summary-1303", "epoch": 15, "train_loss": 0.012116069801979594}
{"fit": "summary-1303", "epoch": 16, "train_loss": 0.012050148078964816}
{"fit": "summary-1303", "epoch": 17, "train_loss": 0.011996259022918012}
{"fit": "summary-1303", "epoch": 18, "train_loss": 0.011950179789629247}
{"fit": "summary-1303", "epoch": 19, "train_loss": 0.011913251938919227}
{"fit": "summary-1303", "epoch": 20, "train_loss": 0.011879398922125499}
{"fit": "summary-1303", "epoch": 21, "train_loss": 0.011850743699404928}
{"fit": "summary-1303", "epoch": 22, "train_loss": 0.011824885590208901}
{"fit": "summary-1303", "epoch": 23, "train_loss": 0.011802911737726794}
{"fit": "summary-1303", "epoch": 24, "train_loss": 0.011783018811709352}
{"fit": "summary-1303", "epoch": 25, "train_loss": 0.011765245927704705}
{"fit": "summary-1303", "epoch": 26, "train_loss": 0.011749151224891344}
{"fit": "summary-1303", "epoch": 27, "train_loss": 0.011734547466039658}
{"fit": "summary-1303", "epoch": 28, "train_loss": 0.011721616259051694}
{"fit": "summary-1303", "epoch": 29, "train_loss": 0.011709460202190611}
{"fit": "summary-1303", "epoch": 30, "train_loss": 0.011698576021525594}
{"fit": "recurrent-1303", "epoch": 1, "train_loss": 0.046292627975344655}
{"fit": "recurrent-1303", "epoch": 2, "train_loss": 0.040745635661813946}
{"fit": "recurrent-1303", "epoch": 3, "train_loss": 0.030023293776644602}
{"fit": "recurrent-1303", "epoch": 4, "train_loss": 0.020531866285536025}
{"fit": "recurrent-1303", "epoch": 5, "train_loss": 0.016712938994169237}
{"fit": "recurrent-1303", "epoch": 6, "train_loss": 0.015103485497335593}
{"fit": "recurrent-1303", "epoch": 7, "train_loss": 0.014215478859841823}
{"fit": "recurrent-1303", "epoch": 8, "train_loss": 0.013682064331240125}
{"fit": "recurrent-1303", "epoch": 9, "train_loss": 0.01330965951912933}
{"fit": "recurrent-1303", "epoch": 10, "train_loss": 0.01304241656843159}
{"fit": "recurrent-1303", "epoch": 11, "train_loss": 0.01283893920481205}
{"fit": "recurrent-1303", "epoch": 12, "train_loss": 0.012678390534387695}
{"fit": "recurrent-1303", "epoch": 13, "train_loss": 0.012550272709793515}
{"fit": "recurrent-1303", "epoch": 14, "train_loss": 0.012443170841369365}
{"fit": "recurrent-1303", "epoch": 15, "train_loss": 0.01235713300605615}
{"fit": "recurrent-1303", "epoch": 16, "train_loss": 0.012281085385216607}
{"fit": "recurrent-1303", "epoch": 17, "train_loss": 0.012218223615652985}
{"fit": "recurrent-1303", "epoch": 18, "train_loss": 0.01216182592842314}
{"fit": "recurrent-1303", "epoch": 19, "train_loss": 0.012114696390926837}
{"fit": "recurrent-1303", "epoch": 20, "train_loss": 0.012071594575213061}
{"fit": "recurrent-1303", "epoch": 21, "train_loss": 0.01203486824201213}
{"fit": "recurrent-1303", "epoch": 22, "train_loss": 0.012001118126014869}
{"fit": "recurrent-1303", "epoch": 23, "train_loss": 0.011971503744522731}
{"fit": "recurrent-1303", "epoch": 24, "train_loss": 0.011944715119898319}
{"fit": "recurrent-1303", "epoch": 25, "train_loss": 0.011920079319841332}
{"fit": "recurrent-1303", "epoch": 26, "train_loss": 0.011897597275674344}
{"fit": "recurrent-1303", "epoch": 27, "train_loss": 0.011877263233893447}
{"fit": "recurrent-1303", "epoch": 28, "train_loss": 0.01185891456488106}
{"fit": "recurrent-1303", "epoch": 29, "train_loss": 0.01184151650716861}
{"fit": "recurrent-1303", "epoch": 30, "train_loss": 0.011825445998046134}
{"row": "test_sin-fast-1101", "metrics": {"position_rmse_m": 0.0209429867554254, "rotation_rmse_rad": 0.028513436191881337, "composite": 0.12516247377064119, "rotation_orthogonality_max": 9.5367431640625e-07, "rotation_determinant_max_error": 8.344650268554688e-07}}
{"row": "test_sin-fast-1202", "metrics": {"position_rmse_m": 0.020780525298072516, "rotation_rmse_rad": 0.027335123150354967, "composite": 0.11790391893089036, "rotation_orthogonality_max": 8.940696716308594e-07, "rotation_determinant_max_error": 8.940696716308594e-07}}
{"row": "test_sin-fast-1303", "metrics": {"position_rmse_m": 0.02086304804792016, "rotation_rmse_rad": 0.029185258059249517, "composite": 0.12870460618348137, "rotation_orthogonality_max": 1.1920928955078125e-06, "rotation_determinant_max_error": 7.748603820800781e-07}}
{"row": "test_sin-slow-1101", "metrics": {"position_rmse_m": 0.035886765930002146, "rotation_rmse_rad": 0.10583898361066807, "composite": 1.2489750420654024, "rotation_orthogonality_max": 1.0728836059570312e-06, "rotation_determinant_max_error": 8.344650268554688e-07}}
{"row": "test_sin-slow-1202", "metrics": {"position_rmse_m": 0.03799334680426228, "rotation_rmse_rad": 0.10782721680339688, "composite": 1.30702030849557, "rotation_orthogonality_max": 1.0728836059570312e-06, "rotation_determinant_max_error": 7.152557373046875e-07}}
{"row": "test_sin-slow-1303", "metrics": {"position_rmse_m": 0.03365266486883406, "rotation_rmse_rad": 0.10642947895669772, "composite": 1.2459735843768218, "rotation_orthogonality_max": 1.0132789611816406e-06, "rotation_determinant_max_error": 8.344650268554688e-07}}
{"row": "test_sin-position_fast-1101", "metrics": {"position_rmse_m": 0.0209429867554254, "rotation_rmse_rad": 0.10583898361066807, "composite": 1.1640499145977186, "rotation_orthogonality_max": 1.0728836059570312e-06, "rotation_determinant_max_error": 8.344650268554688e-07}}
{"row": "test_sin-position_fast-1202", "metrics": {"position_rmse_m": 0.020780525298072516, "rotation_rmse_rad": 0.10782721680339688, "composite": 1.2058538915230583, "rotation_orthogonality_max": 1.0728836059570312e-06, "rotation_determinant_max_error": 7.152557373046875e-07}}
{"row": "test_sin-position_fast-1303", "metrics": {"position_rmse_m": 0.02086304804792016, "rotation_rmse_rad": 0.10642947895669772, "composite": 1.1762500764843988, "rotation_orthogonality_max": 1.0132789611816406e-06, "rotation_determinant_max_error": 8.344650268554688e-07}}
{"row": "test_sin-position_slow-1101", "metrics": {"position_rmse_m": 0.035886765930002146, "rotation_rmse_rad": 0.028513436191881337, "composite": 0.210087601238325, "rotation_orthogonality_max": 9.5367431640625e-07, "rotation_determinant_max_error": 8.344650268554688e-07}}
{"row": "test_sin-position_slow-1202", "metrics": {"position_rmse_m": 0.03799334680426228, "rotation_rmse_rad": 0.027335123150354967, "composite": 0.21907033590340186, "rotation_orthogonality_max": 8.940696716308594e-07, "rotation_determinant_max_error": 8.940696716308594e-07}}
{"row": "test_sin-position_slow-1303", "metrics": {"position_rmse_m": 0.03365266486883406, "rotation_rmse_rad": 0.029185258059249517, "composite": 0.19842811407590466, "rotation_orthogonality_max": 1.1920928955078125e-06, "rotation_determinant_max_error": 7.748603820800781e-07}}
{"row": "test_sin-half-1101", "metrics": {"position_rmse_m": 0.022543050162424794, "rotation_rmse_rad": 0.0580864490589512, "composite": 0.38822246749037326, "rotation_orthogonality_max": 1.1920928955078125e-06, "rotation_determinant_max_error": 9.5367431640625e-07}}
{"row": "test_sin-half-1202", "metrics": {"position_rmse_m": 0.023612819936743273, "rotation_rmse_rad": 0.05858960913154919, "composite": 0.3990307563552771, "rotation_orthogonality_max": 1.0728836059570312e-06, "rotation_determinant_max_error": 8.344650268554688e-07}}
{"row": "test_sin-half-1303", "metrics": {"position_rmse_m": 0.022157911103793893, "rotation_rmse_rad": 0.058412201095608504, "composite": 0.3902958261317439, "rotation_orthogonality_max": 1.0728836059570312e-06, "rotation_determinant_max_error": 9.5367431640625e-07}}
{"row": "test_sin-constant-1101", "metrics": {"position_rmse_m": 0.025765144416688514, "rotation_rmse_rad": 0.07169327588363741, "composite": 0.580376847374016, "rotation_orthogonality_max": 1.0728836059570312e-06, "rotation_determinant_max_error": 9.5367431640625e-07}}
{"row": "test_sin-constant-1202", "metrics": {"position_rmse_m": 0.0272384211690918, "rotation_rmse_rad": 0.07268828991845103, "composite": 0.6025519079053616, "rotation_orthogonality_max": 1.0728836059570312e-06, "rotation_determinant_max_error": 8.344650268554688e-07}}
{"row": "test_sin-constant-1303", "metrics": {"position_rmse_m": 0.02490499762929958, "rotation_rmse_rad": 0.07207768094022834, "composite": 0.5815450996636773, "rotation_orthogonality_max": 1.0728836059570312e-06, "rotation_determinant_max_error": 8.344650268554688e-07}}
{"row": "test_sin-summary-1101", "metrics": {"position_rmse_m": 0.03452377084400832, "rotation_rmse_rad": 0.10347135023917368, "composite": 1.1898211073607345, "rotation_orthogonality_max": 1.1920928955078125e-06, "rotation_determinant_max_error": 9.5367431640625e-07}}
{"row": "test_sin-summary-1202", "metrics": {"position_rmse_m": 0.03726073949801443, "rotation_rmse_rad": 0.10569007759755837, "composite": 1.25587552105168, "rotation_orthogonality_max": 1.1920928955078125e-06, "rotation_determinant_max_error": 8.344650268554688e-07}}
{"row": "test_sin-summary-1303", "metrics": {"position_rmse_m": 0.03278698560655745, "rotation_rmse_rad": 0.10368532385072554, "composite": 1.1825632807194437, "rotation_orthogonality_max": 1.0728836059570312e-06, "rotation_determinant_max_error": 8.344650268554688e-07}}
{"row": "test_sin-recurrent-1101", "metrics": {"position_rmse_m": 0.034489067379067366, "rotation_rmse_rad": 0.10320296851858979, "composite": 1.1840348479726883, "rotation_orthogonality_max": 1.1920928955078125e-06, "rotation_determinant_max_error": 1.0728836059570312e-06}}
{"row": "test_sin-recurrent-1202", "metrics": {"position_rmse_m": 0.03717629503192538, "rotation_rmse_rad": 0.10552845421240263, "composite": 1.2518331560759917, "rotation_orthogonality_max": 1.0728836059570312e-06, "rotation_determinant_max_error": 8.344650268554688e-07}}
{"row": "test_sin-recurrent-1303", "metrics": {"position_rmse_m": 0.03292139061722875, "rotation_rmse_rad": 0.10409737902505808, "composite": 1.1920082280058755, "rotation_orthogonality_max": 1.0728836059570312e-06, "rotation_determinant_max_error": 8.344650268554688e-07}}
{"row": "test_zigzag-fast-1101", "metrics": {"position_rmse_m": 0.06109795905101082, "rotation_rmse_rad": 0.1371027874532321, "composite": 2.253013492764512, "rotation_orthogonality_max": 9.5367431640625e-07, "rotation_determinant_max_error": 7.152557373046875e-07}}
{"row": "test_zigzag-fast-1202", "metrics": {"position_rmse_m": 0.061129468681929526, "rotation_rmse_rad": 0.13769376442036943, "composite": 2.269638470158719, "rotation_orthogonality_max": 9.5367431640625e-07, "rotation_determinant_max_error": 7.152557373046875e-07}}
{"row": "test_zigzag-fast-1303", "metrics": {"position_rmse_m": 0.061645961526155396, "rotation_rmse_rad": 0.13359392990615962, "composite": 2.1647562680256116, "rotation_orthogonality_max": 8.940696716308594e-07, "rotation_determinant_max_error": 7.152557373046875e-07}}
{"row": "test_zigzag-slow-1101", "metrics": {"position_rmse_m": 0.06787754611535261, "rotation_rmse_rad": 0.08978564157277286, "composite": 1.2668822699276254, "rotation_orthogonality_max": 8.344650268554688e-07, "rotation_determinant_max_error": 6.556510925292969e-07}}
{"row": "test_zigzag-slow-1202", "metrics": {"position_rmse_m": 0.06849353769478662, "rotation_rmse_rad": 0.09245252023576743, "composite": 1.323883320389214, "rotation_orthogonality_max": 1.0728836059570312e-06, "rotation_determinant_max_error": 8.344650268554688e-07}}
{"row": "test_zigzag-slow-1303", "metrics": {"position_rmse_m": 0.06761850328461538, "rotation_rmse_rad": 0.09032257903326557, "composite": 1.2730430269672042, "rotation_orthogonality_max": 9.5367431640625e-07, "rotation_determinant_max_error": 7.152557373046875e-07}}
{"row": "test_zigzag-position_fast-1101", "metrics": {"position_rmse_m": 0.06109795905101082, "rotation_rmse_rad": 0.08978564157277286, "composite": 1.1794422032833431, "rotation_orthogonality_max": 8.344650268554688e-07, "rotation_determinant_max_error": 6.556510925292969e-07}}
{"row": "test_zigzag-position_fast-1202", "metrics": {"position_rmse_m": 0.061129468681929526, "rotation_rmse_rad": 0.09245252023576743, "composite": 1.2284280439279986, "rotation_orthogonality_max": 1.0728836059570312e-06, "rotation_determinant_max_error": 8.344650268554688e-07}}
{"row": "test_zigzag-position_fast-1303", "metrics": {"position_rmse_m": 0.061645961526155396, "rotation_rmse_rad": 0.09032257903326557, "composite": 1.1958392855704736, "rotation_orthogonality_max": 9.5367431640625e-07, "rotation_determinant_max_error": 7.152557373046875e-07}}
{"row": "test_zigzag-position_slow-1101", "metrics": {"position_rmse_m": 0.06787754611535261, "rotation_rmse_rad": 0.1371027874532321, "composite": 2.3404535594087945, "rotation_orthogonality_max": 9.5367431640625e-07, "rotation_determinant_max_error": 7.152557373046875e-07}}
{"row": "test_zigzag-position_slow-1202", "metrics": {"position_rmse_m": 0.06849353769478662, "rotation_rmse_rad": 0.13769376442036943, "composite": 2.3650937466199347, "rotation_orthogonality_max": 9.5367431640625e-07, "rotation_determinant_max_error": 7.152557373046875e-07}}
{"row": "test_zigzag-position_slow-1303", "metrics": {"position_rmse_m": 0.06761850328461538, "rotation_rmse_rad": 0.13359392990615962, "composite": 2.241960009422342, "rotation_orthogonality_max": 8.940696716308594e-07, "rotation_determinant_max_error": 7.152557373046875e-07}}
{"row": "test_zigzag-half-1101", "metrics": {"position_rmse_m": 0.05635064314756012, "rotation_rmse_rad": 0.10426714318443152, "composite": 1.4047032130986408, "rotation_orthogonality_max": 1.0728836059570312e-06, "rotation_determinant_max_error": 7.152557373046875e-07}}
{"row": "test_zigzag-half-1202", "metrics": {"position_rmse_m": 0.05668383666885407, "rotation_rmse_rad": 0.10578592491743118, "composite": 1.4403719250137708, "rotation_orthogonality_max": 1.0728836059570312e-06, "rotation_determinant_max_error": 8.344650268554688e-07}}
{"row": "test_zigzag-half-1303", "metrics": {"position_rmse_m": 0.05649704137638004, "rotation_rmse_rad": 0.103099591282016, "composite": 1.3821441406803145, "rotation_orthogonality_max": 9.5367431640625e-07, "rotation_determinant_max_error": 7.152557373046875e-07}}
{"row": "test_zigzag-constant-1101", "metrics": {"position_rmse_m": 0.05822468522240382, "rotation_rmse_rad": 0.09751004660646226, "composite": 1.289832315844245, "rotation_orthogonality_max": 9.5367431640625e-07, "rotation_determinant_max_error": 7.152557373046875e-07}}
{"row": "test_zigzag-constant-1202", "metrics": {"position_rmse_m": 0.05868560873981839, "rotation_rmse_rad": 0.09937075657645388, "composite": 1.3318547935739895, "rotation_orthogonality_max": 1.0728836059570312e-06, "rotation_determinant_max_error": 8.940696716308594e-07}}
{"row": "test_zigzag-constant-1303", "metrics": {"position_rmse_m": 0.058258915159856345, "rotation_rmse_rad": 0.09697599368513171, "composite": 1.2798444546822043, "rotation_orthogonality_max": 9.5367431640625e-07, "rotation_determinant_max_error": 8.344650268554688e-07}}
{"row": "test_zigzag-summary-1101", "metrics": {"position_rmse_m": 0.06610492572364908, "rotation_rmse_rad": 0.08979387882227066, "composite": 1.243280187887779, "rotation_orthogonality_max": 9.5367431640625e-07, "rotation_determinant_max_error": 7.152557373046875e-07}}
{"row": "test_zigzag-summary-1202", "metrics": {"position_rmse_m": 0.06742896888934828, "rotation_rmse_rad": 0.09210294316528295, "composite": 1.3029617985188038, "rotation_orthogonality_max": 1.0728836059570312e-06, "rotation_determinant_max_error": 8.344650268554688e-07}}
{"row": "test_zigzag-summary-1303", "metrics": {"position_rmse_m": 0.06684598662955162, "rotation_rmse_rad": 0.09021062098912119, "composite": 1.2606342067721064, "rotation_orthogonality_max": 9.5367431640625e-07, "rotation_determinant_max_error": 8.344650268554688e-07}}
{"row": "test_zigzag-recurrent-1101", "metrics": {"position_rmse_m": 0.06631890153176112, "rotation_rmse_rad": 0.0899042783032747, "composite": 1.2480975957612095, "rotation_orthogonality_max": 1.0728836059570312e-06, "rotation_determinant_max_error": 6.556510925292969e-07}}
{"row": "test_zigzag-recurrent-1202", "metrics": {"position_rmse_m": 0.06761137712491742, "rotation_rmse_rad": 0.09250088102120406, "composite": 1.3127711306426753, "rotation_orthogonality_max": 1.0728836059570312e-06, "rotation_determinant_max_error": 8.344650268554688e-07}}
{"row": "test_zigzag-recurrent-1303", "metrics": {"position_rmse_m": 0.06670229815584106, "rotation_rmse_rad": 0.09037766734689762, "composite": 1.2617319334337198, "rotation_orthogonality_max": 9.5367431640625e-07, "rotation_determinant_max_error": 8.344650268554688e-07}}
{"completed": "output/pose-coordination-v1/experiment-01/run-01", "wall_seconds": 18.589654499897733}
