{"completed_episodes": 6, "native_steps": 2238}
{"completed_episodes": 12, "native_steps": 6640}
{"completed_episodes": 18, "native_steps": 6820}
{"completed_episodes": 24, "native_steps": 13410}
{"completed_episodes": 30, "native_steps": 13422}
{"completed_episodes": 36, "native_steps": 20034}
{"completed_episodes": 42, "native_steps": 28872}
{"completed_episodes": 48, "native_steps": 29010}
{"completed_episodes": 54, "native_steps": 29044}
{"completed_episodes": 60, "native_steps": 42172}
{"completed_episodes": 66, "native_steps": 51090}
{"completed_episodes": 72, "native_steps": 52072}
Traceback (most recent call last):
  File "/Users/kevinwu/Documents/research/WikiSkills-RL/OpenJev/scripts/collect_otto_coverage.py", line 439, in <module>
    Run(parser.parse_args()).execute()
  File "/Users/kevinwu/Documents/research/WikiSkills-RL/OpenJev/scripts/collect_otto_coverage.py", line 379, in execute
    support = self.prepare_mixture()
              ^^^^^^^^^^^^^^^^^^^^^^
  File "/Users/kevinwu/Documents/research/WikiSkills-RL/OpenJev/scripts/collect_otto_coverage.py", line 321, in prepare_mixture
    items = self.reservoirs[key].finish()
            ^^^^^^^^^^^^^^^^^^^^^^^^^^^^^
  File "/Users/kevinwu/Documents/research/WikiSkills-RL/OpenJev/src/openjev/research/otto_coverage_selection.py", line 130, in finish
    _require(len(self) == self._quota, "insufficient unique candidates for fixed cell quota")
  File "/Users/kevinwu/Documents/research/WikiSkills-RL/OpenJev/src/openjev/research/otto_coverage_selection.py", line 20, in _require
    raise ValueError(message)
ValueError: insufficient unique candidates for fixed cell quota
