Using Python 3.12.13 environment at: .venv-otto-reference
Resolved 42 packages in 483ms
Downloading keras (2.3MiB)
Downloading libclang (24.6MiB)
Downloading tensorboard (5.3MiB)
Downloading tf-keras (1.6MiB)
Downloading grpcio (11.8MiB)
Downloading h5py (2.7MiB)
Downloading numpy (4.8MiB)
Downloading tensorflow (191.3MiB)
 Downloaded tf-keras
 Downloaded keras
 Downloaded h5py
 Downloaded numpy
 Downloaded tensorboard
 Downloaded grpcio
 Downloaded libclang
 Downloaded tensorflow
Prepared 14 packages in 35.67s
Installed 42 packages in 284ms
 + absl-py==2.5.0
 + astunparse==1.6.3
 + certifi==2026.7.22
 + charset-normalizer==3.5.1
 + flatbuffers==25.12.19
 + gast==0.7.0
 + google-pasta==0.2.0
 + grpcio==1.84.0
 + h5py==3.14.0
 + idna==3.20
 + iniconfig==2.3.0
 + keras==3.15.1
 + libclang==18.1.1
 + markdown==3.10.3
 + markdown-it-py==4.2.0
 + markupsafe==3.0.3
 + mdurl==0.1.2
 + ml-dtypes==0.6.0
 + namex==0.1.0
 + numpy==2.2.6
 + opt-einsum==3.4.0
 + optree==0.20.0
 + packaging==26.3
 + pillow==12.3.0
 + pluggy==1.6.0
 + protobuf==7.36.2
 + pygments==2.21.0
 + pytest==8.4.2
 + requests==2.34.2
 + rich==15.0.0
 + setuptools==84.0.0
 + six==1.17.0
 + tensorboard==2.20.0
 + tensorboard-data-server==0.7.2
 + tensorflow==2.20.0
 + termcolor==3.3.0
 + tf-keras==2.20.0
 + typing-extensions==4.16.0
 + urllib3==2.8.0
 + werkzeug==3.1.8
 + wheel==0.48.0
 + wrapt==2.4.1
warning: `tf-keras==2.20.0` is yanked
