{"fit": "meta-1101", "epoch": 1, "train_loss": 0.6471751981311374}
{"fit": "meta-1101", "epoch": 2, "train_loss": 0.38943338923984105}
{"fit": "meta-1101", "epoch": 3, "train_loss": 0.313830210102929}
{"fit": "meta-1101", "epoch": 4, "train_loss": 0.2781558712323507}
{"fit": "meta-1101", "epoch": 5, "train_loss": 0.24851169188817343}
{"fit": "meta-1101", "epoch": 6, "train_loss": 0.22564008931318918}
{"fit": "meta-1101", "epoch": 7, "train_loss": 0.20756599770651923}
{"fit": "meta-1101", "epoch": 8, "train_loss": 0.19141675564977859}
{"fit": "meta-1101", "epoch": 9, "train_loss": 0.17943705684608882}
{"fit": "meta-1101", "epoch": 10, "train_loss": 0.1671161128415002}
{"fit": "meta-1101", "epoch": 11, "train_loss": 0.15787994861602783}
{"fit": "meta-1101", "epoch": 12, "train_loss": 0.1492752277188831}
{"fit": "meta-1101", "epoch": 13, "train_loss": 0.14073029822773403}
{"fit": "meta-1101", "epoch": 14, "train_loss": 0.133780985739496}
{"fit": "meta-1101", "epoch": 15, "train_loss": 0.12924716340170966}
{"fit": "meta-1101", "epoch": 16, "train_loss": 0.12241984142197503}
{"fit": "meta-1101", "epoch": 17, "train_loss": 0.11836336967017916}
{"fit": "meta-1101", "epoch": 18, "train_loss": 0.11554414298799302}
{"fit": "meta-1101", "epoch": 19, "train_loss": 0.11066492729716831}
{"fit": "meta-1101", "epoch": 20, "train_loss": 0.10712749775913026}
{"fit": "meta-1101", "epoch": 21, "train_loss": 0.10233029822508494}
{"fit": "meta-1101", "epoch": 22, "train_loss": 0.0989714331097073}
{"fit": "meta-1101", "epoch": 23, "train_loss": 0.09728602899445428}
{"fit": "meta-1101", "epoch": 24, "train_loss": 0.09572010172737969}
{"fit": "meta-1101", "epoch": 25, "train_loss": 0.09064660320679346}
{"fit": "meta-1101", "epoch": 26, "train_loss": 0.08935273206896252}
{"fit": "meta-1101", "epoch": 27, "train_loss": 0.08464058604505327}
{"fit": "meta-1101", "epoch": 28, "train_loss": 0.08104095061620077}
{"fit": "meta-1101", "epoch": 29, "train_loss": 0.07744495785898632}
{"fit": "meta-1101", "epoch": 30, "train_loss": 0.07665578954749637}
{"fit": "static-1101", "epoch": 1, "train_loss": 1.5546257416407268}
{"fit": "static-1101", "epoch": 2, "train_loss": 1.3500961171256172}
{"fit": "static-1101", "epoch": 3, "train_loss": 1.1588097201453316}
{"fit": "static-1101", "epoch": 4, "train_loss": 0.9863329543007745}
{"fit": "static-1101", "epoch": 5, "train_loss": 0.829875734117296}
{"fit": "static-1101", "epoch": 6, "train_loss": 0.6898730966779921}
{"fit": "static-1101", "epoch": 7, "train_loss": 0.5646126733885871}
{"fit": "static-1101", "epoch": 8, "train_loss": 0.4569374554687076}
{"fit": "static-1101", "epoch": 9, "train_loss": 0.36728577415148417}
{"fit": "static-1101", "epoch": 10, "train_loss": 0.29792414241366916}
{"fit": "static-1101", "epoch": 11, "train_loss": 0.246620327896542}
{"fit": "static-1101", "epoch": 12, "train_loss": 0.2072926465007994}
{"fit": "static-1101", "epoch": 13, "train_loss": 0.17846575842963325}
{"fit": "static-1101", "epoch": 14, "train_loss": 0.1570434719324112}
{"fit": "static-1101", "epoch": 15, "train_loss": 0.13984112143516542}
{"fit": "static-1101", "epoch": 16, "train_loss": 0.12764585846000248}
{"fit": "static-1101", "epoch": 17, "train_loss": 0.11854329523113039}
{"fit": "static-1101", "epoch": 18, "train_loss": 0.10910559660858578}
{"fit": "static-1101", "epoch": 19, "train_loss": 0.10373400582207573}
{"fit": "static-1101", "epoch": 20, "train_loss": 0.09925627840889825}
{"fit": "static-1101", "epoch": 21, "train_loss": 0.09528762218024996}
{"fit": "static-1101", "epoch": 22, "train_loss": 0.0918236556980345}
{"fit": "static-1101", "epoch": 23, "train_loss": 0.08918367309702767}
{"fit": "static-1101", "epoch": 24, "train_loss": 0.08719266768958833}
{"fit": "static-1101", "epoch": 25, "train_loss": 0.08592740164862739}
{"fit": "static-1101", "epoch": 26, "train_loss": 0.0874484560555882}
{"fit": "static-1101", "epoch": 27, "train_loss": 0.08413207713100646}
{"fit": "static-1101", "epoch": 28, "train_loss": 0.08087519870864021}
{"fit": "static-1101", "epoch": 29, "train_loss": 0.07933114667733511}
{"fit": "static-1101", "epoch": 30, "train_loss": 0.0769947539601061}
{"fit": "public-1101", "epoch": 1, "train_loss": 0.8808123323652479}
{"fit": "public-1101", "epoch": 2, "train_loss": 0.8288490878211128}
{"fit": "public-1101", "epoch": 3, "train_loss": 0.7824805021286011}
{"fit": "public-1101", "epoch": 4, "train_loss": 0.7428811854786344}
{"fit": "public-1101", "epoch": 5, "train_loss": 0.7075919217533535}
{"fit": "public-1101", "epoch": 6, "train_loss": 0.6773154960738288}
{"fit": "public-1101", "epoch": 7, "train_loss": 0.6505650692515903}
{"fit": "public-1101", "epoch": 8, "train_loss": 0.6275643136766221}
{"fit": "public-1101", "epoch": 9, "train_loss": 0.6073578423923917}
{"fit": "public-1101", "epoch": 10, "train_loss": 0.5902111278639899}
{"fit": "public-1101", "epoch": 11, "train_loss": 0.5755512966050043}
{"fit": "public-1101", "epoch": 12, "train_loss": 0.5624698665406969}
{"fit": "public-1101", "epoch": 13, "train_loss": 0.5514367441336314}
{"fit": "public-1101", "epoch": 14, "train_loss": 0.541353338294559}
{"fit": "public-1101", "epoch": 15, "train_loss": 0.5327795849906074}
{"fit": "public-1101", "epoch": 16, "train_loss": 0.5247343805101182}
{"fit": "public-1101", "epoch": 17, "train_loss": 0.517824113368988}
{"fit": "public-1101", "epoch": 18, "train_loss": 0.5111763848198785}
{"fit": "public-1101", "epoch": 19, "train_loss": 0.5053294983175066}
{"fit": "public-1101", "epoch": 20, "train_loss": 0.5000174707836575}
{"fit": "public-1101", "epoch": 21, "train_loss": 0.4949277487066057}
{"fit": "public-1101", "epoch": 22, "train_loss": 0.49013319942686295}
{"fit": "public-1101", "epoch": 23, "train_loss": 0.4854687902662489}
{"fit": "public-1101", "epoch": 24, "train_loss": 0.4812509430779351}
{"fit": "public-1101", "epoch": 25, "train_loss": 0.4769533461994595}
{"fit": "public-1101", "epoch": 26, "train_loss": 0.4728988806406657}
{"fit": "public-1101", "epoch": 27, "train_loss": 0.4691075007120768}
{"fit": "public-1101", "epoch": 28, "train_loss": 0.4651567631297641}
{"fit": "public-1101", "epoch": 29, "train_loss": 0.4614978896247016}
{"fit": "public-1101", "epoch": 30, "train_loss": 0.45792015261120267}
{"fit": "gru-1101", "epoch": 1, "train_loss": 1.0751145660877228}
{"fit": "gru-1101", "epoch": 2, "train_loss": 0.37735985385047066}
{"fit": "gru-1101", "epoch": 3, "train_loss": 0.19669440935055416}
{"fit": "gru-1101", "epoch": 4, "train_loss": 0.08313597217202187}
{"fit": "gru-1101", "epoch": 5, "train_loss": 0.07257850468158722}
{"fit": "gru-1101", "epoch": 6, "train_loss": 0.06823681526713901}
{"fit": "gru-1101", "epoch": 7, "train_loss": 0.06373641060458289}
{"fit": "gru-1101", "epoch": 8, "train_loss": 0.060120377275678843}
{"fit": "gru-1101", "epoch": 9, "train_loss": 0.05606483891606331}
{"fit": "gru-1101", "epoch": 10, "train_loss": 0.05270933459202449}
{"fit": "gru-1101", "epoch": 11, "train_loss": 0.048602552794747886}
{"fit": "gru-1101", "epoch": 12, "train_loss": 0.045905026462343006}
{"fit": "gru-1101", "epoch": 13, "train_loss": 0.042078404294119943}
{"fit": "gru-1101", "epoch": 14, "train_loss": 0.03863370319207509}
{"fit": "gru-1101", "epoch": 15, "train_loss": 0.03490293158425225}
{"fit": "gru-1101", "epoch": 16, "train_loss": 0.032933933784564336}
{"fit": "gru-1101", "epoch": 17, "train_loss": 0.030101556330919266}
{"fit": "gru-1101", "epoch": 18, "train_loss": 0.02817530230515533}
{"fit": "gru-1101", "epoch": 19, "train_loss": 0.02608773609002431}
{"fit": "gru-1101", "epoch": 20, "train_loss": 0.02390718087553978}
{"fit": "gru-1101", "epoch": 21, "train_loss": 0.023634611194332442}
{"fit": "gru-1101", "epoch": 22, "train_loss": 0.021968471507231396}
{"fit": "gru-1101", "epoch": 23, "train_loss": 0.019698989225758447}
{"fit": "gru-1101", "epoch": 24, "train_loss": 0.0177671254095104}
{"fit": "gru-1101", "epoch": 25, "train_loss": 0.017347067408263684}
{"fit": "gru-1101", "epoch": 26, "train_loss": 0.01678804573085573}
{"fit": "gru-1101", "epoch": 27, "train_loss": 0.014808829935888449}
{"fit": "gru-1101", "epoch": 28, "train_loss": 0.014222022849652502}
{"fit": "gru-1101", "epoch": 29, "train_loss": 0.013187354492644469}
{"fit": "gru-1101", "epoch": 30, "train_loss": 0.01241470364232858}
{"fit": "meta-1202", "epoch": 1, "train_loss": 0.6805275652143691}
{"fit": "meta-1202", "epoch": 2, "train_loss": 0.3898101604647107}
{"fit": "meta-1202", "epoch": 3, "train_loss": 0.31317110856374103}
{"fit": "meta-1202", "epoch": 4, "train_loss": 0.2735028253661262}
{"fit": "meta-1202", "epoch": 5, "train_loss": 0.24474514524141947}
{"fit": "meta-1202", "epoch": 6, "train_loss": 0.22479677034748924}
{"fit": "meta-1202", "epoch": 7, "train_loss": 0.20767170124583775}
{"fit": "meta-1202", "epoch": 8, "train_loss": 0.19290709528658126}
{"fit": "meta-1202", "epoch": 9, "train_loss": 0.1806149380074607}
{"fit": "meta-1202", "epoch": 10, "train_loss": 0.16841570205158657}
{"fit": "meta-1202", "epoch": 11, "train_loss": 0.1581576312581698}
{"fit": "meta-1202", "epoch": 12, "train_loss": 0.15055547025468613}
{"fit": "meta-1202", "epoch": 13, "train_loss": 0.14454536802238888}
{"fit": "meta-1202", "epoch": 14, "train_loss": 0.13973889234993192}
{"fit": "meta-1202", "epoch": 15, "train_loss": 0.13245551106002595}
{"fit": "meta-1202", "epoch": 16, "train_loss": 0.1260795811812083}
{"fit": "meta-1202", "epoch": 17, "train_loss": 0.12222979168097178}
{"fit": "meta-1202", "epoch": 18, "train_loss": 0.11824044187863668}
{"fit": "meta-1202", "epoch": 19, "train_loss": 0.1137019799815284}
{"fit": "meta-1202", "epoch": 20, "train_loss": 0.11004698889123068}
{"fit": "meta-1202", "epoch": 21, "train_loss": 0.10646843711535135}
{"fit": "meta-1202", "epoch": 22, "train_loss": 0.10224733021524217}
{"fit": "meta-1202", "epoch": 23, "train_loss": 0.0994588123427497}
{"fit": "meta-1202", "epoch": 24, "train_loss": 0.097755775683456}
{"fit": "meta-1202", "epoch": 25, "train_loss": 0.09270693411429723}
{"fit": "meta-1202", "epoch": 26, "train_loss": 0.09032681352562374}
{"fit": "meta-1202", "epoch": 27, "train_loss": 0.08756567223204506}
{"fit": "meta-1202", "epoch": 28, "train_loss": 0.0858754649758339}
{"fit": "meta-1202", "epoch": 29, "train_loss": 0.08695714655849669}
{"fit": "meta-1202", "epoch": 30, "train_loss": 0.08125926289293502}
{"fit": "static-1202", "epoch": 1, "train_loss": 1.5593014717102052}
{"fit": "static-1202", "epoch": 2, "train_loss": 1.352791690826416}
{"fit": "static-1202", "epoch": 3, "train_loss": 1.1605859809451633}
{"fit": "static-1202", "epoch": 4, "train_loss": 0.984243573082818}
{"fit": "static-1202", "epoch": 5, "train_loss": 0.826734807756212}
{"fit": "static-1202", "epoch": 6, "train_loss": 0.684999332163069}
{"fit": "static-1202", "epoch": 7, "train_loss": 0.5602982295884027}
{"fit": "static-1202", "epoch": 8, "train_loss": 0.4534997714890374}
{"fit": "static-1202", "epoch": 9, "train_loss": 0.36399146914482117}
{"fit": "static-1202", "epoch": 10, "train_loss": 0.2927901205089357}
{"fit": "static-1202", "epoch": 11, "train_loss": 0.24026864733960893}
{"fit": "static-1202", "epoch": 12, "train_loss": 0.20165134105417465}
{"fit": "static-1202", "epoch": 13, "train_loss": 0.17260444660981497}
{"fit": "static-1202", "epoch": 14, "train_loss": 0.15171158015727998}
{"fit": "static-1202", "epoch": 15, "train_loss": 0.1341868124074406}
{"fit": "static-1202", "epoch": 16, "train_loss": 0.12303107413980696}
{"fit": "static-1202", "epoch": 17, "train_loss": 0.11364894294076495}
{"fit": "static-1202", "epoch": 18, "train_loss": 0.105891981224219}
{"fit": "static-1202", "epoch": 19, "train_loss": 0.10053388476371765}
{"fit": "static-1202", "epoch": 20, "train_loss": 0.09550272425015767}
{"fit": "static-1202", "epoch": 21, "train_loss": 0.09279930028650496}
{"fit": "static-1202", "epoch": 22, "train_loss": 0.09029004408253563}
{"fit": "static-1202", "epoch": 23, "train_loss": 0.08864808513058556}
{"fit": "static-1202", "epoch": 24, "train_loss": 0.08710515068637001}
{"fit": "static-1202", "epoch": 25, "train_loss": 0.08497900805539554}
{"fit": "static-1202", "epoch": 26, "train_loss": 0.08558464563555188}
{"fit": "static-1202", "epoch": 27, "train_loss": 0.08277564429574542}
{"fit": "static-1202", "epoch": 28, "train_loss": 0.08122062484423319}
{"fit": "static-1202", "epoch": 29, "train_loss": 0.07935364577505323}
{"fit": "static-1202", "epoch": 30, "train_loss": 0.07917263408501943}
{"fit": "public-1202", "epoch": 1, "train_loss": 0.879956207010481}
{"fit": "public-1202", "epoch": 2, "train_loss": 0.8275980591773987}
{"fit": "public-1202", "epoch": 3, "train_loss": 0.7821313407686021}
{"fit": "public-1202", "epoch": 4, "train_loss": 0.7420175539122688}
{"fit": "public-1202", "epoch": 5, "train_loss": 0.7079063442018297}
{"fit": "public-1202", "epoch": 6, "train_loss": 0.6772612690925598}
{"fit": "public-1202", "epoch": 7, "train_loss": 0.6511673675643073}
{"fit": "public-1202", "epoch": 8, "train_loss": 0.6289521866374546}
{"fit": "public-1202", "epoch": 9, "train_loss": 0.6085311611493428}
{"fit": "public-1202", "epoch": 10, "train_loss": 0.5913705852296617}
{"fit": "public-1202", "epoch": 11, "train_loss": 0.5766370766692691}
{"fit": "public-1202", "epoch": 12, "train_loss": 0.5633682356940375}
{"fit": "public-1202", "epoch": 13, "train_loss": 0.5522665646341112}
{"fit": "public-1202", "epoch": 14, "train_loss": 0.5422771990299224}
{"fit": "public-1202", "epoch": 15, "train_loss": 0.53331691092915}
{"fit": "public-1202", "epoch": 16, "train_loss": 0.5255735708607567}
{"fit": "public-1202", "epoch": 17, "train_loss": 0.5183203326331245}
{"fit": "public-1202", "epoch": 18, "train_loss": 0.5119292749298944}
{"fit": "public-1202", "epoch": 19, "train_loss": 0.5058397756682502}
{"fit": "public-1202", "epoch": 20, "train_loss": 0.5003832088576423}
{"fit": "public-1202", "epoch": 21, "train_loss": 0.4952650825182597}
{"fit": "public-1202", "epoch": 22, "train_loss": 0.4904473251766629}
{"fit": "public-1202", "epoch": 23, "train_loss": 0.48587063550949094}
{"fit": "public-1202", "epoch": 24, "train_loss": 0.48161026239395144}
{"fit": "public-1202", "epoch": 25, "train_loss": 0.4773397968875037}
{"fit": "public-1202", "epoch": 26, "train_loss": 0.4732772211233775}
{"fit": "public-1202", "epoch": 27, "train_loss": 0.4694101843569014}
{"fit": "public-1202", "epoch": 28, "train_loss": 0.46563969453175863}
{"fit": "public-1202", "epoch": 29, "train_loss": 0.4618980699115329}
{"fit": "public-1202", "epoch": 30, "train_loss": 0.4582655741108788}
{"fit": "gru-1202", "epoch": 1, "train_loss": 1.1241745856073169}
{"fit": "gru-1202", "epoch": 2, "train_loss": 0.3544363882806566}
{"fit": "gru-1202", "epoch": 3, "train_loss": 0.17836168888542386}
{"fit": "gru-1202", "epoch": 4, "train_loss": 0.08214349117543962}
{"fit": "gru-1202", "epoch": 5, "train_loss": 0.07383568551805285}
{"fit": "gru-1202", "epoch": 6, "train_loss": 0.06779607153601117}
{"fit": "gru-1202", "epoch": 7, "train_loss": 0.06365066203806136}
{"fit": "gru-1202", "epoch": 8, "train_loss": 0.0588666761914889}
{"fit": "gru-1202", "epoch": 9, "train_loss": 0.053755994306670295}
{"fit": "gru-1202", "epoch": 10, "train_loss": 0.05028886687424448}
{"fit": "gru-1202", "epoch": 11, "train_loss": 0.046493451711204316}
{"fit": "gru-1202", "epoch": 12, "train_loss": 0.04351889342069626}
{"fit": "gru-1202", "epoch": 13, "train_loss": 0.04172815937134955}
{"fit": "gru-1202", "epoch": 14, "train_loss": 0.0387149298356639}
{"fit": "gru-1202", "epoch": 15, "train_loss": 0.03497177627351549}
{"fit": "gru-1202", "epoch": 16, "train_loss": 0.03207127538820108}
{"fit": "gru-1202", "epoch": 17, "train_loss": 0.029014187099205124}
{"fit": "gru-1202", "epoch": 18, "train_loss": 0.0271379840042856}
{"fit": "gru-1202", "epoch": 19, "train_loss": 0.02479930842916171}
{"fit": "gru-1202", "epoch": 20, "train_loss": 0.0220048728502459}
{"fit": "gru-1202", "epoch": 21, "train_loss": 0.02104353259007136}
{"fit": "gru-1202", "epoch": 22, "train_loss": 0.0197357682718171}
{"fit": "gru-1202", "epoch": 23, "train_loss": 0.017378429364826944}
{"fit": "gru-1202", "epoch": 24, "train_loss": 0.016605390649702814}
{"fit": "gru-1202", "epoch": 25, "train_loss": 0.015535257466965251}
{"fit": "gru-1202", "epoch": 26, "train_loss": 0.014298647310998705}
{"fit": "gru-1202", "epoch": 27, "train_loss": 0.0143504336476326}
{"fit": "gru-1202", "epoch": 28, "train_loss": 0.014521513630946477}
{"fit": "gru-1202", "epoch": 29, "train_loss": 0.013154930476513173}
{"fit": "gru-1202", "epoch": 30, "train_loss": 0.012320105338262187}
{"fit": "meta-1303", "epoch": 1, "train_loss": 0.7596198419729868}
{"fit": "meta-1303", "epoch": 2, "train_loss": 0.3914741827381982}
{"fit": "meta-1303", "epoch": 3, "train_loss": 0.3110154608885447}
{"fit": "meta-1303", "epoch": 4, "train_loss": 0.27677375541792976}
{"fit": "meta-1303", "epoch": 5, "train_loss": 0.25315299762619864}
{"fit": "meta-1303", "epoch": 6, "train_loss": 0.23310950133535596}
{"fit": "meta-1303", "epoch": 7, "train_loss": 0.21513830290900338}
{"fit": "meta-1303", "epoch": 8, "train_loss": 0.19913622207111784}
{"fit": "meta-1303", "epoch": 9, "train_loss": 0.18647204968664383}
{"fit": "meta-1303", "epoch": 10, "train_loss": 0.17220996187792884}
{"fit": "meta-1303", "epoch": 11, "train_loss": 0.162870772017373}
{"fit": "meta-1303", "epoch": 12, "train_loss": 0.15262604852517445}
{"fit": "meta-1303", "epoch": 13, "train_loss": 0.14453294310304854}
{"fit": "meta-1303", "epoch": 14, "train_loss": 0.13885357446140714}
{"fit": "meta-1303", "epoch": 15, "train_loss": 0.13106305731667411}
{"fit": "meta-1303", "epoch": 16, "train_loss": 0.12482281840509839}
{"fit": "meta-1303", "epoch": 17, "train_loss": 0.11924286319149865}
{"fit": "meta-1303", "epoch": 18, "train_loss": 0.11852791872289446}
{"fit": "meta-1303", "epoch": 19, "train_loss": 0.11204362412293752}
{"fit": "meta-1303", "epoch": 20, "train_loss": 0.10810741086800893}
{"fit": "meta-1303", "epoch": 21, "train_loss": 0.10158756656779183}
{"fit": "meta-1303", "epoch": 22, "train_loss": 0.1003903231687016}
{"fit": "meta-1303", "epoch": 23, "train_loss": 0.09624781724479463}
{"fit": "meta-1303", "epoch": 24, "train_loss": 0.09374841004610061}
{"fit": "meta-1303", "epoch": 25, "train_loss": 0.09196275687879986}
{"fit": "meta-1303", "epoch": 26, "train_loss": 0.08773302882909775}
{"fit": "meta-1303", "epoch": 27, "train_loss": 0.08425038225120968}
{"fit": "meta-1303", "epoch": 28, "train_loss": 0.08039734239379565}
{"fit": "meta-1303", "epoch": 29, "train_loss": 0.07825610886017481}
{"fit": "meta-1303", "epoch": 30, "train_loss": 0.07725762443410025}
{"fit": "static-1303", "epoch": 1, "train_loss": 1.558251346482171}
{"fit": "static-1303", "epoch": 2, "train_loss": 1.3515890253914726}
{"fit": "static-1303", "epoch": 3, "train_loss": 1.1611631102032132}
{"fit": "static-1303", "epoch": 4, "train_loss": 0.9876047399308946}
{"fit": "static-1303", "epoch": 5, "train_loss": 0.8298121253649394}
{"fit": "static-1303", "epoch": 6, "train_loss": 0.6908338162634108}
{"fit": "static-1303", "epoch": 7, "train_loss": 0.5658930619557698}
{"fit": "static-1303", "epoch": 8, "train_loss": 0.4573936939239502}
{"fit": "static-1303", "epoch": 9, "train_loss": 0.36604243516921997}
{"fit": "static-1303", "epoch": 10, "train_loss": 0.29548415044943493}
{"fit": "static-1303", "epoch": 11, "train_loss": 0.24246733023060693}
{"fit": "static-1303", "epoch": 12, "train_loss": 0.2033674163950814}
{"fit": "static-1303", "epoch": 13, "train_loss": 0.17490807639227973}
{"fit": "static-1303", "epoch": 14, "train_loss": 0.15281260973877378}
{"fit": "static-1303", "epoch": 15, "train_loss": 0.13640164136886596}
{"fit": "static-1303", "epoch": 16, "train_loss": 0.1230081425772773}
{"fit": "static-1303", "epoch": 17, "train_loss": 0.1144110725985633}
{"fit": "static-1303", "epoch": 18, "train_loss": 0.10652709040376875}
{"fit": "static-1303", "epoch": 19, "train_loss": 0.09994112799564997}
{"fit": "static-1303", "epoch": 20, "train_loss": 0.09559370792574352}
{"fit": "static-1303", "epoch": 21, "train_loss": 0.09287504388226403}
{"fit": "static-1303", "epoch": 22, "train_loss": 0.08911645809809367}
{"fit": "static-1303", "epoch": 23, "train_loss": 0.08724654283788469}
{"fit": "static-1303", "epoch": 24, "train_loss": 0.08574248701334}
{"fit": "static-1303", "epoch": 25, "train_loss": 0.08357953743802177}
{"fit": "static-1303", "epoch": 26, "train_loss": 0.08231402991546524}
{"fit": "static-1303", "epoch": 27, "train_loss": 0.08010175360573663}
{"fit": "static-1303", "epoch": 28, "train_loss": 0.07829619439111815}
{"fit": "static-1303", "epoch": 29, "train_loss": 0.07673379066917631}
{"fit": "static-1303", "epoch": 30, "train_loss": 0.07470093733734555}
{"fit": "public-1303", "epoch": 1, "train_loss": 0.8810344444380867}
{"fit": "public-1303", "epoch": 2, "train_loss": 0.8298121518558926}
{"fit": "public-1303", "epoch": 3, "train_loss": 0.7838209946950276}
{"fit": "public-1303", "epoch": 4, "train_loss": 0.7447391165627374}
{"fit": "public-1303", "epoch": 5, "train_loss": 0.7093331946267022}
{"fit": "public-1303", "epoch": 6, "train_loss": 0.679171907901764}
{"fit": "public-1303", "epoch": 7, "train_loss": 0.652504312992096}
{"fit": "public-1303", "epoch": 8, "train_loss": 0.6294146981504228}
{"fit": "public-1303", "epoch": 9, "train_loss": 0.6099203785260519}
{"fit": "public-1303", "epoch": 10, "train_loss": 0.5927420331372155}
{"fit": "public-1303", "epoch": 11, "train_loss": 0.5774318920241461}
{"fit": "public-1303", "epoch": 12, "train_loss": 0.5646189676390754}
{"fit": "public-1303", "epoch": 13, "train_loss": 0.5529840813742743}
{"fit": "public-1303", "epoch": 14, "train_loss": 0.5429772271050347}
{"fit": "public-1303", "epoch": 15, "train_loss": 0.5340683301289876}
{"fit": "public-1303", "epoch": 16, "train_loss": 0.5260379844241672}
{"fit": "public-1303", "epoch": 17, "train_loss": 0.5188639892472161}
{"fit": "public-1303", "epoch": 18, "train_loss": 0.5122525460190244}
{"fit": "public-1303", "epoch": 19, "train_loss": 0.5064210090372298}
{"fit": "public-1303", "epoch": 20, "train_loss": 0.5009273873435126}
{"fit": "public-1303", "epoch": 21, "train_loss": 0.4957680238617791}
{"fit": "public-1303", "epoch": 22, "train_loss": 0.49082423316107854}
{"fit": "public-1303", "epoch": 23, "train_loss": 0.48630991379419963}
{"fit": "public-1303", "epoch": 24, "train_loss": 0.4819469286335839}
{"fit": "public-1303", "epoch": 25, "train_loss": 0.47769171396891275}
{"fit": "public-1303", "epoch": 26, "train_loss": 0.47389468749364216}
{"fit": "public-1303", "epoch": 27, "train_loss": 0.46976261734962466}
{"fit": "public-1303", "epoch": 28, "train_loss": 0.4660755541589525}
{"fit": "public-1303", "epoch": 29, "train_loss": 0.4621334519651201}
{"fit": "public-1303", "epoch": 30, "train_loss": 0.45863744285371566}
{"fit": "gru-1303", "epoch": 1, "train_loss": 1.1161006000306872}
{"fit": "gru-1303", "epoch": 2, "train_loss": 0.3647140582402547}
{"fit": "gru-1303", "epoch": 3, "train_loss": 0.1900738908184899}
{"fit": "gru-1303", "epoch": 4, "train_loss": 0.08272343178590139}
{"fit": "gru-1303", "epoch": 5, "train_loss": 0.07293019344409307}
{"fit": "gru-1303", "epoch": 6, "train_loss": 0.06732119785414802}
{"fit": "gru-1303", "epoch": 7, "train_loss": 0.06348577986160914}
{"fit": "gru-1303", "epoch": 8, "train_loss": 0.0585626520216465}
{"fit": "gru-1303", "epoch": 9, "train_loss": 0.05402276184823778}
{"fit": "gru-1303", "epoch": 10, "train_loss": 0.04969844793279966}
{"fit": "gru-1303", "epoch": 11, "train_loss": 0.0458181742992666}
{"fit": "gru-1303", "epoch": 12, "train_loss": 0.04495307380954425}
{"fit": "gru-1303", "epoch": 13, "train_loss": 0.04104891212450133}
{"fit": "gru-1303", "epoch": 14, "train_loss": 0.036722480091783735}
{"fit": "gru-1303", "epoch": 15, "train_loss": 0.03463690007726351}
{"fit": "gru-1303", "epoch": 16, "train_loss": 0.0318214260869556}
{"fit": "gru-1303", "epoch": 17, "train_loss": 0.02985229848159684}
{"fit": "gru-1303", "epoch": 18, "train_loss": 0.027799801445669597}
{"fit": "gru-1303", "epoch": 19, "train_loss": 0.02612069423000018}
{"fit": "gru-1303", "epoch": 20, "train_loss": 0.023243197260631454}
{"fit": "gru-1303", "epoch": 21, "train_loss": 0.021941486787464885}
{"fit": "gru-1303", "epoch": 22, "train_loss": 0.020502575983603794}
{"fit": "gru-1303", "epoch": 23, "train_loss": 0.01934080473664734}
{"fit": "gru-1303", "epoch": 24, "train_loss": 0.017739483589927354}
{"fit": "gru-1303", "epoch": 25, "train_loss": 0.017154264781210158}
{"fit": "gru-1303", "epoch": 26, "train_loss": 0.015771801873213715}
{"fit": "gru-1303", "epoch": 27, "train_loss": 0.015153299851549996}
{"fit": "gru-1303", "epoch": 28, "train_loss": 0.01467939673198594}
{"fit": "gru-1303", "epoch": 29, "train_loss": 0.014078670636647278}
{"fit": "gru-1303", "epoch": 30, "train_loss": 0.012379519165390068}
{"completed": "output/pose-adaptation-v1/experiment-01/run-01", "wall_seconds": 91.7308119579684}
