{"completed": 1, "key": "householder-8101-lr0", "status": "PASS", "updates": 4096}
{"completed": 2, "key": "dense_bounded-8101-lr0", "status": "PASS", "updates": 4096}
{"completed": 3, "key": "dense_unbounded-8101-lr0", "status": "PASS", "updates": 4096}
{"completed": 4, "key": "dense_mlp-8101-lr0", "status": "PASS", "updates": 4096}
{"completed": 5, "key": "gru32-8101-lr0", "status": "PASS", "updates": 4096}
{"completed": 6, "key": "householder-8101-lr1", "status": "PASS", "updates": 4096}
{"completed": 7, "key": "dense_bounded-8101-lr1", "status": "PASS", "updates": 4096}
{"completed": 8, "key": "dense_unbounded-8101-lr1", "status": "PASS", "updates": 4096}
{"completed": 9, "key": "dense_mlp-8101-lr1", "status": "PASS", "updates": 4096}
{"completed": 10, "key": "gru32-8101-lr1", "status": "PASS", "updates": 4096}
{"completed": 11, "key": "householder-8102-lr0", "status": "PASS", "updates": 4096}
{"completed": 12, "key": "dense_bounded-8102-lr0", "status": "PASS", "updates": 4096}
{"completed": 13, "key": "dense_unbounded-8102-lr0", "status": "PASS", "updates": 4096}
{"completed": 14, "key": "dense_mlp-8102-lr0", "status": "PASS", "updates": 4096}
{"completed": 15, "key": "gru32-8102-lr0", "status": "PASS", "updates": 4096}
{"completed": 16, "key": "householder-8102-lr1", "status": "PASS", "updates": 4096}
{"completed": 17, "key": "dense_bounded-8102-lr1", "status": "PASS", "updates": 4096}
{"completed": 18, "key": "dense_unbounded-8102-lr1", "status": "PASS", "updates": 4096}
{"completed": 19, "key": "dense_mlp-8102-lr1", "status": "PASS", "updates": 4096}
{"completed": 20, "key": "gru32-8102-lr1", "status": "PASS", "updates": 4096}
{"completed": 21, "key": "householder-8103-lr0", "status": "PASS", "updates": 4096}
{"completed": 22, "key": "dense_bounded-8103-lr0", "status": "PASS", "updates": 4096}
{"completed": 23, "key": "dense_unbounded-8103-lr0", "status": "PASS", "updates": 4096}
{"completed": 24, "key": "dense_mlp-8103-lr0", "status": "PASS", "updates": 4096}
{"completed": 25, "key": "gru32-8103-lr0", "status": "PASS", "updates": 4096}
{"completed": 26, "key": "householder-8103-lr1", "status": "PASS", "updates": 4096}
{"completed": 27, "key": "dense_bounded-8103-lr1", "status": "PASS", "updates": 4096}
{"completed": 28, "key": "dense_unbounded-8103-lr1", "status": "PASS", "updates": 4096}
{"completed": 29, "key": "dense_mlp-8103-lr1", "status": "PASS", "updates": 4096}
{"completed": 30, "key": "gru32-8103-lr1", "status": "PASS", "updates": 4096}
{"status": "DO_NOT_ADVANCE_STRUCTURED_TRANSITION", "passed": 23, "total": 61, "conditions": [{"name": "all_selected_families_and_causal_ridge_eligible", "passed": true}, {"name": "recording_2021_12_15_21H_54M.mat/mean_within_2pct/dense_bounded", "passed": false}, {"name": "recording_2021_12_15_21H_54M.mat/seed8101_within_5pct/dense_bounded", "passed": false}, {"name": "recording_2021_12_15_21H_54M.mat/seed8102_within_5pct/dense_bounded", "passed": false}, {"name": "recording_2021_12_15_21H_54M.mat/seed8103_within_5pct/dense_bounded", "passed": false}, {"name": "recording_2021_12_15_21H_54M.mat/mean_within_2pct/dense_unbounded", "passed": false}, {"name": "recording_2021_12_15_21H_54M.mat/seed8101_within_5pct/dense_unbounded", "passed": false}, {"name": "recording_2021_12_15_21H_54M.mat/seed8102_within_5pct/dense_unbounded", "passed": false}, {"name": "recording_2021_12_15_21H_54M.mat/seed8103_within_5pct/dense_unbounded", "passed": true}, {"name": "recording_2021_12_15_21H_54M.mat/mean_within_2pct/dense_mlp", "passed": false}, {"name": "recording_2021_12_15_21H_54M.mat/seed8101_within_5pct/dense_mlp", "passed": false}, {"name": "recording_2021_12_15_21H_54M.mat/seed8102_within_5pct/dense_mlp", "passed": false}, {"name": "recording_2021_12_15_21H_54M.mat/seed8103_within_5pct/dense_mlp", "passed": false}, {"name": "recording_2021_12_15_21H_54M.mat/mean_within_2pct/gru32", "passed": true}, {"name": "recording_2021_12_15_21H_54M.mat/seed8101_within_5pct/gru32", "passed": false}, {"name": "recording_2021_12_15_21H_54M.mat/seed8102_within_5pct/gru32", "passed": true}, {"name": "recording_2021_12_15_21H_54M.mat/seed8103_within_5pct/gru32", "passed": true}, {"name": "recording_2021_12_15_21H_54M.mat/mean_within_2pct/legacy_instant", "passed": false}, {"name": "recording_2021_12_15_21H_54M.mat/seed8101_within_5pct/legacy_instant", "passed": false}, {"name": "recording_2021_12_15_21H_54M.mat/seed8102_within_5pct/legacy_instant", "passed": false}, {"name": "recording_2021_12_15_21H_54M.mat/seed8103_within_5pct/legacy_instant", "passed": false}, {"name": "recording_2021_12_15_21H_54M.mat/mean_5pct/linear_frozen", "passed": true}, {"name": "recording_2021_12_15_21H_54M.mat/mean_5pct/persistence", "passed": true}, {"name": "recording_2021_12_15_21H_54M.mat/within_5pct_causal_ridge", "passed": true}, {"name": "recording_2021_12_15_21H_54M.mat/joint0_no_10pct_harm", "passed": true}, {"name": "recording_2021_12_15_21H_54M.mat/joint1_no_10pct_harm", "passed": true}, {"name": "recording_2021_12_15_21H_54M.mat/joint2_no_10pct_harm", "passed": false}, {"name": "recording_2021_12_15_21H_54M.mat/joint3_no_10pct_harm", "passed": true}, {"name": "recording_2021_12_15_21H_54M.mat/joint4_no_10pct_harm", "passed": true}, {"name": "recording_2021_12_15_21H_54M.mat/joint5_no_10pct_harm", "passed": true}, {"name": "recording_2021_12_15_22H_10M.mat/mean_within_2pct/dense_bounded", "passed": false}, {"name": "recording_2021_12_15_22H_10M.mat/seed8101_within_5pct/dense_bounded", "passed": false}, {"name": "recording_2021_12_15_22H_10M.mat/seed8102_within_5pct/dense_bounded", "passed": false}, {"name": "recording_2021_12_15_22H_10M.mat/seed8103_within_5pct/dense_bounded", "passed": false}, {"name": "recording_2021_12_15_22H_10M.mat/mean_within_2pct/dense_unbounded", "passed": false}, {"name": "recording_2021_12_15_22H_10M.mat/seed8101_within_5pct/dense_unbounded", "passed": false}, {"name": "recording_2021_12_15_22H_10M.mat/seed8102_within_5pct/dense_unbounded", "passed": false}, {"name": "recording_2021_12_15_22H_10M.mat/seed8103_within_5pct/dense_unbounded", "passed": false}, {"name": "recording_2021_12_15_22H_10M.mat/mean_within_2pct/dense_mlp", "passed": false}, {"name": "recording_2021_12_15_22H_10M.mat/seed8101_within_5pct/dense_mlp", "passed": false}, {"name": "recording_2021_12_15_22H_10M.mat/seed8102_within_5pct/dense_mlp", "passed": false}, {"name": "recording_2021_12_15_22H_10M.mat/seed8103_within_5pct/dense_mlp", "passed": false}, {"name": "recording_2021_12_15_22H_10M.mat/mean_within_2pct/gru32", "passed": true}, {"name": "recording_2021_12_15_22H_10M.mat/seed8101_within_5pct/gru32", "passed": true}, {"name": "recording_2021_12_15_22H_10M.mat/seed8102_within_5pct/gru32", "passed": true}, {"name": "recording_2021_12_15_22H_10M.mat/seed8103_within_5pct/gru32", "passed": false}, {"name": "recording_2021_12_15_22H_10M.mat/mean_within_2pct/legacy_instant", "passed": false}, {"name": "recording_2021_12_15_22H_10M.mat/seed8101_within_5pct/legacy_instant", "passed": false}, {"name": "recording_2021_12_15_22H_10M.mat/seed8102_within_5pct/legacy_instant", "passed": false}, {"name": "recording_2021_12_15_22H_10M.mat/seed8103_within_5pct/legacy_instant", "passed": false}, {"name": "recording_2021_12_15_22H_10M.mat/mean_5pct/linear_frozen", "passed": true}, {"name": "recording_2021_12_15_22H_10M.mat/mean_5pct/persistence", "passed": true}, {"name": "recording_2021_12_15_22H_10M.mat/within_5pct_causal_ridge", "passed": false}, {"name": "recording_2021_12_15_22H_10M.mat/joint0_no_10pct_harm", "passed": false}, {"name": "recording_2021_12_15_22H_10M.mat/joint1_no_10pct_harm", "passed": true}, {"name": "recording_2021_12_15_22H_10M.mat/joint2_no_10pct_harm", "passed": false}, {"name": "recording_2021_12_15_22H_10M.mat/joint3_no_10pct_harm", "passed": true}, {"name": "recording_2021_12_15_22H_10M.mat/joint4_no_10pct_harm", "passed": true}, {"name": "recording_2021_12_15_22H_10M.mat/joint5_no_10pct_harm", "passed": true}, {"name": "at_most_80pct_dense_bounded_latency", "passed": false}, {"name": "at_most_80pct_dense_bounded_numeric_storage", "passed": true}], "details": {"recording_2021_12_15_21H_54M.mat": {"means": {"householder": 0.6950027330708591, "dense_bounded": 0.6367652744618183, "dense_unbounded": 0.6496732160130091, "dense_mlp": 0.6183151716591153, "gru32": 0.7426656351389781, "legacy_instant": 0.6258207780717132}, "references": {"causal_ridge_1": 0.7442245238288899, "causal_ridge_100": 0.6754474634486927, "linear_frozen": 1.0877737441922855, "persistence": 1.2329376342156586}}, "recording_2021_12_15_22H_10M.mat": {"means": {"householder": 0.8025235429782894, "dense_bounded": 0.6724377785437116, "dense_unbounded": 0.6921396822400148, "dense_mlp": 0.6784680292339598, "gru32": 0.791811786845761, "legacy_instant": 0.6795917657989942}, "references": {"causal_ridge_1": 0.8113468127378697, "causal_ridge_100": 0.740766028463826, "linear_frozen": 1.0861539278016477, "persistence": 1.3466662276393335}}}, "scope": "adaptive development utility screen; not independent confirmation, official benchmark score, Rust speedup or novel architecture evidence"}
