I001 [*] Import block is un-sorted or un-formatted
  --> tests/test_bayesian_score_memory.py:6:1
   |
 4 |   used. Batch contrast-space regression supplies the full-covariance oracle.
 5 |   """
 6 | / from __future__ import annotations
 7 | |
 8 | | import copy
 9 | | import math
10 | |
11 | | import numpy as np
12 | | import pytest
13 | |
14 | | from openjev.research import bayesian_score_memory as bayes
   | |___________________________________________________________^
help: Organize imports
   |
15 |
   -
16 | CONTRAST = np.array([[1 / math.sqrt(2), 1 / math.sqrt(6), 1 / math.sqrt(12)],
   |

Found 1 error.
[*] 1 fixable with the `--fix` option.
