{"row": "test_sin-prior-1101", "metrics": {"position_rmse_m": 0.03290344645686573, "rotation_rmse_rad": 0.04032949924771768, "composite": 0.27091052983114894, "rotation_orthogonality_max": 9.5367431640625e-07, "rotation_determinant_max_error": 6.556510925292969e-07}}
{"row": "test_sin-prior-1202", "metrics": {"position_rmse_m": 0.03260234563348091, "rotation_rmse_rad": 0.04134112520728911, "composite": 0.2772001574209707, "rotation_orthogonality_max": 1.1920928955078125e-06, "rotation_determinant_max_error": 7.748603820800781e-07}}
{"row": "test_sin-prior-1303", "metrics": {"position_rmse_m": 0.033133615816774604, "rotation_rmse_rad": 0.04462345950731117, "composite": 0.30890896354942554, "rotation_orthogonality_max": 9.5367431640625e-07, "rotation_determinant_max_error": 7.748603820800781e-07}}
{"row": "test_sin-full-1101", "metrics": {"position_rmse_m": 0.11301251040440875, "rotation_rmse_rad": 0.07296062871509187, "composite": 1.809508085040808, "rotation_orthogonality_max": 1.0132789611816406e-06, "rotation_determinant_max_error": 8.344650268554688e-07}}
{"row": "test_sin-full-1202", "metrics": {"position_rmse_m": 0.0927705327868641, "rotation_rmse_rad": 0.08573368585041269, "composite": 1.5956636643055877, "rotation_orthogonality_max": 1.0132789611816406e-06, "rotation_determinant_max_error": 7.152557373046875e-07}}
{"row": "test_sin-full-1303", "metrics": {"position_rmse_m": 0.08761642093185416, "rotation_rmse_rad": 0.0676507657603449, "composite": 1.2253263324868904, "rotation_orthogonality_max": 1.1920928955078125e-06, "rotation_determinant_max_error": 8.344650268554688e-07}}
{"row": "test_sin-recent5-1101", "metrics": {"position_rmse_m": 0.021292474939082488, "rotation_rmse_rad": 0.037405605571101286, "composite": 0.18525488171722587, "rotation_orthogonality_max": 1.0728836059570312e-06, "rotation_determinant_max_error": 8.344650268554688e-07}}
{"row": "test_sin-recent5-1202", "metrics": {"position_rmse_m": 0.02100500236762831, "rotation_rmse_rad": 0.03532757939096678, "composite": 0.1689247990089131, "rotation_orthogonality_max": 1.3113021850585938e-06, "rotation_determinant_max_error": 7.152557373046875e-07}}
{"row": "test_sin-recent5-1303", "metrics": {"position_rmse_m": 0.021159518091551286, "rotation_rmse_rad": 0.037248637565610795, "composite": 0.18351862063609173, "rotation_orthogonality_max": 9.5367431640625e-07, "rotation_determinant_max_error": 8.344650268554688e-07}}
{"row": "test_sin-recent5_mass-1101", "metrics": {"position_rmse_m": 0.03688185648487184, "rotation_rmse_rad": 0.031907989917562087, "composite": 0.23783911583499265, "rotation_orthogonality_max": 1.0728836059570312e-06, "rotation_determinant_max_error": 8.940696716308594e-07}}
{"row": "test_sin-recent5_mass-1202", "metrics": {"position_rmse_m": 0.03394740590175805, "rotation_rmse_rad": 0.030563607927227808, "composite": 0.20865604969880194, "rotation_orthogonality_max": 1.0728836059570312e-06, "rotation_determinant_max_error": 8.344650268554688e-07}}
{"row": "test_sin-recent5_mass-1303", "metrics": {"position_rmse_m": 0.033908607948894706, "rotation_rmse_rad": 0.037564138566504604, "composite": 0.2560858199275403, "rotation_orthogonality_max": 1.0728836059570312e-06, "rotation_determinant_max_error": 8.940696716308594e-07}}
{"row": "test_sin-decay5-1101", "metrics": {"position_rmse_m": 0.02280374923669086, "rotation_rmse_rad": 0.028129453992186665, "composite": 0.13112771611484247, "rotation_orthogonality_max": 1.2516975402832031e-06, "rotation_determinant_max_error": 7.152557373046875e-07}}
{"row": "test_sin-decay5-1202", "metrics": {"position_rmse_m": 0.022987964697600206, "rotation_rmse_rad": 0.028078277189346947, "composite": 0.1316836170859914, "rotation_orthogonality_max": 8.344650268554688e-07, "rotation_determinant_max_error": 8.344650268554688e-07}}
{"row": "test_sin-decay5-1303", "metrics": {"position_rmse_m": 0.022483567472976532, "rotation_rmse_rad": 0.03400571779407421, "composite": 0.16618996490021032, "rotation_orthogonality_max": 1.0728836059570312e-06, "rotation_determinant_max_error": 8.344650268554688e-07}}
{"row": "test_sin-decay5_mass-1101", "metrics": {"position_rmse_m": 0.0472233226706257, "rotation_rmse_rad": 0.03663776530546628, "composite": 0.3572368050632458, "rotation_orthogonality_max": 8.344650268554688e-07, "rotation_determinant_max_error": 7.152557373046875e-07}}
{"row": "test_sin-decay5_mass-1202", "metrics": {"position_rmse_m": 0.037995509893428966, "rotation_rmse_rad": 0.035661640023181465, "composite": 0.27154113412046355, "rotation_orthogonality_max": 9.5367431640625e-07, "rotation_determinant_max_error": 7.748603820800781e-07}}
{"row": "test_sin-decay5_mass-1303", "metrics": {"position_rmse_m": 0.04142666734662306, "rotation_rmse_rad": 0.04467369386416152, "composite": 0.3711907690916587, "rotation_orthogonality_max": 9.5367431640625e-07, "rotation_determinant_max_error": 7.748603820800781e-07}}
{"row": "test_sin-huber3-1101", "metrics": {"position_rmse_m": 0.033898727865636934, "rotation_rmse_rad": 0.030856047537523152, "composite": 0.21012194205463983, "rotation_orthogonality_max": 1.1920928955078125e-06, "rotation_determinant_max_error": 8.344650268554688e-07}}
{"row": "test_sin-huber3-1202", "metrics": {"position_rmse_m": 0.03392219706050536, "rotation_rmse_rad": 0.03128569192063041, "composite": 0.21295099723643574, "rotation_orthogonality_max": 1.0132789611816406e-06, "rotation_determinant_max_error": 8.344650268554688e-07}}
{"row": "test_sin-huber3-1303", "metrics": {"position_rmse_m": 0.035474091944239214, "rotation_rmse_rad": 0.03315216557114993, "composite": 0.2357477281325276, "rotation_orthogonality_max": 9.5367431640625e-07, "rotation_determinant_max_error": 7.748603820800781e-07}}
{"row": "test_sin-huber3_mass-1101", "metrics": {"position_rmse_m": 0.09170286128582283, "rotation_rmse_rad": 0.058949655778087806, "composite": 1.1884476684361902, "rotation_orthogonality_max": 1.3709068298339844e-06, "rotation_determinant_max_error": 8.940696716308594e-07}}
{"row": "test_sin-huber3_mass-1202", "metrics": {"position_rmse_m": 0.06779974196108415, "rotation_rmse_rad": 0.06512234817828066, "composite": 0.8837725242242808, "rotation_orthogonality_max": 9.5367431640625e-07, "rotation_determinant_max_error": 8.344650268554688e-07}}
{"row": "test_sin-huber3_mass-1303", "metrics": {"position_rmse_m": 0.07074272395938618, "rotation_rmse_rad": 0.06195716612938319, "composite": 0.8843223427977898, "rotation_orthogonality_max": 9.5367431640625e-07, "rotation_determinant_max_error": 8.344650268554688e-07}}
{"row": "test_sin-decay_huber3-1101", "metrics": {"position_rmse_m": 0.0209429867554254, "rotation_rmse_rad": 0.028513436191881337, "composite": 0.12516247377064119, "rotation_orthogonality_max": 9.5367431640625e-07, "rotation_determinant_max_error": 8.344650268554688e-07}}
{"row": "test_sin-decay_huber3-1202", "metrics": {"position_rmse_m": 0.020780525298072516, "rotation_rmse_rad": 0.027335123150354967, "composite": 0.11790391893089036, "rotation_orthogonality_max": 8.940696716308594e-07, "rotation_determinant_max_error": 8.940696716308594e-07}}
{"row": "test_sin-decay_huber3-1303", "metrics": {"position_rmse_m": 0.02086304804792016, "rotation_rmse_rad": 0.029185258059249517, "composite": 0.12870460618348137, "rotation_orthogonality_max": 1.1920928955078125e-06, "rotation_determinant_max_error": 7.748603820800781e-07}}
{"row": "test_sin-decay_huber3_mass-1101", "metrics": {"position_rmse_m": 0.042000816493491085, "rotation_rmse_rad": 0.03474765244906577, "composite": 0.29714679368409785, "rotation_orthogonality_max": 9.5367431640625e-07, "rotation_determinant_max_error": 8.344650268554688e-07}}
{"row": "test_sin-decay_huber3_mass-1202", "metrics": {"position_rmse_m": 0.03624424314476399, "rotation_rmse_rad": 0.03347575324999033, "composite": 0.24342712167910094, "rotation_orthogonality_max": 9.5367431640625e-07, "rotation_determinant_max_error": 7.152557373046875e-07}}
{"row": "test_sin-decay_huber3_mass-1303", "metrics": {"position_rmse_m": 0.03788851718772606, "rotation_rmse_rad": 0.041412090830666694, "composite": 0.3150501001652001, "rotation_orthogonality_max": 1.0728836059570312e-06, "rotation_determinant_max_error": 7.152557373046875e-07}}
{"row": "test_sin-static-1101", "metrics": {"position_rmse_m": 0.032570962175385174, "rotation_rmse_rad": 0.0936037874474715, "composite": 0.9822536601541793, "rotation_orthogonality_max": 1.3113021850585938e-06, "rotation_determinant_max_error": 1.1324882507324219e-06}}
{"row": "test_sin-static-1202", "metrics": {"position_rmse_m": 0.032966240554332, "rotation_rmse_rad": 0.09212882165553803, "composite": 0.9574492795924013, "rotation_orthogonality_max": 1.7881393432617188e-06, "rotation_determinant_max_error": 1.0728836059570312e-06}}
{"row": "test_sin-static-1303", "metrics": {"position_rmse_m": 0.03294965819327475, "rotation_rmse_rad": 0.09449306697689075, "composite": 1.0014619681752799, "rotation_orthogonality_max": 1.430511474609375e-06, "rotation_determinant_max_error": 1.0728836059570312e-06}}
{"row": "test_sin-static_adapt-1101", "metrics": {"position_rmse_m": 0.04692448390484083, "rotation_rmse_rad": 0.06456106740945297, "composite": 0.6370038614783595, "rotation_orthogonality_max": 1.3113021850585938e-06, "rotation_determinant_max_error": 8.344650268554688e-07}}
{"row": "test_sin-static_adapt-1202", "metrics": {"position_rmse_m": 0.04513389254457165, "rotation_rmse_rad": 0.07402183723303982, "composite": 0.7516300643579579, "rotation_orthogonality_max": 1.0728836059570312e-06, "rotation_determinant_max_error": 1.0132789611816406e-06}}
{"row": "test_sin-static_adapt-1303", "metrics": {"position_rmse_m": 0.0692230990697366, "rotation_rmse_rad": 0.0977217999240423, "composite": 1.434138762521312, "rotation_orthogonality_max": 1.0728836059570312e-06, "rotation_determinant_max_error": 8.940696716308594e-07}}
{"row": "test_sin-public-1101", "metrics": {"position_rmse_m": 0.058363518358365125, "rotation_rmse_rad": 0.058057110822163964, "composite": 0.6776928392184249, "rotation_orthogonality_max": 1.1920928955078125e-06, "rotation_determinant_max_error": 9.5367431640625e-07}}
{"row": "test_sin-public-1202", "metrics": {"position_rmse_m": 0.058358341534381186, "rotation_rmse_rad": 0.05804097004080535, "composite": 0.6774450229921142, "rotation_orthogonality_max": 1.0728836059570312e-06, "rotation_determinant_max_error": 8.344650268554688e-07}}
{"row": "test_sin-public-1303", "metrics": {"position_rmse_m": 0.05835391587640355, "rotation_rmse_rad": 0.057996305675899334, "composite": 0.6768750970162734, "rotation_orthogonality_max": 1.0728836059570312e-06, "rotation_determinant_max_error": 8.344650268554688e-07}}
{"row": "test_sin-gru-1101", "metrics": {"position_rmse_m": 0.035886765930002146, "rotation_rmse_rad": 0.10583898361066807, "composite": 1.2489750420654024, "rotation_orthogonality_max": 1.0728836059570312e-06, "rotation_determinant_max_error": 8.344650268554688e-07}}
{"row": "test_sin-gru-1202", "metrics": {"position_rmse_m": 0.03799334680426228, "rotation_rmse_rad": 0.10782721680339688, "composite": 1.30702030849557, "rotation_orthogonality_max": 1.0728836059570312e-06, "rotation_determinant_max_error": 7.152557373046875e-07}}
{"row": "test_sin-gru-1303", "metrics": {"position_rmse_m": 0.03365266486883406, "rotation_rmse_rad": 0.10642947895669772, "composite": 1.2459735843768218, "rotation_orthogonality_max": 1.0132789611816406e-06, "rotation_determinant_max_error": 8.344650268554688e-07}}
{"row": "test_sin-hold", "metrics": {"position_rmse_m": 0.5838654128649292, "rotation_rmse_rad": 0.11530715794998346, "composite": 35.41945610144366, "rotation_orthogonality_max": 1.1920928955078125e-07, "rotation_determinant_max_error": 1.1920928955078125e-07}}
{"row": "test_sin-cv1", "metrics": {"position_rmse_m": 0.054460136725048104, "rotation_rmse_rad": 0.032490328951310134, "composite": 0.4021527967475275, "rotation_orthogonality_max": 2.384185791015625e-07, "rotation_determinant_max_error": 3.5762786865234375e-07}}
{"row": "test_sin-cv16", "metrics": {"position_rmse_m": 0.08910403291586284, "rotation_rmse_rad": 0.04676729643496509, "composite": 1.0126708697707067, "rotation_orthogonality_max": 2.980232238769531e-07, "rotation_determinant_max_error": 3.5762786865234375e-07}}
{"row": "test_sin-ls16", "metrics": {"position_rmse_m": 0.0804046215873872, "rotation_rmse_rad": 0.042556066891494694, "composite": 0.82759220018843, "rotation_orthogonality_max": 2.384185791015625e-07, "rotation_determinant_max_error": 2.980232238769531e-07}}
{"row": "test_sin-body16", "metrics": {"position_rmse_m": 0.044767966536178955, "rotation_rmse_rad": 0.04676729756800188, "composite": 0.41913509495984724, "rotation_orthogonality_max": 2.384185791015625e-07, "rotation_determinant_max_error": 3.5762786865234375e-07}}
{"row": "test_sin-ridge16", "metrics": {"position_rmse_m": 0.057582683620974795, "rotation_rmse_rad": 0.15425147387339894, "composite": 2.7109282645109145, "rotation_orthogonality_max": 6.468883051446994e-08, "rotation_determinant_max_error": 7.006967739364711e-08}}
{"row": "test_zigzag-prior-1101", "metrics": {"position_rmse_m": 0.07113444522292343, "rotation_rmse_rad": 0.12877050376787766, "composite": 2.1641951937806088, "rotation_orthogonality_max": 8.940696716308594e-07, "rotation_determinant_max_error": 7.748603820800781e-07}}
{"row": "test_zigzag-prior-1202", "metrics": {"position_rmse_m": 0.0713078552078993, "rotation_rmse_rad": 0.12546526413904505, "composite": 2.0826342719831072, "rotation_orthogonality_max": 1.0132789611816406e-06, "rotation_determinant_max_error": 7.748603820800781e-07}}
{"row": "test_zigzag-prior-1303", "metrics": {"position_rmse_m": 0.07489799361498467, "rotation_rmse_rad": 0.1254374211721035, "composite": 2.1344256077857957, "rotation_orthogonality_max": 1.1920928955078125e-06, "rotation_determinant_max_error": 8.344650268554688e-07}}
{"row": "test_zigzag-full-1101", "metrics": {"position_rmse_m": 0.3859534310054105, "rotation_rmse_rad": 0.17855936854230714, "composite": 18.08434989990756, "rotation_orthogonality_max": 8.344650268554688e-07, "rotation_determinant_max_error": 8.344650268554688e-07}}
{"row": "test_zigzag-full-1202", "metrics": {"position_rmse_m": 0.24619600399213157, "rotation_rmse_rad": 0.1766765257527587, "composite": 9.182706713375886, "rotation_orthogonality_max": 9.5367431640625e-07, "rotation_determinant_max_error": 6.556510925292969e-07}}
{"row": "test_zigzag-full-1303", "metrics": {"position_rmse_m": 0.09662777802036225, "rotation_rmse_rad": 0.17036277520329682, "composite": 3.8360402660121444, "rotation_orthogonality_max": 8.940696716308594e-07, "rotation_determinant_max_error": 8.344650268554688e-07}}
{"row": "test_zigzag-recent5-1101", "metrics": {"position_rmse_m": 0.06183594933456922, "rotation_rmse_rad": 0.14636160941760995, "composite": 2.5245405341420417, "rotation_orthogonality_max": 1.0132789611816406e-06, "rotation_determinant_max_error": 7.748603820800781e-07}}
{"row": "test_zigzag-recent5-1202", "metrics": {"position_rmse_m": 0.06162367243312662, "rotation_rmse_rad": 0.14277453302254706, "composite": 2.4182044283951662, "rotation_orthogonality_max": 8.344650268554688e-07, "rotation_determinant_max_error": 8.344650268554688e-07}}
{"row": "test_zigzag-recent5-1303", "metrics": {"position_rmse_m": 0.062433169940616436, "rotation_rmse_rad": 0.14177132626334538, "composite": 2.3997009659301813, "rotation_orthogonality_max": 9.5367431640625e-07, "rotation_determinant_max_error": 7.152557373046875e-07}}
{"row": "test_zigzag-recent5_mass-1101", "metrics": {"position_rmse_m": 0.13742519472010548, "rotation_rmse_rad": 0.1413994363027887, "composite": 3.887948473060529, "rotation_orthogonality_max": 1.0728836059570312e-06, "rotation_determinant_max_error": 7.152557373046875e-07}}
{"row": "test_zigzag-recent5_mass-1202", "metrics": {"position_rmse_m": 0.10028822736822034, "rotation_rmse_rad": 0.14524304155236625, "composite": 3.1153269668042243, "rotation_orthogonality_max": 9.5367431640625e-07, "rotation_determinant_max_error": 9.5367431640625e-07}}
{"row": "test_zigzag-recent5_mass-1303", "metrics": {"position_rmse_m": 0.08050486349529165, "rotation_rmse_rad": 0.1435596626849555, "composite": 2.709040979661374, "rotation_orthogonality_max": 1.1324882507324219e-06, "rotation_determinant_max_error": 8.344650268554688e-07}}
{"row": "test_zigzag-decay5-1101", "metrics": {"position_rmse_m": 0.06408147367409725, "rotation_rmse_rad": 0.13795391061832327, "composite": 2.3137716723132344, "rotation_orthogonality_max": 1.0728836059570312e-06, "rotation_determinant_max_error": 7.152557373046875e-07}}
{"row": "test_zigzag-decay5-1202", "metrics": {"position_rmse_m": 0.06297737491293258, "rotation_rmse_rad": 0.13671436866601375, "composite": 2.2656968350670783, "rotation_orthogonality_max": 9.5367431640625e-07, "rotation_determinant_max_error": 8.344650268554688e-07}}
{"row": "test_zigzag-decay5-1303", "metrics": {"position_rmse_m": 0.06319279017647227, "rotation_rmse_rad": 0.13529095167297212, "composite": 2.229697033486612, "rotation_orthogonality_max": 1.0132789611816406e-06, "rotation_determinant_max_error": 8.940696716308594e-07}}
{"row": "test_zigzag-decay5_mass-1101", "metrics": {"position_rmse_m": 0.17259657599912667, "rotation_rmse_rad": 0.14373443163018595, "composite": 5.04491648826749, "rotation_orthogonality_max": 1.0728836059570312e-06, "rotation_determinant_max_error": 7.152557373046875e-07}}
{"row": "test_zigzag-decay5_mass-1202", "metrics": {"position_rmse_m": 0.11493441932007561, "rotation_rmse_rad": 0.14881595767664774, "composite": 3.535611000366077, "rotation_orthogonality_max": 1.0132789611816406e-06, "rotation_determinant_max_error": 7.152557373046875e-07}}
{"row": "test_zigzag-decay5_mass-1303", "metrics": {"position_rmse_m": 0.08268067404864966, "rotation_rmse_rad": 0.14751896001737025, "composite": 2.8597937425745537, "rotation_orthogonality_max": 9.5367431640625e-07, "rotation_determinant_max_error": 1.0132789611816406e-06}}
{"row": "test_zigzag-huber3-1101", "metrics": {"position_rmse_m": 0.07376533470459953, "rotation_rmse_rad": 0.14087272616729687, "composite": 2.52864495818878, "rotation_orthogonality_max": 1.1920928955078125e-06, "rotation_determinant_max_error": 8.344650268554688e-07}}
{"row": "test_zigzag-huber3-1202", "metrics": {"position_rmse_m": 0.07227227268851077, "rotation_rmse_rad": 0.1474667455894183, "composite": 2.696972245429668, "rotation_orthogonality_max": 8.344650268554688e-07, "rotation_determinant_max_error": 8.344650268554688e-07}}
{"row": "test_zigzag-huber3-1303", "metrics": {"position_rmse_m": 0.07116030538428109, "rotation_rmse_rad": 0.1359639298137791, "composite": 2.3549979272790393, "rotation_orthogonality_max": 1.0728836059570312e-06, "rotation_determinant_max_error": 9.5367431640625e-07}}
{"row": "test_zigzag-huber3_mass-1101", "metrics": {"position_rmse_m": 0.3176389584925788, "rotation_rmse_rad": 0.16751521484137855, "composite": 12.89558551556034, "rotation_orthogonality_max": 8.344650268554688e-07, "rotation_determinant_max_error": 7.748603820800781e-07}}
{"row": "test_zigzag-huber3_mass-1202", "metrics": {"position_rmse_m": 0.190781128784054, "rotation_rmse_rad": 0.1640703080087217, "composite": 6.33165050701946, "rotation_orthogonality_max": 9.5367431640625e-07, "rotation_determinant_max_error": 8.344650268554688e-07}}
{"row": "test_zigzag-huber3_mass-1303", "metrics": {"position_rmse_m": 0.09222852787169057, "rotation_rmse_rad": 0.16336203245258754, "composite": 3.5193255000419463, "rotation_orthogonality_max": 9.5367431640625e-07, "rotation_determinant_max_error": 8.344650268554688e-07}}
{"row": "test_zigzag-decay_huber3-1101", "metrics": {"position_rmse_m": 0.06109795905101082, "rotation_rmse_rad": 0.1371027874532321, "composite": 2.253013492764512, "rotation_orthogonality_max": 9.5367431640625e-07, "rotation_determinant_max_error": 7.152557373046875e-07}}
{"row": "test_zigzag-decay_huber3-1202", "metrics": {"position_rmse_m": 0.061129468681929526, "rotation_rmse_rad": 0.13769376442036943, "composite": 2.269638470158719, "rotation_orthogonality_max": 9.5367431640625e-07, "rotation_determinant_max_error": 7.152557373046875e-07}}
{"row": "test_zigzag-decay_huber3-1303", "metrics": {"position_rmse_m": 0.061645961526155396, "rotation_rmse_rad": 0.13359392990615962, "composite": 2.1647562680256116, "rotation_orthogonality_max": 8.940696716308594e-07, "rotation_determinant_max_error": 7.152557373046875e-07}}
{"row": "test_zigzag-decay_huber3_mass-1101", "metrics": {"position_rmse_m": 0.16603502949029003, "rotation_rmse_rad": 0.1431118665467507, "composite": 4.804863736433645, "rotation_orthogonality_max": 1.0728836059570312e-06, "rotation_determinant_max_error": 8.344650268554688e-07}}
{"row": "test_zigzag-decay_huber3_mass-1202", "metrics": {"position_rmse_m": 0.11198754421643102, "rotation_rmse_rad": 0.1478523311564018, "composite": 3.440152188800939, "rotation_orthogonality_max": 9.5367431640625e-07, "rotation_determinant_max_error": 7.152557373046875e-07}}
{"row": "test_zigzag-decay_huber3_mass-1303", "metrics": {"position_rmse_m": 0.08227067301162976, "rotation_rmse_rad": 0.14623830587818487, "composite": 2.815410574390806, "rotation_orthogonality_max": 9.5367431640625e-07, "rotation_determinant_max_error": 7.152557373046875e-07}}
{"row": "test_zigzag-static-1101", "metrics": {"position_rmse_m": 0.06611232954140657, "rotation_rmse_rad": 0.10424594079614674, "composite": 1.523805628986527, "rotation_orthogonality_max": 8.344650268554688e-07, "rotation_determinant_max_error": 9.5367431640625e-07}}
{"row": "test_zigzag-static-1202", "metrics": {"position_rmse_m": 0.06653539151727744, "rotation_rmse_rad": 0.10705813242342843, "composite": 1.5888402042349732, "rotation_orthogonality_max": 1.0728836059570312e-06, "rotation_determinant_max_error": 7.152557373046875e-07}}
{"row": "test_zigzag-static-1303", "metrics": {"position_rmse_m": 0.06598733221913006, "rotation_rmse_rad": 0.10318269753203684, "composite": 1.5000997083385637, "rotation_orthogonality_max": 9.5367431640625e-07, "rotation_determinant_max_error": 9.5367431640625e-07}}
{"row": "test_zigzag-static_adapt-1101", "metrics": {"position_rmse_m": 0.25484579223392695, "rotation_rmse_rad": 0.17656996112256582, "composite": 9.612332899016225, "rotation_orthogonality_max": 8.940696716308594e-07, "rotation_determinant_max_error": 7.748603820800781e-07}}
{"row": "test_zigzag-static_adapt-1202", "metrics": {"position_rmse_m": 0.2627976638488729, "rotation_rmse_rad": 0.17050388628784074, "composite": 9.81341873636821, "rotation_orthogonality_max": 1.1920928955078125e-06, "rotation_determinant_max_error": 8.344650268554688e-07}}
{"row": "test_zigzag-static_adapt-1303", "metrics": {"position_rmse_m": 0.22147193181311037, "rotation_rmse_rad": 0.17416825007163525, "composite": 7.938439591404667, "rotation_orthogonality_max": 1.0728836059570312e-06, "rotation_determinant_max_error": 1.0728836059570312e-06}}
{"row": "test_zigzag-public-1101", "metrics": {"position_rmse_m": 0.243133819217539, "rotation_rmse_rad": 0.22637365501166212, "composite": 11.035908573064594, "rotation_orthogonality_max": 8.940696716308594e-07, "rotation_determinant_max_error": 7.152557373046875e-07}}
{"row": "test_zigzag-public-1202", "metrics": {"position_rmse_m": 0.24308927764788166, "rotation_rmse_rad": 0.2263281302755175, "composite": 11.031681946138049, "rotation_orthogonality_max": 1.0728836059570312e-06, "rotation_determinant_max_error": 8.344650268554688e-07}}
{"row": "test_zigzag-public-1303", "metrics": {"position_rmse_m": 0.2430639505469696, "rotation_rmse_rad": 0.22647819326097024, "composite": 11.037245607825305, "rotation_orthogonality_max": 9.5367431640625e-07, "rotation_determinant_max_error": 7.748603820800781e-07}}
{"row": "test_zigzag-gru-1101", "metrics": {"position_rmse_m": 0.06787754611535261, "rotation_rmse_rad": 0.08978564157277286, "composite": 1.2668822699276254, "rotation_orthogonality_max": 8.344650268554688e-07, "rotation_determinant_max_error": 6.556510925292969e-07}}
{"row": "test_zigzag-gru-1202", "metrics": {"position_rmse_m": 0.06849353769478662, "rotation_rmse_rad": 0.09245252023576743, "composite": 1.323883320389214, "rotation_orthogonality_max": 1.0728836059570312e-06, "rotation_determinant_max_error": 8.344650268554688e-07}}
{"row": "test_zigzag-gru-1303", "metrics": {"position_rmse_m": 0.06761850328461538, "rotation_rmse_rad": 0.09032257903326557, "composite": 1.2730430269672042, "rotation_orthogonality_max": 9.5367431640625e-07, "rotation_determinant_max_error": 7.152557373046875e-07}}
{"row": "test_zigzag-hold", "metrics": {"position_rmse_m": 0.49674038324239594, "rotation_rmse_rad": 0.20860458140703414, "composite": 29.026687972780632, "rotation_orthogonality_max": 1.1920928955078125e-07, "rotation_determinant_max_error": 1.7881393432617188e-07}}
{"row": "test_zigzag-cv1", "metrics": {"position_rmse_m": 0.09345683221713007, "rotation_rmse_rad": 0.1656140281060969, "composite": 3.616218579358784, "rotation_orthogonality_max": 2.384185791015625e-07, "rotation_determinant_max_error": 3.5762786865234375e-07}}
{"row": "test_zigzag-cv16", "metrics": {"position_rmse_m": 0.14836169951824413, "rotation_rmse_rad": 0.23343101659070387, "composite": 7.65012333905112, "rotation_orthogonality_max": 2.384185791015625e-07, "rotation_determinant_max_error": 2.980232238769531e-07}}
{"row": "test_zigzag-ls16", "metrics": {"position_rmse_m": 0.1356996063549728, "rotation_rmse_rad": 0.21773357421861075, "composite": 6.582229250690583, "rotation_orthogonality_max": 2.384185791015625e-07, "rotation_determinant_max_error": 3.5762786865234375e-07}}
{"row": "test_zigzag-body16", "metrics": {"position_rmse_m": 0.12887416125690646, "rotation_rmse_rad": 0.2334310138503522, "composite": 7.109858766687443, "rotation_orthogonality_max": 2.384185791015625e-07, "rotation_determinant_max_error": 2.980232238769531e-07}}
{"row": "test_zigzag-ridge16", "metrics": {"position_rmse_m": 0.09028645885252705, "rotation_rmse_rad": 0.12810369775038707, "composite": 2.4562202029451576, "rotation_orthogonality_max": 6.447089062611155e-08, "rotation_determinant_max_error": 8.352716363013712e-08}}
{"completed": "output/pose-support-v1/experiment-01/run-01", "wall_seconds": 6.351775000104681}
