{"row": "test_sin-fast-1101", "metrics": {"position_rmse_m": 0.0209429867554254, "rotation_rmse_rad": 0.028513436191881337, "composite": 0.12516247377064119, "rotation_orthogonality_max": 9.5367431640625e-07, "rotation_determinant_max_error": 8.344650268554688e-07}}
{"row": "test_sin-fast-1202", "metrics": {"position_rmse_m": 0.020780525298072516, "rotation_rmse_rad": 0.027335123150354967, "composite": 0.11790391893089036, "rotation_orthogonality_max": 8.940696716308594e-07, "rotation_determinant_max_error": 8.940696716308594e-07}}
{"row": "test_sin-fast-1303", "metrics": {"position_rmse_m": 0.02086304804792016, "rotation_rmse_rad": 0.029185258059249517, "composite": 0.12870460618348137, "rotation_orthogonality_max": 1.1920928955078125e-06, "rotation_determinant_max_error": 7.748603820800781e-07}}
{"row": "test_sin-slow-1101", "metrics": {"position_rmse_m": 0.035886765930002146, "rotation_rmse_rad": 0.10583898361066807, "composite": 1.2489750420654024, "rotation_orthogonality_max": 1.0728836059570312e-06, "rotation_determinant_max_error": 8.344650268554688e-07}}
{"row": "test_sin-slow-1202", "metrics": {"position_rmse_m": 0.03799334680426228, "rotation_rmse_rad": 0.10782721680339688, "composite": 1.30702030849557, "rotation_orthogonality_max": 1.0728836059570312e-06, "rotation_determinant_max_error": 7.152557373046875e-07}}
{"row": "test_sin-slow-1303", "metrics": {"position_rmse_m": 0.03365266486883406, "rotation_rmse_rad": 0.10642947895669772, "composite": 1.2459735843768218, "rotation_orthogonality_max": 1.0132789611816406e-06, "rotation_determinant_max_error": 8.344650268554688e-07}}
{"row": "test_sin-half-1101", "metrics": {"position_rmse_m": 0.022543050162424794, "rotation_rmse_rad": 0.0580864490589512, "composite": 0.38822246749037326, "rotation_orthogonality_max": 1.1920928955078125e-06, "rotation_determinant_max_error": 9.5367431640625e-07}}
{"row": "test_sin-half-1202", "metrics": {"position_rmse_m": 0.023612819936743273, "rotation_rmse_rad": 0.05858960913154919, "composite": 0.3990307563552771, "rotation_orthogonality_max": 1.0728836059570312e-06, "rotation_determinant_max_error": 8.344650268554688e-07}}
{"row": "test_sin-half-1303", "metrics": {"position_rmse_m": 0.022157911103793893, "rotation_rmse_rad": 0.058412201095608504, "composite": 0.3902958261317439, "rotation_orthogonality_max": 1.0728836059570312e-06, "rotation_determinant_max_error": 9.5367431640625e-07}}
{"row": "test_sin-probe_half-1101", "metrics": {"position_rmse_m": 0.022543050162424794, "rotation_rmse_rad": 0.0580864490589512, "composite": 0.38822246749037326, "rotation_orthogonality_max": 1.1920928955078125e-06, "rotation_determinant_max_error": 9.5367431640625e-07}}
{"row": "test_sin-probe_half-1202", "metrics": {"position_rmse_m": 0.023612819936743273, "rotation_rmse_rad": 0.05858960913154919, "composite": 0.3990307563552771, "rotation_orthogonality_max": 1.0728836059570312e-06, "rotation_determinant_max_error": 8.344650268554688e-07}}
{"row": "test_sin-probe_half-1303", "metrics": {"position_rmse_m": 0.022157911103793893, "rotation_rmse_rad": 0.058412201095608504, "composite": 0.3902958261317439, "rotation_orthogonality_max": 1.0728836059570312e-06, "rotation_determinant_max_error": 9.5367431640625e-07}}
{"row": "test_sin-probe_inverse-1101", "metrics": {"position_rmse_m": 0.022399391212031657, "rotation_rmse_rad": 0.037899022274107394, "composite": 0.19380686160029292, "rotation_orthogonality_max": 1.0728836059570312e-06, "rotation_determinant_max_error": 1.0132789611816406e-06}}
{"row": "test_sin-probe_inverse-1202", "metrics": {"position_rmse_m": 0.02250562582238558, "rotation_rmse_rad": 0.03725472195766046, "composite": 0.1894417501799817, "rotation_orthogonality_max": 1.0728836059570312e-06, "rotation_determinant_max_error": 8.344650268554688e-07}}
{"row": "test_sin-probe_inverse-1303", "metrics": {"position_rmse_m": 0.021818376482850295, "rotation_rmse_rad": 0.03721759019447148, "composite": 0.18611905722310143, "rotation_orthogonality_max": 1.1920928955078125e-06, "rotation_determinant_max_error": 8.344650268554688e-07}}
{"row": "test_sin-probe_fit-1101", "metrics": {"position_rmse_m": 0.023913496123768835, "rotation_rmse_rad": 0.0390159437265522, "composite": 0.2094099161734995, "rotation_orthogonality_max": 9.5367431640625e-07, "rotation_determinant_max_error": 8.344650268554688e-07}}
{"row": "test_sin-probe_fit-1202", "metrics": {"position_rmse_m": 0.023957466571507605, "rotation_rmse_rad": 0.03948249633686174, "composite": 0.2132827721515204, "rotation_orthogonality_max": 1.0728836059570312e-06, "rotation_determinant_max_error": 8.344650268554688e-07}}
{"row": "test_sin-probe_fit-1303", "metrics": {"position_rmse_m": 0.023369197586257186, "rotation_rmse_rad": 0.03903442027359382, "composite": 0.20698053619210807, "rotation_orthogonality_max": 1.1920928955078125e-06, "rotation_determinant_max_error": 8.344650268554688e-07}}
{"row": "test_zigzag-fast-1101", "metrics": {"position_rmse_m": 0.06109795905101082, "rotation_rmse_rad": 0.1371027874532321, "composite": 2.253013492764512, "rotation_orthogonality_max": 9.5367431640625e-07, "rotation_determinant_max_error": 7.152557373046875e-07}}
{"row": "test_zigzag-fast-1202", "metrics": {"position_rmse_m": 0.061129468681929526, "rotation_rmse_rad": 0.13769376442036943, "composite": 2.269638470158719, "rotation_orthogonality_max": 9.5367431640625e-07, "rotation_determinant_max_error": 7.152557373046875e-07}}
{"row": "test_zigzag-fast-1303", "metrics": {"position_rmse_m": 0.061645961526155396, "rotation_rmse_rad": 0.13359392990615962, "composite": 2.1647562680256116, "rotation_orthogonality_max": 8.940696716308594e-07, "rotation_determinant_max_error": 7.152557373046875e-07}}
{"row": "test_zigzag-slow-1101", "metrics": {"position_rmse_m": 0.06787754611535261, "rotation_rmse_rad": 0.08978564157277286, "composite": 1.2668822699276254, "rotation_orthogonality_max": 8.344650268554688e-07, "rotation_determinant_max_error": 6.556510925292969e-07}}
{"row": "test_zigzag-slow-1202", "metrics": {"position_rmse_m": 0.06849353769478662, "rotation_rmse_rad": 0.09245252023576743, "composite": 1.323883320389214, "rotation_orthogonality_max": 1.0728836059570312e-06, "rotation_determinant_max_error": 8.344650268554688e-07}}
{"row": "test_zigzag-slow-1303", "metrics": {"position_rmse_m": 0.06761850328461538, "rotation_rmse_rad": 0.09032257903326557, "composite": 1.2730430269672042, "rotation_orthogonality_max": 9.5367431640625e-07, "rotation_determinant_max_error": 7.152557373046875e-07}}
{"row": "test_zigzag-half-1101", "metrics": {"position_rmse_m": 0.05635064314756012, "rotation_rmse_rad": 0.10426714318443152, "composite": 1.4047032130986408, "rotation_orthogonality_max": 1.0728836059570312e-06, "rotation_determinant_max_error": 7.152557373046875e-07}}
{"row": "test_zigzag-half-1202", "metrics": {"position_rmse_m": 0.05668383666885407, "rotation_rmse_rad": 0.10578592491743118, "composite": 1.4403719250137708, "rotation_orthogonality_max": 1.0728836059570312e-06, "rotation_determinant_max_error": 8.344650268554688e-07}}
{"row": "test_zigzag-half-1303", "metrics": {"position_rmse_m": 0.05649704137638004, "rotation_rmse_rad": 0.103099591282016, "composite": 1.3821441406803145, "rotation_orthogonality_max": 9.5367431640625e-07, "rotation_determinant_max_error": 7.152557373046875e-07}}
{"row": "test_zigzag-probe_half-1101", "metrics": {"position_rmse_m": 0.05635064314756012, "rotation_rmse_rad": 0.10426714318443152, "composite": 1.4047032130986408, "rotation_orthogonality_max": 1.0728836059570312e-06, "rotation_determinant_max_error": 7.152557373046875e-07}}
{"row": "test_zigzag-probe_half-1202", "metrics": {"position_rmse_m": 0.05668383666885407, "rotation_rmse_rad": 0.10578592491743118, "composite": 1.4403719250137708, "rotation_orthogonality_max": 1.0728836059570312e-06, "rotation_determinant_max_error": 8.344650268554688e-07}}
{"row": "test_zigzag-probe_half-1303", "metrics": {"position_rmse_m": 0.05649704137638004, "rotation_rmse_rad": 0.103099591282016, "composite": 1.3821441406803145, "rotation_orthogonality_max": 9.5367431640625e-07, "rotation_determinant_max_error": 7.152557373046875e-07}}
{"row": "test_zigzag-probe_inverse-1101", "metrics": {"position_rmse_m": 0.05758790051597679, "rotation_rmse_rad": 0.11594994228004653, "composite": 1.6760755400584157, "rotation_orthogonality_max": 9.5367431640625e-07, "rotation_determinant_max_error": 7.152557373046875e-07}}
{"row": "test_zigzag-probe_inverse-1202", "metrics": {"position_rmse_m": 0.0589128032303623, "rotation_rmse_rad": 0.11763305633120949, "composite": 1.7308254326280885, "rotation_orthogonality_max": 1.0728836059570312e-06, "rotation_determinant_max_error": 8.344650268554688e-07}}
{"row": "test_zigzag-probe_inverse-1303", "metrics": {"position_rmse_m": 0.05834568032242929, "rotation_rmse_rad": 0.11343744699620363, "composite": 1.6272272793303615, "rotation_orthogonality_max": 9.5367431640625e-07, "rotation_determinant_max_error": 7.152557373046875e-07}}
{"row": "test_zigzag-probe_fit-1101", "metrics": {"position_rmse_m": 0.059907305634275126, "rotation_rmse_rad": 0.12279792336634694, "composite": 1.8668215251445663, "rotation_orthogonality_max": 8.940696716308594e-07, "rotation_determinant_max_error": 7.152557373046875e-07}}
{"row": "test_zigzag-probe_fit-1202", "metrics": {"position_rmse_m": 0.060948505541236674, "rotation_rmse_rad": 0.12421060796538576, "composite": 1.9142995458840903, "rotation_orthogonality_max": 8.344650268554688e-07, "rotation_determinant_max_error": 8.940696716308594e-07}}
{"row": "test_zigzag-probe_fit-1303", "metrics": {"position_rmse_m": 0.06093409389128869, "rotation_rmse_rad": 0.119768834487583, "composite": 1.8057537512866433, "rotation_orthogonality_max": 8.940696716308594e-07, "rotation_determinant_max_error": 7.152557373046875e-07}}
{"completed": "output/pose-probe-blend-v1/experiment-01/run-01", "wall_seconds": 8.936860667075962}
