{"completed": 1, "key": "lpv_recurrent-8101-lr0", "status": "PASS", "updates": 4096}
{"completed": 2, "key": "lpv_instant-8101-lr0", "status": "PASS", "updates": 4096}
{"completed": 3, "key": "lpv_constant-8101-lr0", "status": "PASS", "updates": 4096}
{"completed": 4, "key": "gru_residual-8101-lr0", "status": "PASS", "updates": 4096}
{"completed": 5, "key": "lpv_recurrent-8101-lr1", "status": "PASS", "updates": 4096}
{"completed": 6, "key": "lpv_instant-8101-lr1", "status": "PASS", "updates": 4096}
{"completed": 7, "key": "lpv_constant-8101-lr1", "status": "PASS", "updates": 4096}
{"completed": 8, "key": "gru_residual-8101-lr1", "status": "PASS", "updates": 4096}
{"completed": 9, "key": "lpv_recurrent-8102-lr0", "status": "PASS", "updates": 4096}
{"completed": 10, "key": "lpv_instant-8102-lr0", "status": "PASS", "updates": 4096}
{"completed": 11, "key": "lpv_constant-8102-lr0", "status": "PASS", "updates": 4096}
{"completed": 12, "key": "gru_residual-8102-lr0", "status": "PASS", "updates": 4096}
{"completed": 13, "key": "lpv_recurrent-8102-lr1", "status": "PASS", "updates": 4096}
{"completed": 14, "key": "lpv_instant-8102-lr1", "status": "PASS", "updates": 4096}
{"completed": 15, "key": "lpv_constant-8102-lr1", "status": "PASS", "updates": 4096}
{"completed": 16, "key": "gru_residual-8102-lr1", "status": "PASS", "updates": 4096}
{"completed": 17, "key": "lpv_recurrent-8103-lr0", "status": "PASS", "updates": 4096}
{"completed": 18, "key": "lpv_instant-8103-lr0", "status": "PASS", "updates": 4096}
{"completed": 19, "key": "lpv_constant-8103-lr0", "status": "PASS", "updates": 4096}
{"completed": 20, "key": "gru_residual-8103-lr0", "status": "PASS", "updates": 4096}
{"completed": 21, "key": "lpv_recurrent-8103-lr1", "status": "PASS", "updates": 4096}
{"completed": 22, "key": "lpv_instant-8103-lr1", "status": "PASS", "updates": 4096}
{"completed": 23, "key": "lpv_constant-8103-lr1", "status": "PASS", "updates": 4096}
{"completed": 24, "key": "gru_residual-8103-lr1", "status": "PASS", "updates": 4096}
{"status": "DO_NOT_ADVANCE_TRANSITION", "passed": 27, "total": 45, "conditions": [{"name": "all_selected_families_and_causal_ridge_eligible", "passed": true}, {"name": "recording_2021_12_15_21H_54M.mat/mean_5pct/lpv_instant", "passed": false}, {"name": "recording_2021_12_15_21H_54M.mat/seed8101_2pct/lpv_instant", "passed": false}, {"name": "recording_2021_12_15_21H_54M.mat/seed8102_2pct/lpv_instant", "passed": false}, {"name": "recording_2021_12_15_21H_54M.mat/seed8103_2pct/lpv_instant", "passed": true}, {"name": "recording_2021_12_15_21H_54M.mat/mean_5pct/lpv_constant", "passed": true}, {"name": "recording_2021_12_15_21H_54M.mat/seed8101_2pct/lpv_constant", "passed": true}, {"name": "recording_2021_12_15_21H_54M.mat/seed8102_2pct/lpv_constant", "passed": true}, {"name": "recording_2021_12_15_21H_54M.mat/seed8103_2pct/lpv_constant", "passed": true}, {"name": "recording_2021_12_15_21H_54M.mat/mean_5pct/gru_residual", "passed": true}, {"name": "recording_2021_12_15_21H_54M.mat/seed8101_2pct/gru_residual", "passed": true}, {"name": "recording_2021_12_15_21H_54M.mat/seed8102_2pct/gru_residual", "passed": true}, {"name": "recording_2021_12_15_21H_54M.mat/seed8103_2pct/gru_residual", "passed": true}, {"name": "recording_2021_12_15_21H_54M.mat/mean_5pct/linear_frozen", "passed": true}, {"name": "recording_2021_12_15_21H_54M.mat/mean_5pct/persistence", "passed": true}, {"name": "recording_2021_12_15_21H_54M.mat/within_5pct_causal_ridge", "passed": true}, {"name": "recording_2021_12_15_21H_54M.mat/joint0_no_10pct_harm", "passed": true}, {"name": "recording_2021_12_15_21H_54M.mat/joint1_no_10pct_harm", "passed": true}, {"name": "recording_2021_12_15_21H_54M.mat/joint2_no_10pct_harm", "passed": true}, {"name": "recording_2021_12_15_21H_54M.mat/joint3_no_10pct_harm", "passed": false}, {"name": "recording_2021_12_15_21H_54M.mat/joint4_no_10pct_harm", "passed": true}, {"name": "recording_2021_12_15_21H_54M.mat/joint5_no_10pct_harm", "passed": true}, {"name": "recording_2021_12_15_22H_10M.mat/mean_5pct/lpv_instant", "passed": false}, {"name": "recording_2021_12_15_22H_10M.mat/seed8101_2pct/lpv_instant", "passed": false}, {"name": "recording_2021_12_15_22H_10M.mat/seed8102_2pct/lpv_instant", "passed": false}, {"name": "recording_2021_12_15_22H_10M.mat/seed8103_2pct/lpv_instant", "passed": false}, {"name": "recording_2021_12_15_22H_10M.mat/mean_5pct/lpv_constant", "passed": false}, {"name": "recording_2021_12_15_22H_10M.mat/seed8101_2pct/lpv_constant", "passed": true}, {"name": "recording_2021_12_15_22H_10M.mat/seed8102_2pct/lpv_constant", "passed": false}, {"name": "recording_2021_12_15_22H_10M.mat/seed8103_2pct/lpv_constant", "passed": false}, {"name": "recording_2021_12_15_22H_10M.mat/mean_5pct/gru_residual", "passed": false}, {"name": "recording_2021_12_15_22H_10M.mat/seed8101_2pct/gru_residual", "passed": false}, {"name": "recording_2021_12_15_22H_10M.mat/seed8102_2pct/gru_residual", "passed": false}, {"name": "recording_2021_12_15_22H_10M.mat/seed8103_2pct/gru_residual", "passed": false}, {"name": "recording_2021_12_15_22H_10M.mat/mean_5pct/linear_frozen", "passed": true}, {"name": "recording_2021_12_15_22H_10M.mat/mean_5pct/persistence", "passed": true}, {"name": "recording_2021_12_15_22H_10M.mat/within_5pct_causal_ridge", "passed": true}, {"name": "recording_2021_12_15_22H_10M.mat/joint0_no_10pct_harm", "passed": true}, {"name": "recording_2021_12_15_22H_10M.mat/joint1_no_10pct_harm", "passed": true}, {"name": "recording_2021_12_15_22H_10M.mat/joint2_no_10pct_harm", "passed": false}, {"name": "recording_2021_12_15_22H_10M.mat/joint3_no_10pct_harm", "passed": false}, {"name": "recording_2021_12_15_22H_10M.mat/joint4_no_10pct_harm", "passed": true}, {"name": "recording_2021_12_15_22H_10M.mat/joint5_no_10pct_harm", "passed": true}, {"name": "at_most_twice_gru_latency", "passed": false}, {"name": "at_most_gru_numeric_storage", "passed": true}], "details": {"recording_2021_12_15_21H_54M.mat": {"means": {"lpv_recurrent": 0.6284949192233406, "lpv_instant": 0.6258207780717132, "lpv_constant": 0.6835289917148968, "gru_residual": 0.6822487342753524}, "references": {"causal_ridge_1": 0.7442245238288899, "causal_ridge_100": 0.6754474634486927, "linear_frozen": 1.0877737441922855, "persistence": 1.2329376342156586}}, "recording_2021_12_15_22H_10M.mat": {"means": {"lpv_recurrent": 0.7512076185383706, "lpv_instant": 0.6795917657989942, "lpv_constant": 0.7567978753051995, "gru_residual": 0.7257598775248509}, "references": {"causal_ridge_1": 0.8113468127378697, "causal_ridge_100": 0.740766028463826, "linear_frozen": 1.0861539278016477, "persistence": 1.3466662276393335}}}, "scope": "adaptive development result, not independent confirmation, official benchmark score or novel architecture evidence"}
