{"fit": "transported_delta-101", "epoch": 1, "train_mse": 0.94664972225825}
{"fit": "transported_delta-101", "epoch": 2, "train_mse": 0.9090611139933268}
{"fit": "transported_delta-101", "epoch": 3, "train_mse": 0.9012677113215128}
{"fit": "transported_delta-101", "epoch": 4, "train_mse": 0.8976356705029805}
{"fit": "transported_delta-101", "epoch": 5, "train_mse": 0.8949686010678609}
{"fit": "transported_delta-101", "epoch": 6, "train_mse": 0.8911180257797241}
{"fit": "transported_delta-101", "epoch": 7, "train_mse": 0.8887011965115865}
{"fit": "transported_delta-101", "epoch": 8, "train_mse": 0.8849830985069275}
{"fit": "transported_delta-101", "epoch": 9, "train_mse": 0.8789873957633972}
{"fit": "transported_delta-101", "epoch": 10, "train_mse": 0.8730290969212849}
{"fit": "transported_delta-101", "epoch": 11, "train_mse": 0.8680137912432353}
{"fit": "transported_delta-101", "epoch": 12, "train_mse": 0.8585972905158996}
{"fit": "transported_delta-101", "epoch": 13, "train_mse": 0.8484294493993123}
{"fit": "transported_delta-101", "epoch": 14, "train_mse": 0.8338460723559061}
{"fit": "transported_delta-101", "epoch": 15, "train_mse": 0.8149866541226705}
{"fit": "transported_delta-101", "epoch": 16, "train_mse": 0.7888662656148274}
{"fit": "transported_delta-101", "epoch": 17, "train_mse": 0.7555500070254008}
{"fit": "transported_delta-101", "epoch": 18, "train_mse": 0.7145586093266805}
{"fit": "transported_delta-101", "epoch": 19, "train_mse": 0.6711179335912069}
{"fit": "transported_delta-101", "epoch": 20, "train_mse": 0.6170188585917155}
{"fit": "decay_delta-101", "epoch": 1, "train_mse": 0.9383991956710815}
{"fit": "decay_delta-101", "epoch": 2, "train_mse": 0.9019556482632954}
{"fit": "decay_delta-101", "epoch": 3, "train_mse": 0.8922381202379862}
{"fit": "decay_delta-101", "epoch": 4, "train_mse": 0.8870120724042256}
{"fit": "decay_delta-101", "epoch": 5, "train_mse": 0.8818752964337667}
{"fit": "decay_delta-101", "epoch": 6, "train_mse": 0.8753466804822286}
{"fit": "decay_delta-101", "epoch": 7, "train_mse": 0.8692237655321757}
{"fit": "decay_delta-101", "epoch": 8, "train_mse": 0.8610487421353658}
{"fit": "decay_delta-101", "epoch": 9, "train_mse": 0.8480664849281311}
{"fit": "decay_delta-101", "epoch": 10, "train_mse": 0.8340675393740337}
{"fit": "decay_delta-101", "epoch": 11, "train_mse": 0.818995189666748}
{"fit": "decay_delta-101", "epoch": 12, "train_mse": 0.7990564346313477}
{"fit": "decay_delta-101", "epoch": 13, "train_mse": 0.7777596394220988}
{"fit": "decay_delta-101", "epoch": 14, "train_mse": 0.7531408389409383}
{"fit": "decay_delta-101", "epoch": 15, "train_mse": 0.7269736647605896}
{"fit": "decay_delta-101", "epoch": 16, "train_mse": 0.7003637115160625}
{"fit": "decay_delta-101", "epoch": 17, "train_mse": 0.6726584712664286}
{"fit": "decay_delta-101", "epoch": 18, "train_mse": 0.6415053208669027}
{"fit": "decay_delta-101", "epoch": 19, "train_mse": 0.6156026045481364}
{"fit": "decay_delta-101", "epoch": 20, "train_mse": 0.5838556488355001}
{"fit": "gru-101", "epoch": 1, "train_mse": 0.9003987391789754}
{"fit": "gru-101", "epoch": 2, "train_mse": 0.6223779579003652}
{"fit": "gru-101", "epoch": 3, "train_mse": 0.326877890030543}
{"fit": "gru-101", "epoch": 4, "train_mse": 0.178787499666214}
{"fit": "gru-101", "epoch": 5, "train_mse": 0.11204122354586919}
{"fit": "gru-101", "epoch": 6, "train_mse": 0.07798819566766421}
{"fit": "gru-101", "epoch": 7, "train_mse": 0.05811712766687075}
{"fit": "gru-101", "epoch": 8, "train_mse": 0.04732077183822791}
{"fit": "gru-101", "epoch": 9, "train_mse": 0.04175543549160163}
{"fit": "gru-101", "epoch": 10, "train_mse": 0.03692828603088856}
{"fit": "gru-101", "epoch": 11, "train_mse": 0.033236893142263094}
{"fit": "gru-101", "epoch": 12, "train_mse": 0.03059785726169745}
{"fit": "gru-101", "epoch": 13, "train_mse": 0.02826763056218624}
{"fit": "gru-101", "epoch": 14, "train_mse": 0.027216918642322223}
{"fit": "gru-101", "epoch": 15, "train_mse": 0.026045882577697434}
{"fit": "gru-101", "epoch": 16, "train_mse": 0.0245591901242733}
{"fit": "gru-101", "epoch": 17, "train_mse": 0.02284480823824803}
{"fit": "gru-101", "epoch": 18, "train_mse": 0.022067498105267685}
{"fit": "gru-101", "epoch": 19, "train_mse": 0.020714802853763103}
{"fit": "gru-101", "epoch": 20, "train_mse": 0.0201598159968853}
{"fit": "history16-101", "epoch": 1, "train_mse": 0.9003985047340393}
{"fit": "history16-101", "epoch": 2, "train_mse": 0.622442622979482}
{"fit": "history16-101", "epoch": 3, "train_mse": 0.32772414982318876}
{"fit": "history16-101", "epoch": 4, "train_mse": 0.17931130776802698}
{"fit": "history16-101", "epoch": 5, "train_mse": 0.11214844187100728}
{"fit": "history16-101", "epoch": 6, "train_mse": 0.07808053120970726}
{"fit": "history16-101", "epoch": 7, "train_mse": 0.058161909133195876}
{"fit": "history16-101", "epoch": 8, "train_mse": 0.04736149683594704}
{"fit": "history16-101", "epoch": 9, "train_mse": 0.04182690034310023}
{"fit": "history16-101", "epoch": 10, "train_mse": 0.037030944724877675}
{"fit": "history16-101", "epoch": 11, "train_mse": 0.033374366164207456}
{"fit": "history16-101", "epoch": 12, "train_mse": 0.03075161799788475}
{"fit": "history16-101", "epoch": 13, "train_mse": 0.028372864176829656}
{"fit": "history16-101", "epoch": 14, "train_mse": 0.027255654707551}
{"fit": "history16-101", "epoch": 15, "train_mse": 0.02605188178519408}
{"fit": "history16-101", "epoch": 16, "train_mse": 0.024560815282166006}
{"fit": "history16-101", "epoch": 17, "train_mse": 0.0228788781290253}
{"fit": "history16-101", "epoch": 18, "train_mse": 0.022109615368147692}
{"fit": "history16-101", "epoch": 19, "train_mse": 0.020759348136683304}
{"fit": "history16-101", "epoch": 20, "train_mse": 0.020175902172923088}
{"fit": "diagonal_filter-101", "epoch": 1, "train_mse": 1.0832330346107484}
{"fit": "diagonal_filter-101", "epoch": 2, "train_mse": 0.9257187406222026}
{"fit": "diagonal_filter-101", "epoch": 3, "train_mse": 0.8938147187232971}
{"fit": "diagonal_filter-101", "epoch": 4, "train_mse": 0.8763011217117309}
{"fit": "diagonal_filter-101", "epoch": 5, "train_mse": 0.8522070010503133}
{"fit": "diagonal_filter-101", "epoch": 6, "train_mse": 0.8190915028254191}
{"fit": "diagonal_filter-101", "epoch": 7, "train_mse": 0.774310314655304}
{"fit": "diagonal_filter-101", "epoch": 8, "train_mse": 0.7193061431248983}
{"fit": "diagonal_filter-101", "epoch": 9, "train_mse": 0.6583292524019877}
{"fit": "diagonal_filter-101", "epoch": 10, "train_mse": 0.5974310477574666}
{"fit": "diagonal_filter-101", "epoch": 11, "train_mse": 0.5396035015583038}
{"fit": "diagonal_filter-101", "epoch": 12, "train_mse": 0.48153128822644553}
{"fit": "diagonal_filter-101", "epoch": 13, "train_mse": 0.4272729774316152}
{"fit": "diagonal_filter-101", "epoch": 14, "train_mse": 0.3755322337150574}
{"fit": "diagonal_filter-101", "epoch": 15, "train_mse": 0.3320597449938456}
{"fit": "diagonal_filter-101", "epoch": 16, "train_mse": 0.29507414201895393}
{"fit": "diagonal_filter-101", "epoch": 17, "train_mse": 0.2663306832313538}
{"fit": "diagonal_filter-101", "epoch": 18, "train_mse": 0.23980311354001363}
{"fit": "diagonal_filter-101", "epoch": 19, "train_mse": 0.2193605770667394}
{"fit": "diagonal_filter-101", "epoch": 20, "train_mse": 0.2021248588959376}
{"fit": "transported_delta-202", "epoch": 1, "train_mse": 0.9613696257273356}
{"fit": "transported_delta-202", "epoch": 2, "train_mse": 0.905565369129181}
{"fit": "transported_delta-202", "epoch": 3, "train_mse": 0.8995146155357361}
{"fit": "transported_delta-202", "epoch": 4, "train_mse": 0.8941887021064758}
{"fit": "transported_delta-202", "epoch": 5, "train_mse": 0.8910473545392354}
{"fit": "transported_delta-202", "epoch": 6, "train_mse": 0.887533704439799}
{"fit": "transported_delta-202", "epoch": 7, "train_mse": 0.8794803977012634}
{"fit": "transported_delta-202", "epoch": 8, "train_mse": 0.8737816015879313}
{"fit": "transported_delta-202", "epoch": 9, "train_mse": 0.8643179297447204}
{"fit": "transported_delta-202", "epoch": 10, "train_mse": 0.8516091863314311}
{"fit": "transported_delta-202", "epoch": 11, "train_mse": 0.8345867196718851}
{"fit": "transported_delta-202", "epoch": 12, "train_mse": 0.8155243277549744}
{"fit": "transported_delta-202", "epoch": 13, "train_mse": 0.7895533780256907}
{"fit": "transported_delta-202", "epoch": 14, "train_mse": 0.7635648687680562}
{"fit": "transported_delta-202", "epoch": 15, "train_mse": 0.7317472457885742}
{"fit": "transported_delta-202", "epoch": 16, "train_mse": 0.7007843653361002}
{"fit": "transported_delta-202", "epoch": 17, "train_mse": 0.6640156666437785}
{"fit": "transported_delta-202", "epoch": 18, "train_mse": 0.6228954156239828}
{"fit": "transported_delta-202", "epoch": 19, "train_mse": 0.5754883845647176}
{"fit": "transported_delta-202", "epoch": 20, "train_mse": 0.5310765266418457}
{"fit": "decay_delta-202", "epoch": 1, "train_mse": 0.9412881374359131}
{"fit": "decay_delta-202", "epoch": 2, "train_mse": 0.888660442829132}
{"fit": "decay_delta-202", "epoch": 3, "train_mse": 0.8812332510948181}
{"fit": "decay_delta-202", "epoch": 4, "train_mse": 0.8727999846140544}
{"fit": "decay_delta-202", "epoch": 5, "train_mse": 0.8655770063400269}
{"fit": "decay_delta-202", "epoch": 6, "train_mse": 0.8575047930081685}
{"fit": "decay_delta-202", "epoch": 7, "train_mse": 0.8405108412106832}
{"fit": "decay_delta-202", "epoch": 8, "train_mse": 0.8257551868756612}
{"fit": "decay_delta-202", "epoch": 9, "train_mse": 0.8059612711270651}
{"fit": "decay_delta-202", "epoch": 10, "train_mse": 0.7810439666112264}
{"fit": "decay_delta-202", "epoch": 11, "train_mse": 0.7504513581593831}
{"fit": "decay_delta-202", "epoch": 12, "train_mse": 0.7163125356038411}
{"fit": "decay_delta-202", "epoch": 13, "train_mse": 0.6754029273986817}
{"fit": "decay_delta-202", "epoch": 14, "train_mse": 0.6340568463007609}
{"fit": "decay_delta-202", "epoch": 15, "train_mse": 0.5901131570339203}
{"fit": "decay_delta-202", "epoch": 16, "train_mse": 0.5497958799203236}
{"fit": "decay_delta-202", "epoch": 17, "train_mse": 0.5082421938578288}
{"fit": "decay_delta-202", "epoch": 18, "train_mse": 0.4692271073659261}
{"fit": "decay_delta-202", "epoch": 19, "train_mse": 0.43368112643559775}
{"fit": "decay_delta-202", "epoch": 20, "train_mse": 0.400256617863973}
{"fit": "gru-202", "epoch": 1, "train_mse": 0.8884990413983663}
{"fit": "gru-202", "epoch": 2, "train_mse": 0.5976434608300527}
{"fit": "gru-202", "epoch": 3, "train_mse": 0.3418508390585581}
{"fit": "gru-202", "epoch": 4, "train_mse": 0.20815826853116354}
{"fit": "gru-202", "epoch": 5, "train_mse": 0.13374298612276714}
{"fit": "gru-202", "epoch": 6, "train_mse": 0.08854087814688683}
{"fit": "gru-202", "epoch": 7, "train_mse": 0.06704015259941419}
{"fit": "gru-202", "epoch": 8, "train_mse": 0.0538850059111913}
{"fit": "gru-202", "epoch": 9, "train_mse": 0.044605810567736624}
{"fit": "gru-202", "epoch": 10, "train_mse": 0.03908093596498172}
{"fit": "gru-202", "epoch": 11, "train_mse": 0.034293460100889205}
{"fit": "gru-202", "epoch": 12, "train_mse": 0.03172110877931118}
{"fit": "gru-202", "epoch": 13, "train_mse": 0.029596433664361637}
{"fit": "gru-202", "epoch": 14, "train_mse": 0.026690174266695975}
{"fit": "gru-202", "epoch": 15, "train_mse": 0.02575259966154893}
{"fit": "gru-202", "epoch": 16, "train_mse": 0.022855337088306744}
{"fit": "gru-202", "epoch": 17, "train_mse": 0.022092487290501596}
{"fit": "gru-202", "epoch": 18, "train_mse": 0.02054994199424982}
{"fit": "gru-202", "epoch": 19, "train_mse": 0.02038401657094558}
{"fit": "gru-202", "epoch": 20, "train_mse": 0.01922510421524445}
{"fit": "history16-202", "epoch": 1, "train_mse": 0.8885002295176189}
{"fit": "history16-202", "epoch": 2, "train_mse": 0.5978602349758149}
{"fit": "history16-202", "epoch": 3, "train_mse": 0.3421051025390625}
{"fit": "history16-202", "epoch": 4, "train_mse": 0.20839881896972656}
{"fit": "history16-202", "epoch": 5, "train_mse": 0.1339391604065895}
{"fit": "history16-202", "epoch": 6, "train_mse": 0.08868195240696271}
{"fit": "history16-202", "epoch": 7, "train_mse": 0.06714292913675309}
{"fit": "history16-202", "epoch": 8, "train_mse": 0.05396456718444824}
{"fit": "history16-202", "epoch": 9, "train_mse": 0.04466765138010184}
{"fit": "history16-202", "epoch": 10, "train_mse": 0.0391562016059955}
{"fit": "history16-202", "epoch": 11, "train_mse": 0.03435803428292274}
{"fit": "history16-202", "epoch": 12, "train_mse": 0.03178111252685388}
{"fit": "history16-202", "epoch": 13, "train_mse": 0.029629083598653475}
{"fit": "history16-202", "epoch": 14, "train_mse": 0.026713058228294055}
{"fit": "history16-202", "epoch": 15, "train_mse": 0.02576602945725123}
{"fit": "history16-202", "epoch": 16, "train_mse": 0.02288261577486992}
{"fit": "history16-202", "epoch": 17, "train_mse": 0.022113457880914213}
{"fit": "history16-202", "epoch": 18, "train_mse": 0.02057978603988886}
{"fit": "history16-202", "epoch": 19, "train_mse": 0.020424150178829828}
{"fit": "history16-202", "epoch": 20, "train_mse": 0.019257167167961598}
{"fit": "diagonal_filter-202", "epoch": 1, "train_mse": 0.9993195692698161}
{"fit": "diagonal_filter-202", "epoch": 2, "train_mse": 0.9092543880144756}
{"fit": "diagonal_filter-202", "epoch": 3, "train_mse": 0.8799476385116577}
{"fit": "diagonal_filter-202", "epoch": 4, "train_mse": 0.8540717959403992}
{"fit": "diagonal_filter-202", "epoch": 5, "train_mse": 0.8208078702290853}
{"fit": "diagonal_filter-202", "epoch": 6, "train_mse": 0.7820934375127157}
{"fit": "diagonal_filter-202", "epoch": 7, "train_mse": 0.7197613497575124}
{"fit": "diagonal_filter-202", "epoch": 8, "train_mse": 0.6580937087535859}
{"fit": "diagonal_filter-202", "epoch": 9, "train_mse": 0.6050766090552012}
{"fit": "diagonal_filter-202", "epoch": 10, "train_mse": 0.5553695480028789}
{"fit": "diagonal_filter-202", "epoch": 11, "train_mse": 0.5012540300687154}
{"fit": "diagonal_filter-202", "epoch": 12, "train_mse": 0.4441071391105652}
{"fit": "diagonal_filter-202", "epoch": 13, "train_mse": 0.39251635074615476}
{"fit": "diagonal_filter-202", "epoch": 14, "train_mse": 0.346355606118838}
{"fit": "diagonal_filter-202", "epoch": 15, "train_mse": 0.3065628985563914}
{"fit": "diagonal_filter-202", "epoch": 16, "train_mse": 0.27390122711658477}
{"fit": "diagonal_filter-202", "epoch": 17, "train_mse": 0.24394757449626922}
{"fit": "diagonal_filter-202", "epoch": 18, "train_mse": 0.21937036216259004}
{"fit": "diagonal_filter-202", "epoch": 19, "train_mse": 0.19976526200771333}
{"fit": "diagonal_filter-202", "epoch": 20, "train_mse": 0.1812861144542694}
{"fit": "transported_delta-303", "epoch": 1, "train_mse": 0.9735745390256246}
{"fit": "transported_delta-303", "epoch": 2, "train_mse": 0.9111066301663716}
{"fit": "transported_delta-303", "epoch": 3, "train_mse": 0.9005584557851155}
{"fit": "transported_delta-303", "epoch": 4, "train_mse": 0.8951180775960287}
{"fit": "transported_delta-303", "epoch": 5, "train_mse": 0.8892283956209819}
{"fit": "transported_delta-303", "epoch": 6, "train_mse": 0.882373301188151}
{"fit": "transported_delta-303", "epoch": 7, "train_mse": 0.8717386285463969}
{"fit": "transported_delta-303", "epoch": 8, "train_mse": 0.861068061987559}
{"fit": "transported_delta-303", "epoch": 9, "train_mse": 0.8456252654393513}
{"fit": "transported_delta-303", "epoch": 10, "train_mse": 0.8273436387379964}
{"fit": "transported_delta-303", "epoch": 11, "train_mse": 0.8054985682169596}
{"fit": "transported_delta-303", "epoch": 12, "train_mse": 0.7798911412556966}
{"fit": "transported_delta-303", "epoch": 13, "train_mse": 0.751064678033193}
{"fit": "transported_delta-303", "epoch": 14, "train_mse": 0.718181296189626}
{"fit": "transported_delta-303", "epoch": 15, "train_mse": 0.6857210338115692}
{"fit": "transported_delta-303", "epoch": 16, "train_mse": 0.6541816790898641}
{"fit": "transported_delta-303", "epoch": 17, "train_mse": 0.6268874684969584}
{"fit": "transported_delta-303", "epoch": 18, "train_mse": 0.5979982713858286}
{"fit": "transported_delta-303", "epoch": 19, "train_mse": 0.5729820807774861}
{"fit": "transported_delta-303", "epoch": 20, "train_mse": 0.5468262374401093}
{"fit": "decay_delta-303", "epoch": 1, "train_mse": 0.965437134106954}
{"fit": "decay_delta-303", "epoch": 2, "train_mse": 0.8902212421099345}
{"fit": "decay_delta-303", "epoch": 3, "train_mse": 0.8796736399332682}
{"fit": "decay_delta-303", "epoch": 4, "train_mse": 0.8707792242368062}
{"fit": "decay_delta-303", "epoch": 5, "train_mse": 0.8615959008534749}
{"fit": "decay_delta-303", "epoch": 6, "train_mse": 0.8505415876706441}
{"fit": "decay_delta-303", "epoch": 7, "train_mse": 0.8356658776601156}
{"fit": "decay_delta-303", "epoch": 8, "train_mse": 0.8202154517173768}
{"fit": "decay_delta-303", "epoch": 9, "train_mse": 0.7995018720626831}
{"fit": "decay_delta-303", "epoch": 10, "train_mse": 0.7761641860008239}
{"fit": "decay_delta-303", "epoch": 11, "train_mse": 0.7471648891766866}
{"fit": "decay_delta-303", "epoch": 12, "train_mse": 0.7149454673131307}
{"fit": "decay_delta-303", "epoch": 13, "train_mse": 0.6816048204898835}
{"fit": "decay_delta-303", "epoch": 14, "train_mse": 0.643069205681483}
{"fit": "decay_delta-303", "epoch": 15, "train_mse": 0.6028986791769664}
{"fit": "decay_delta-303", "epoch": 16, "train_mse": 0.5632215519746144}
{"fit": "decay_delta-303", "epoch": 17, "train_mse": 0.5247815291086833}
{"fit": "decay_delta-303", "epoch": 18, "train_mse": 0.48911465803782145}
{"fit": "decay_delta-303", "epoch": 19, "train_mse": 0.4567285557587942}
{"fit": "decay_delta-303", "epoch": 20, "train_mse": 0.42351339260737103}
{"fit": "gru-303", "epoch": 1, "train_mse": 0.9025822758674622}
{"fit": "gru-303", "epoch": 2, "train_mse": 0.6152612924575805}
{"fit": "gru-303", "epoch": 3, "train_mse": 0.3435857514540354}
{"fit": "gru-303", "epoch": 4, "train_mse": 0.18962193032105765}
{"fit": "gru-303", "epoch": 5, "train_mse": 0.11594671756029129}
{"fit": "gru-303", "epoch": 6, "train_mse": 0.07783507133523623}
{"fit": "gru-303", "epoch": 7, "train_mse": 0.05886699507633845}
{"fit": "gru-303", "epoch": 8, "train_mse": 0.048236213127772015}
{"fit": "gru-303", "epoch": 9, "train_mse": 0.04246894083917141}
{"fit": "gru-303", "epoch": 10, "train_mse": 0.03696499342719714}
{"fit": "gru-303", "epoch": 11, "train_mse": 0.03263674080371857}
{"fit": "gru-303", "epoch": 12, "train_mse": 0.029710221290588378}
{"fit": "gru-303", "epoch": 13, "train_mse": 0.026763501452902953}
{"fit": "gru-303", "epoch": 14, "train_mse": 0.025086547061800957}
{"fit": "gru-303", "epoch": 15, "train_mse": 0.024733720223108928}
{"fit": "gru-303", "epoch": 16, "train_mse": 0.022482290429373584}
{"fit": "gru-303", "epoch": 17, "train_mse": 0.021761853930850825}
{"fit": "gru-303", "epoch": 18, "train_mse": 0.020315390142301718}
{"fit": "gru-303", "epoch": 19, "train_mse": 0.019295834998289744}
{"fit": "gru-303", "epoch": 20, "train_mse": 0.01858429374794165}
{"fit": "history16-303", "epoch": 1, "train_mse": 0.9025826454162598}
{"fit": "history16-303", "epoch": 2, "train_mse": 0.615360575914383}
{"fit": "history16-303", "epoch": 3, "train_mse": 0.3436749557654063}
{"fit": "history16-303", "epoch": 4, "train_mse": 0.18980283240477244}
{"fit": "history16-303", "epoch": 5, "train_mse": 0.11603716363509496}
{"fit": "history16-303", "epoch": 6, "train_mse": 0.07790003617604574}
{"fit": "history16-303", "epoch": 7, "train_mse": 0.05893471824626128}
{"fit": "history16-303", "epoch": 8, "train_mse": 0.048283879583080606}
{"fit": "history16-303", "epoch": 9, "train_mse": 0.04250496352712314}
{"fit": "history16-303", "epoch": 10, "train_mse": 0.03698871818681558}
{"fit": "history16-303", "epoch": 11, "train_mse": 0.03266280901928743}
{"fit": "history16-303", "epoch": 12, "train_mse": 0.029730614523092905}
{"fit": "history16-303", "epoch": 13, "train_mse": 0.02678266471872727}
{"fit": "history16-303", "epoch": 14, "train_mse": 0.025104507431387903}
{"fit": "history16-303", "epoch": 15, "train_mse": 0.024746271719535192}
{"fit": "history16-303", "epoch": 16, "train_mse": 0.022484145127236843}
{"fit": "history16-303", "epoch": 17, "train_mse": 0.021776102483272552}
{"fit": "history16-303", "epoch": 18, "train_mse": 0.020323319360613823}
{"fit": "history16-303", "epoch": 19, "train_mse": 0.019305181317031385}
{"fit": "history16-303", "epoch": 20, "train_mse": 0.018598113333185513}
{"fit": "diagonal_filter-303", "epoch": 1, "train_mse": 0.9815001527468363}
{"fit": "diagonal_filter-303", "epoch": 2, "train_mse": 0.9020520965258281}
{"fit": "diagonal_filter-303", "epoch": 3, "train_mse": 0.8727179567019144}
{"fit": "diagonal_filter-303", "epoch": 4, "train_mse": 0.8449477275212606}
{"fit": "diagonal_filter-303", "epoch": 5, "train_mse": 0.8119890610376994}
{"fit": "diagonal_filter-303", "epoch": 6, "train_mse": 0.7687232335408528}
{"fit": "diagonal_filter-303", "epoch": 7, "train_mse": 0.7172549764315287}
{"fit": "diagonal_filter-303", "epoch": 8, "train_mse": 0.665833975871404}
{"fit": "diagonal_filter-303", "epoch": 9, "train_mse": 0.6116592089335123}
{"fit": "diagonal_filter-303", "epoch": 10, "train_mse": 0.5514255205790202}
{"fit": "diagonal_filter-303", "epoch": 11, "train_mse": 0.49406192302703855}
{"fit": "diagonal_filter-303", "epoch": 12, "train_mse": 0.44213968912760415}
{"fit": "diagonal_filter-303", "epoch": 13, "train_mse": 0.3923448463280996}
{"fit": "diagonal_filter-303", "epoch": 14, "train_mse": 0.35392080148061117}
{"fit": "diagonal_filter-303", "epoch": 15, "train_mse": 0.3158449371655782}
{"fit": "diagonal_filter-303", "epoch": 16, "train_mse": 0.28217276334762575}
{"fit": "diagonal_filter-303", "epoch": 17, "train_mse": 0.2539185454448064}
{"fit": "diagonal_filter-303", "epoch": 18, "train_mse": 0.22777889271577198}
{"fit": "diagonal_filter-303", "epoch": 19, "train_mse": 0.20665338337421418}
{"fit": "diagonal_filter-303", "epoch": 20, "train_mse": 0.18963573773701986}
{"completed": "output/action-filter-v1/experiment-01/run-01", "wall_seconds": 40.98351675015874}
