{"phase": "slot_complete", "name": "nominal--000", "seconds": 0.5938279160764068}
{"phase": "slot_complete", "name": "nominal--050", "seconds": 0.5678710420615971}
{"phase": "slot_complete", "name": "nominal--100", "seconds": 0.6018848330713809}
{"phase": "slot_complete", "name": "nominal--150", "seconds": 0.5768202499020845}
{"phase": "slot_complete", "name": "public_gain--000", "seconds": 0.566422917181626}
{"phase": "slot_complete", "name": "public_gain--050", "seconds": 0.5997054160106927}
{"phase": "slot_complete", "name": "public_gain--100", "seconds": 0.5860639999154955}
{"phase": "slot_complete", "name": "public_gain--150", "seconds": 0.585192124824971}
{"phase": "slot_complete", "name": "true_state--000", "seconds": 0.5696060829795897}
{"phase": "slot_complete", "name": "true_state--050", "seconds": 0.6133708748966455}
{"phase": "slot_complete", "name": "true_state--100", "seconds": 0.6320398750249296}
{"phase": "slot_complete", "name": "true_state--150", "seconds": 0.6332004999276251}
{"phase": "audit_complete", "name": "nominal--000"}
{"phase": "audit_complete", "name": "nominal--050"}
{"phase": "audit_complete", "name": "nominal--100"}
{"phase": "audit_complete", "name": "nominal--150"}
{"phase": "audit_complete", "name": "public_gain--000"}
{"phase": "audit_complete", "name": "public_gain--050"}
{"phase": "audit_complete", "name": "public_gain--100"}
{"phase": "audit_complete", "name": "public_gain--150"}
{"phase": "audit_complete", "name": "true_state--000"}
{"phase": "audit_complete", "name": "true_state--050"}
{"phase": "audit_complete", "name": "true_state--100"}
{"phase": "audit_complete", "name": "true_state--150"}
