
==================================== ERRORS ====================================
_____________ ERROR collecting tests/test_otto_pretrained_value.py _____________
ImportError while importing test module '/Users/kevinwu/Documents/research/WikiSkills-RL/OpenJev/tests/test_otto_pretrained_value.py'.
Hint: make sure your test modules/packages have valid Python names.
Traceback:
../../../../.local/share/uv/python/cpython-3.12.13-macos-aarch64-none/lib/python3.12/importlib/__init__.py:90: in import_module
    return _bootstrap._gcd_import(name[level:], package, level)
           ^^^^^^^^^^^^^^^^^^^^^^^^^^^^^^^^^^^^^^^^^^^^^^^^^^^^
tests/test_otto_pretrained_value.py:9: in <module>
    from openjev.research import otto_pretrained_value as M
E   ModuleNotFoundError: No module named 'openjev'
____________ ERROR collecting tests/test_qualify_otto_pretrained.py ____________
ImportError while importing test module '/Users/kevinwu/Documents/research/WikiSkills-RL/OpenJev/tests/test_qualify_otto_pretrained.py'.
Hint: make sure your test modules/packages have valid Python names.
Traceback:
../../../../.local/share/uv/python/cpython-3.12.13-macos-aarch64-none/lib/python3.12/importlib/__init__.py:90: in import_module
    return _bootstrap._gcd_import(name[level:], package, level)
           ^^^^^^^^^^^^^^^^^^^^^^^^^^^^^^^^^^^^^^^^^^^^^^^^^^^^
tests/test_qualify_otto_pretrained.py:14: in <module>
    from openjev.research import otto_pretrained_value as PORT
E   ModuleNotFoundError: No module named 'openjev'
=========================== short test summary info ============================
ERROR tests/test_otto_pretrained_value.py
ERROR tests/test_qualify_otto_pretrained.py
!!!!!!!!!!!!!!!!!!! Interrupted: 2 errors during collection !!!!!!!!!!!!!!!!!!!!
2 errors in 0.17s
