{"panel": "test_sin", "seed": 1101, "windows_completed": 40}
{"panel": "test_sin", "seed": 1101, "windows_completed": 80}
{"panel": "test_sin", "seed": 1101, "windows_completed": 120}
{"panel": "test_sin", "seed": 1101, "windows_completed": 160}
{"panel": "test_sin", "seed": 1101, "trace_sha256": "1b31b7ddaded405364b648c9b664ea50bd38a3710eccb996b71feee29a4279ed", "bounds_sha256": "b50fb4fd04b79edf6ac012aabf97b76f5852139708c29ea7853313487311979d", "constant_searches": 160, "objective_evaluations": 19606, "certified_searches": 160, "search_seconds": 0.7146285427734256, "wall_seconds": 0.8867433329578489}
{"panel": "test_sin", "seed": 1202, "windows_completed": 40}
{"panel": "test_sin", "seed": 1202, "windows_completed": 80}
{"panel": "test_sin", "seed": 1202, "windows_completed": 120}
{"panel": "test_sin", "seed": 1202, "windows_completed": 160}
{"panel": "test_sin", "seed": 1202, "trace_sha256": "b3f5c0091f369432656f0b0d3f5472220de2d1a1818446618f3b0b091bd297f6", "bounds_sha256": "57bc5efc936df91f752078afd6f1aebcbb46395b2be577cad8614b0765ab3bd9", "constant_searches": 160, "objective_evaluations": 18154, "certified_searches": 160, "search_seconds": 0.6583910763729364, "wall_seconds": 0.8186055410187691}
{"panel": "test_sin", "seed": 1303, "windows_completed": 40}
{"panel": "test_sin", "seed": 1303, "windows_completed": 80}
{"panel": "test_sin", "seed": 1303, "windows_completed": 120}
{"panel": "test_sin", "seed": 1303, "windows_completed": 160}
{"panel": "test_sin", "seed": 1303, "trace_sha256": "451ff2c5deba39c970be299795161f5d266042987f31e0d5832cc73dd8bd1975", "bounds_sha256": "67d4bfa1876c945d91f43737dd40241c23afa23e6df703e6c341b5265c3025aa", "constant_searches": 160, "objective_evaluations": 20046, "certified_searches": 160, "search_seconds": 0.7524787485599518, "wall_seconds": 0.9297470001038164}
{"panel": "test_zigzag", "seed": 1101, "windows_completed": 40}
{"panel": "test_zigzag", "seed": 1101, "windows_completed": 80}
{"panel": "test_zigzag", "seed": 1101, "windows_completed": 120}
{"panel": "test_zigzag", "seed": 1101, "windows_completed": 160}
{"panel": "test_zigzag", "seed": 1101, "trace_sha256": "74122952a5d6615a8cca6af1cb5ed2bc6f21c94b4a5a6c46a1c501dacd005af2", "bounds_sha256": "135e70967a182657a034fb6cdb845f88b6a4670947001831736a8347028c1fe7", "constant_searches": 160, "objective_evaluations": 65318, "certified_searches": 160, "search_seconds": 2.251444256165996, "wall_seconds": 2.8001532920170575}
{"panel": "test_zigzag", "seed": 1202, "windows_completed": 40}
{"panel": "test_zigzag", "seed": 1202, "windows_completed": 80}
{"panel": "test_zigzag", "seed": 1202, "windows_completed": 120}
{"panel": "test_zigzag", "seed": 1202, "windows_completed": 160}
{"panel": "test_zigzag", "seed": 1202, "trace_sha256": "b202dbaa0b05a1a9ba06bcd54e5ee96a917ac7afe367f0cf9ca7ac2844654e2a", "bounds_sha256": "81adba2d76c1c01da52875aa3aa81c04c721896e58c87bddef79d5457e327b4b", "constant_searches": 160, "objective_evaluations": 66422, "certified_searches": 160, "search_seconds": 2.2960786672774702, "wall_seconds": 2.8654289171099663}
{"panel": "test_zigzag", "seed": 1303, "windows_completed": 40}
{"panel": "test_zigzag", "seed": 1303, "windows_completed": 80}
{"panel": "test_zigzag", "seed": 1303, "windows_completed": 120}
{"panel": "test_zigzag", "seed": 1303, "windows_completed": 160}
{"panel": "test_zigzag", "seed": 1303, "trace_sha256": "0a7debf40428b92cdbe96f54b176fe983f7b5fadaf03f05bac36e94a9ba8b766", "bounds_sha256": "1ed50898f05f27858f02f97f801d5087232204b12a09501931a05941d57fc8bf", "constant_searches": 160, "objective_evaluations": 67962, "certified_searches": 159, "search_seconds": 2.338914037682116, "wall_seconds": 2.915610499912873}
{"completed": "output/pose-capacity-v1/experiment-01/run-01", "wall_seconds": 11.470126040978357}
