{"completed_fit": "residual_gru-pair0"}
{"completed_fit": "encoded_current_gru-pair0"}
{"completed_fit": "cached_gru-pair0"}
{"completed_fit": "packet_mlp-pair0"}
{"completed_fit": "cached_mlp-pair0"}
{"completed_fit": "encoded_current_gru-pair1"}
{"completed_fit": "cached_gru-pair1"}
{"completed_fit": "packet_mlp-pair1"}
{"completed_fit": "cached_mlp-pair1"}
{"completed_fit": "residual_gru-pair1"}
{"completed_fit": "cached_gru-pair2"}
{"completed_fit": "packet_mlp-pair2"}
{"completed_fit": "cached_mlp-pair2"}
{"completed_fit": "residual_gru-pair2"}
{"completed_fit": "encoded_current_gru-pair2"}
{"completed_control": "full/residual_gru-pair0"}
{"completed_control": "full/encoded_current_gru-pair0"}
{"completed_control": "full/cached_gru-pair0"}
{"completed_control": "full/packet_mlp-pair0"}
{"completed_control": "full/cached_mlp-pair0"}
{"completed_control": "full/encoded_current_gru-pair1"}
{"completed_control": "full/cached_gru-pair1"}
{"completed_control": "full/packet_mlp-pair1"}
{"completed_control": "full/cached_mlp-pair1"}
{"completed_control": "full/residual_gru-pair1"}
{"completed_control": "full/cached_gru-pair2"}
{"completed_control": "full/packet_mlp-pair2"}
{"completed_control": "full/cached_mlp-pair2"}
{"completed_control": "full/residual_gru-pair2"}
{"completed_control": "full/encoded_current_gru-pair2"}
{"completed_control": "full/known_state"}
{"completed_control": "full/particle"}
{"completed_control": "full/zero"}
{"completed_control": "full/uniform"}
{"completed_control": "full/public_kinematic"}
{"completed_control": "ordinary/residual_gru-pair0"}
{"completed_control": "ordinary/encoded_current_gru-pair0"}
{"completed_control": "ordinary/cached_gru-pair0"}
{"completed_control": "ordinary/packet_mlp-pair0"}
{"completed_control": "ordinary/cached_mlp-pair0"}
{"completed_control": "ordinary/encoded_current_gru-pair1"}
{"completed_control": "ordinary/cached_gru-pair1"}
{"completed_control": "ordinary/packet_mlp-pair1"}
{"completed_control": "ordinary/cached_mlp-pair1"}
{"completed_control": "ordinary/residual_gru-pair1"}
{"completed_control": "ordinary/cached_gru-pair2"}
{"completed_control": "ordinary/packet_mlp-pair2"}
{"completed_control": "ordinary/cached_mlp-pair2"}
{"completed_control": "ordinary/residual_gru-pair2"}
{"completed_control": "ordinary/encoded_current_gru-pair2"}
{"completed_control": "ordinary/known_state"}
{"completed_control": "ordinary/particle"}
{"completed_control": "ordinary/zero"}
{"completed_control": "ordinary/uniform"}
{"completed_control": "ordinary/public_kinematic"}
{"completed_control": "shift/residual_gru-pair0"}
{"completed_control": "shift/encoded_current_gru-pair0"}
{"completed_control": "shift/cached_gru-pair0"}
{"completed_control": "shift/packet_mlp-pair0"}
{"completed_control": "shift/cached_mlp-pair0"}
{"completed_control": "shift/encoded_current_gru-pair1"}
{"completed_control": "shift/cached_gru-pair1"}
{"completed_control": "shift/packet_mlp-pair1"}
{"completed_control": "shift/cached_mlp-pair1"}
{"completed_control": "shift/residual_gru-pair1"}
{"completed_control": "shift/cached_gru-pair2"}
{"completed_control": "shift/packet_mlp-pair2"}
{"completed_control": "shift/cached_mlp-pair2"}
{"completed_control": "shift/residual_gru-pair2"}
{"completed_control": "shift/encoded_current_gru-pair2"}
{"completed_control": "shift/known_state"}
{"completed_control": "shift/particle"}
{"completed_control": "shift/zero"}
{"completed_control": "shift/uniform"}
{"completed_control": "shift/public_kinematic"}
{"status": "completed", "fits": 15, "control_rows": 60, "wall_seconds": 1234.3413764999714}
