
==================================== ERRORS ====================================
___________ ERROR collecting tests/test_otto_query_pair_rollouts.py ____________
ImportError while importing test module '/Users/kevinwu/Documents/research/WikiSkills-RL/OpenJev/tests/test_otto_query_pair_rollouts.py'.
Hint: make sure your test modules/packages have valid Python names.
Traceback:
../../../../.local/share/uv/python/cpython-3.12.13-macos-aarch64-none/lib/python3.12/importlib/__init__.py:90: in import_module
    return _bootstrap._gcd_import(name[level:], package, level)
           ^^^^^^^^^^^^^^^^^^^^^^^^^^^^^^^^^^^^^^^^^^^^^^^^^^^^
tests/test_otto_query_pair_rollouts.py:7: in <module>
    from openjev.research import otto_query_pair_rollouts as pair
E   ModuleNotFoundError: No module named 'openjev'
_____________ ERROR collecting tests/test_otto_query_advantage.py ______________
ImportError while importing test module '/Users/kevinwu/Documents/research/WikiSkills-RL/OpenJev/tests/test_otto_query_advantage.py'.
Hint: make sure your test modules/packages have valid Python names.
Traceback:
../../../../.local/share/uv/python/cpython-3.12.13-macos-aarch64-none/lib/python3.12/importlib/__init__.py:90: in import_module
    return _bootstrap._gcd_import(name[level:], package, level)
           ^^^^^^^^^^^^^^^^^^^^^^^^^^^^^^^^^^^^^^^^^^^^^^^^^^^^
tests/test_otto_query_advantage.py:10: in <module>
    from openjev.research.otto_query_advantage import summarize_advantage, summarize_signal
E   ModuleNotFoundError: No module named 'openjev'
=========================== short test summary info ============================
ERROR tests/test_otto_query_pair_rollouts.py
ERROR tests/test_otto_query_advantage.py
!!!!!!!!!!!!!!!!!!! Interrupted: 2 errors during collection !!!!!!!!!!!!!!!!!!!!
2 errors in 0.18s
