{"phase": "train", "regime": "lambda3", "behavior": "teacher", "case": 0, "retained_rows": 64}
{"phase": "train", "regime": "lambda3", "behavior": "teacher", "case": 12, "retained_rows": 308}
{"phase": "train", "regime": "lambda3", "behavior": "teacher", "case": 24, "retained_rows": 601}
{"phase": "train", "regime": "lambda3", "behavior": "teacher", "case": 36, "retained_rows": 946}
{"phase": "train", "regime": "lambda3", "behavior": "teacher", "case": 48, "retained_rows": 1225}
{"phase": "train", "regime": "lambda3", "behavior": "teacher", "case": 60, "retained_rows": 1512}
{"phase": "train", "regime": "lambda3", "behavior": "teacher", "case": 72, "retained_rows": 1754}
{"phase": "train", "regime": "lambda3", "behavior": "teacher", "case": 84, "retained_rows": 2022}
{"phase": "train", "regime": "lambda4", "behavior": "teacher", "case": 0, "retained_rows": 2346}
{"phase": "train", "regime": "lambda4", "behavior": "teacher", "case": 12, "retained_rows": 2680}
{"phase": "train", "regime": "lambda4", "behavior": "teacher", "case": 24, "retained_rows": 3017}
{"phase": "train", "regime": "lambda4", "behavior": "teacher", "case": 36, "retained_rows": 3420}
{"phase": "train", "regime": "lambda4", "behavior": "teacher", "case": 48, "retained_rows": 3652}
{"phase": "train", "regime": "lambda4", "behavior": "teacher", "case": 60, "retained_rows": 4054}
{"phase": "train", "regime": "lambda4", "behavior": "teacher", "case": 72, "retained_rows": 4402}
{"phase": "train", "regime": "lambda4", "behavior": "teacher", "case": 84, "retained_rows": 4797}
{"phase": "valid", "regime": "lambda3", "behavior": "teacher", "case": 0, "retained_rows": 14}
{"phase": "valid", "regime": "lambda3", "behavior": "teacher", "case": 12, "retained_rows": 179}
{"phase": "valid", "regime": "lambda4", "behavior": "teacher", "case": 0, "retained_rows": 417}
{"phase": "valid", "regime": "lambda4", "behavior": "teacher", "case": 12, "retained_rows": 820}
{"stage": "initial", "fit_id": "shared@9101", "epoch": 5, "training_weighted_ce": 1.1745667490615603, "weighted_ce": 1.1799823337131077, "argmax_agreement": 0.527536231884058}
{"stage": "initial", "fit_id": "shared@9101", "epoch": 10, "training_weighted_ce": 1.0801752834969442, "weighted_ce": 1.0993909826601185, "argmax_agreement": 0.6106280193236715}
{"stage": "initial", "fit_id": "shared@9101", "epoch": 15, "training_weighted_ce": 1.013578300710151, "weighted_ce": 1.0585224317467732, "argmax_agreement": 0.672463768115942}
{"stage": "initial", "fit_id": "shared@9101", "epoch": 20, "training_weighted_ce": 0.9694554027544536, "weighted_ce": 1.022035386827257, "argmax_agreement": 0.7043478260869566}
{"stage": "initial", "fit_id": "shared@9101", "epoch": 25, "training_weighted_ce": 0.9399378126043227, "weighted_ce": 1.002667490641276, "argmax_agreement": 0.706280193236715}
{"stage": "initial", "fit_id": "shared@9101", "epoch": 30, "training_weighted_ce": 0.9193731244839285, "weighted_ce": 0.9892855178906722, "argmax_agreement": 0.7217391304347827}
{"stage": "initial", "fit_id": "shared@9101", "epoch": 35, "training_weighted_ce": 0.9051736844312739, "weighted_ce": 0.9803132946364546, "argmax_agreement": 0.7178743961352657}
{"stage": "initial", "fit_id": "shared@9101", "epoch": 40, "training_weighted_ce": 0.8932040910445218, "weighted_ce": 0.9810205137096165, "argmax_agreement": 0.7265700483091787}
{"stage": "initial", "fit_id": "dense@9101", "epoch": 5, "training_weighted_ce": 1.2365553552728745, "weighted_ce": 1.2361989486620621, "argmax_agreement": 0.4386473429951691}
{"stage": "initial", "fit_id": "dense@9101", "epoch": 10, "training_weighted_ce": 1.1833538380956612, "weighted_ce": 1.1942826165093317, "argmax_agreement": 0.47342995169082125}
{"stage": "initial", "fit_id": "dense@9101", "epoch": 15, "training_weighted_ce": 1.1355703694425872, "weighted_ce": 1.1616201354685614, "argmax_agreement": 0.4966183574879227}
{"stage": "initial", "fit_id": "dense@9101", "epoch": 20, "training_weighted_ce": 1.0975525240905684, "weighted_ce": 1.1330134442463013, "argmax_agreement": 0.527536231884058}
{"stage": "initial", "fit_id": "dense@9101", "epoch": 25, "training_weighted_ce": 1.0695398990256582, "weighted_ce": 1.1125415120147852, "argmax_agreement": 0.527536231884058}
{"stage": "initial", "fit_id": "dense@9101", "epoch": 30, "training_weighted_ce": 1.0456526269067024, "weighted_ce": 1.0955893548790383, "argmax_agreement": 0.5816425120772947}
{"stage": "initial", "fit_id": "dense@9101", "epoch": 35, "training_weighted_ce": 1.0262103749944969, "weighted_ce": 1.080272995216259, "argmax_agreement": 0.5545893719806764}
{"stage": "initial", "fit_id": "dense@9101", "epoch": 40, "training_weighted_ce": 1.009956711214493, "weighted_ce": 1.0732436138650645, "argmax_agreement": 0.5603864734299517}
{"stage": "initial", "fit_id": "shared@9102", "epoch": 5, "training_weighted_ce": 1.1802368553875933, "weighted_ce": 1.1908376389655515, "argmax_agreement": 0.5111111111111111}
{"stage": "initial", "fit_id": "shared@9102", "epoch": 10, "training_weighted_ce": 1.0940983230314458, "weighted_ce": 1.1215465416654873, "argmax_agreement": 0.6}
{"stage": "initial", "fit_id": "shared@9102", "epoch": 15, "training_weighted_ce": 1.0195074705783091, "weighted_ce": 1.0657089233398438, "argmax_agreement": 0.6589371980676328}
{"stage": "initial", "fit_id": "shared@9102", "epoch": 20, "training_weighted_ce": 0.9723426622241995, "weighted_ce": 1.0291284644085428, "argmax_agreement": 0.6879227053140097}
{"stage": "initial", "fit_id": "shared@9102", "epoch": 25, "training_weighted_ce": 0.9422318035897431, "weighted_ce": 1.0193224957599731, "argmax_agreement": 0.6956521739130435}
{"stage": "initial", "fit_id": "shared@9102", "epoch": 30, "training_weighted_ce": 0.9189857052888364, "weighted_ce": 0.9972492899871679, "argmax_agreement": 0.7227053140096619}
{"stage": "initial", "fit_id": "shared@9102", "epoch": 35, "training_weighted_ce": 0.9032309412106766, "weighted_ce": 0.9956254986749179, "argmax_agreement": 0.7265700483091787}
{"stage": "initial", "fit_id": "shared@9102", "epoch": 40, "training_weighted_ce": 0.8942359872781749, "weighted_ce": 0.9894292969634567, "argmax_agreement": 0.7371980676328502}
{"stage": "initial", "fit_id": "dense@9102", "epoch": 5, "training_weighted_ce": 1.234997752065802, "weighted_ce": 1.2327060607320444, "argmax_agreement": 0.47053140096618357}
{"stage": "initial", "fit_id": "dense@9102", "epoch": 10, "training_weighted_ce": 1.1797886227013474, "weighted_ce": 1.1909962529721467, "argmax_agreement": 0.4782608695652174}
{"stage": "initial", "fit_id": "dense@9102", "epoch": 15, "training_weighted_ce": 1.135963838249563, "weighted_ce": 1.1612176167216277, "argmax_agreement": 0.5217391304347826}
{"stage": "initial", "fit_id": "dense@9102", "epoch": 20, "training_weighted_ce": 1.1044775845979946, "weighted_ce": 1.1409784731657608, "argmax_agreement": 0.5207729468599034}
{"stage": "initial", "fit_id": "dense@9102", "epoch": 25, "training_weighted_ce": 1.081432505250449, "weighted_ce": 1.126991950141059, "argmax_agreement": 0.5342995169082125}
{"stage": "initial", "fit_id": "dense@9102", "epoch": 30, "training_weighted_ce": 1.0604491083280303, "weighted_ce": 1.1086969237396682, "argmax_agreement": 0.5729468599033817}
{"stage": "initial", "fit_id": "dense@9102", "epoch": 35, "training_weighted_ce": 1.0418671957576267, "weighted_ce": 1.0964310134666553, "argmax_agreement": 0.5768115942028985}
{"stage": "initial", "fit_id": "dense@9102", "epoch": 40, "training_weighted_ce": 1.0282374173520767, "weighted_ce": 1.0831677238722355, "argmax_agreement": 0.5845410628019324}
{"stage": "initial", "fit_id": "shared@9103", "epoch": 5, "training_weighted_ce": 1.1741300924656792, "weighted_ce": 1.180541944273428, "argmax_agreement": 0.5285024154589372}
{"stage": "initial", "fit_id": "shared@9103", "epoch": 10, "training_weighted_ce": 1.0773522150676966, "weighted_ce": 1.1018023578441085, "argmax_agreement": 0.6}
{"stage": "initial", "fit_id": "shared@9103", "epoch": 15, "training_weighted_ce": 1.0124110474250474, "weighted_ce": 1.0550140417716354, "argmax_agreement": 0.6879227053140097}
{"stage": "initial", "fit_id": "shared@9103", "epoch": 20, "training_weighted_ce": 0.9726745511271703, "weighted_ce": 1.030835193136464, "argmax_agreement": 0.7140096618357488}
{"stage": "initial", "fit_id": "shared@9103", "epoch": 25, "training_weighted_ce": 0.9423151436252246, "weighted_ce": 1.0102435420676705, "argmax_agreement": 0.7256038647342995}
{"stage": "initial", "fit_id": "shared@9103", "epoch": 30, "training_weighted_ce": 0.9194526102272934, "weighted_ce": 1.002911330881902, "argmax_agreement": 0.7304347826086957}
{"stage": "initial", "fit_id": "shared@9103", "epoch": 35, "training_weighted_ce": 0.9024312644842968, "weighted_ce": 0.9864758109124963, "argmax_agreement": 0.7555555555555555}
{"stage": "initial", "fit_id": "shared@9103", "epoch": 40, "training_weighted_ce": 0.8899588164883008, "weighted_ce": 0.9843050178122406, "argmax_agreement": 0.7410628019323672}
{"stage": "initial", "fit_id": "dense@9103", "epoch": 5, "training_weighted_ce": 1.239194805388024, "weighted_ce": 1.2354290432400175, "argmax_agreement": 0.47439613526570046}
{"stage": "initial", "fit_id": "dense@9103", "epoch": 10, "training_weighted_ce": 1.1899930856007013, "weighted_ce": 1.198202064993301, "argmax_agreement": 0.5072463768115942}
{"stage": "initial", "fit_id": "dense@9103", "epoch": 15, "training_weighted_ce": 1.1489688420427855, "weighted_ce": 1.1697262160444029, "argmax_agreement": 0.49468599033816424}
{"stage": "initial", "fit_id": "dense@9103", "epoch": 20, "training_weighted_ce": 1.1147232015078161, "weighted_ce": 1.145762932818869, "argmax_agreement": 0.5420289855072464}
{"stage": "initial", "fit_id": "dense@9103", "epoch": 25, "training_weighted_ce": 1.0862265031486869, "weighted_ce": 1.1226480751221883, "argmax_agreement": 0.5748792270531401}
{"stage": "initial", "fit_id": "dense@9103", "epoch": 30, "training_weighted_ce": 1.0648533540024987, "weighted_ce": 1.1024347793652816, "argmax_agreement": 0.5961352657004831}
{"stage": "initial", "fit_id": "dense@9103", "epoch": 35, "training_weighted_ce": 1.0420795512029508, "weighted_ce": 1.0893762450287308, "argmax_agreement": 0.6086956521739131}
{"stage": "initial", "fit_id": "dense@9103", "epoch": 40, "training_weighted_ce": 1.024498498071684, "weighted_ce": 1.080752156206951, "argmax_agreement": 0.6231884057971014}
{"phase": "dagger", "regime": "lambda3", "behavior": "shared@9101", "case": 0, "retained_rows": 64}
{"phase": "dagger", "regime": "lambda3", "behavior": "dense@9101", "case": 0, "retained_rows": 422}
{"phase": "dagger", "regime": "lambda3", "behavior": "shared@9102", "case": 0, "retained_rows": 845}
{"phase": "dagger", "regime": "lambda3", "behavior": "dense@9102", "case": 0, "retained_rows": 1187}
{"phase": "dagger", "regime": "lambda3", "behavior": "shared@9103", "case": 0, "retained_rows": 1683}
{"phase": "dagger", "regime": "lambda3", "behavior": "dense@9103", "case": 0, "retained_rows": 1998}
{"phase": "dagger", "regime": "lambda4", "behavior": "shared@9101", "case": 0, "retained_rows": 2270}
{"phase": "dagger", "regime": "lambda4", "behavior": "dense@9101", "case": 0, "retained_rows": 2641}
{"phase": "dagger", "regime": "lambda4", "behavior": "shared@9102", "case": 0, "retained_rows": 3075}
{"phase": "dagger", "regime": "lambda4", "behavior": "dense@9102", "case": 0, "retained_rows": 3508}
{"phase": "dagger", "regime": "lambda4", "behavior": "shared@9103", "case": 0, "retained_rows": 4017}
{"phase": "dagger", "regime": "lambda4", "behavior": "dense@9103", "case": 0, "retained_rows": 4322}
{"stage": "final", "fit_id": "shared@9101", "epoch": 5, "training_weighted_ce": 0.8920997721243458, "weighted_ce": 0.9871635473868697, "argmax_agreement": 0.7101449275362319}
{"stage": "final", "fit_id": "shared@9101", "epoch": 10, "training_weighted_ce": 0.8741539818532826, "weighted_ce": 0.973412109227572, "argmax_agreement": 0.7516908212560387}
{"stage": "final", "fit_id": "shared@9101", "epoch": 15, "training_weighted_ce": 0.8658337938054086, "weighted_ce": 0.9698826849748547, "argmax_agreement": 0.7381642512077294}
{"stage": "final", "fit_id": "shared@9101", "epoch": 20, "training_weighted_ce": 0.85779631384965, "weighted_ce": 0.9726121008684094, "argmax_agreement": 0.7381642512077294}
{"stage": "final", "fit_id": "shared@9101", "epoch": 25, "training_weighted_ce": 0.8521188436258293, "weighted_ce": 0.9589521251438896, "argmax_agreement": 0.7536231884057971}
{"stage": "final", "fit_id": "shared@9101", "epoch": 30, "training_weighted_ce": 0.8455729643701518, "weighted_ce": 0.9674148946568586, "argmax_agreement": 0.7507246376811594}
{"stage": "final", "fit_id": "shared@9101", "epoch": 35, "training_weighted_ce": 0.8423256289899645, "weighted_ce": 0.963772479808273, "argmax_agreement": 0.748792270531401}
{"stage": "final", "fit_id": "shared@9101", "epoch": 40, "training_weighted_ce": 0.8386595095963423, "weighted_ce": 0.9665839116930386, "argmax_agreement": 0.7420289855072464}
{"stage": "final", "fit_id": "dense@9101", "epoch": 5, "training_weighted_ce": 0.9936866523021489, "weighted_ce": 1.0604901944957494, "argmax_agreement": 0.5855072463768116}
{"stage": "final", "fit_id": "dense@9101", "epoch": 10, "training_weighted_ce": 0.9638270874126238, "weighted_ce": 1.0485750299720948, "argmax_agreement": 0.6077294685990338}
{"stage": "final", "fit_id": "dense@9101", "epoch": 15, "training_weighted_ce": 0.9486654173477768, "weighted_ce": 1.03823752656651, "argmax_agreement": 0.6260869565217392}
{"stage": "final", "fit_id": "dense@9101", "epoch": 20, "training_weighted_ce": 0.9378765732494753, "weighted_ce": 1.0267273686358318, "argmax_agreement": 0.5990338164251208}
{"stage": "final", "fit_id": "dense@9101", "epoch": 25, "training_weighted_ce": 0.9303856637347397, "weighted_ce": 1.0179954141810321, "argmax_agreement": 0.6405797101449275}
{"stage": "final", "fit_id": "dense@9101", "epoch": 30, "training_weighted_ce": 0.9259431766435677, "weighted_ce": 1.0154034508599175, "argmax_agreement": 0.633816425120773}
{"stage": "final", "fit_id": "dense@9101", "epoch": 35, "training_weighted_ce": 0.9197696130074079, "weighted_ce": 1.0030917163056452, "argmax_agreement": 0.6512077294685991}
{"stage": "final", "fit_id": "dense@9101", "epoch": 40, "training_weighted_ce": 0.9173251788809921, "weighted_ce": 1.0151699840158657, "argmax_agreement": 0.6541062801932367}
{"stage": "final", "fit_id": "shared@9102", "epoch": 5, "training_weighted_ce": 0.896760947866424, "weighted_ce": 0.9854304272195568, "argmax_agreement": 0.7227053140096619}
{"stage": "final", "fit_id": "shared@9102", "epoch": 10, "training_weighted_ce": 0.875832178995977, "weighted_ce": 0.976562149858705, "argmax_agreement": 0.7439613526570048}
{"stage": "final", "fit_id": "shared@9102", "epoch": 15, "training_weighted_ce": 0.8664421675414786, "weighted_ce": 0.9854326865523334, "argmax_agreement": 0.7159420289855073}
{"stage": "final", "fit_id": "shared@9102", "epoch": 20, "training_weighted_ce": 0.8598949929968042, "weighted_ce": 0.9787560467558782, "argmax_agreement": 0.7468599033816425}
{"stage": "final", "fit_id": "shared@9102", "epoch": 25, "training_weighted_ce": 0.854692264180476, "weighted_ce": 0.9758770118013096, "argmax_agreement": 0.744927536231884}
{"stage": "final", "fit_id": "shared@9102", "epoch": 30, "training_weighted_ce": 0.8495959819450505, "weighted_ce": 0.9763996953549592, "argmax_agreement": 0.7420289855072464}
{"stage": "final", "fit_id": "shared@9102", "epoch": 35, "training_weighted_ce": 0.8453646395139236, "weighted_ce": 0.9697049679963485, "argmax_agreement": 0.7613526570048309}
{"stage": "final", "fit_id": "shared@9102", "epoch": 40, "training_weighted_ce": 0.8435842351336187, "weighted_ce": 0.9749852461515417, "argmax_agreement": 0.7536231884057971}
{"stage": "final", "fit_id": "dense@9102", "epoch": 5, "training_weighted_ce": 1.007353241566204, "weighted_ce": 1.0735777260600656, "argmax_agreement": 0.6}
{"stage": "final", "fit_id": "dense@9102", "epoch": 10, "training_weighted_ce": 0.9771198147960366, "weighted_ce": 1.0531834957104373, "argmax_agreement": 0.5903381642512078}
{"stage": "final", "fit_id": "dense@9102", "epoch": 15, "training_weighted_ce": 0.9577022854170791, "weighted_ce": 1.0410309611887172, "argmax_agreement": 0.6135265700483091}
{"stage": "final", "fit_id": "dense@9102", "epoch": 20, "training_weighted_ce": 0.9435305271180313, "weighted_ce": 1.0299323703931726, "argmax_agreement": 0.6367149758454106}
{"stage": "final", "fit_id": "dense@9102", "epoch": 25, "training_weighted_ce": 0.9361554539421106, "weighted_ce": 1.0223610145458277, "argmax_agreement": 0.6144927536231884}
{"stage": "final", "fit_id": "dense@9102", "epoch": 30, "training_weighted_ce": 0.9275404620131055, "weighted_ce": 1.0168655856220044, "argmax_agreement": 0.6763285024154589}
{"stage": "final", "fit_id": "dense@9102", "epoch": 35, "training_weighted_ce": 0.9242540454587731, "weighted_ce": 1.0073195747707202, "argmax_agreement": 0.6927536231884058}
{"stage": "final", "fit_id": "dense@9102", "epoch": 40, "training_weighted_ce": 0.9162180294247211, "weighted_ce": 0.9989379090387465, "argmax_agreement": 0.6685990338164252}
{"stage": "final", "fit_id": "shared@9103", "epoch": 5, "training_weighted_ce": 0.8903484019276316, "weighted_ce": 0.9894411483248651, "argmax_agreement": 0.7623188405797101}
{"stage": "final", "fit_id": "shared@9103", "epoch": 10, "training_weighted_ce": 0.8738482275214756, "weighted_ce": 0.9747086290000142, "argmax_agreement": 0.7536231884057971}
{"stage": "final", "fit_id": "shared@9103", "epoch": 15, "training_weighted_ce": 0.863338623078506, "weighted_ce": 0.9664227766691199, "argmax_agreement": 0.7623188405797101}
{"stage": "final", "fit_id": "shared@9103", "epoch": 20, "training_weighted_ce": 0.8568934968257227, "weighted_ce": 0.9674325989064387, "argmax_agreement": 0.7420289855072464}
{"stage": "final", "fit_id": "shared@9103", "epoch": 25, "training_weighted_ce": 0.8500960502853836, "weighted_ce": 0.9663466633230016, "argmax_agreement": 0.7468599033816425}
{"stage": "final", "fit_id": "shared@9103", "epoch": 30, "training_weighted_ce": 0.8443468987052121, "weighted_ce": 0.964387471664355, "argmax_agreement": 0.7574879227053141}
{"stage": "final", "fit_id": "shared@9103", "epoch": 35, "training_weighted_ce": 0.8416509740981296, "weighted_ce": 0.9663854147501038, "argmax_agreement": 0.7555555555555555}
{"stage": "final", "fit_id": "shared@9103", "epoch": 40, "training_weighted_ce": 0.8374766015492466, "weighted_ce": 0.9590538375043639, "argmax_agreement": 0.7758454106280194}
{"stage": "final", "fit_id": "dense@9103", "epoch": 5, "training_weighted_ce": 0.9904939097353871, "weighted_ce": 1.0585461418409854, "argmax_agreement": 0.5893719806763285}
{"stage": "final", "fit_id": "dense@9103", "epoch": 10, "training_weighted_ce": 0.9645162305824001, "weighted_ce": 1.0367235192930064, "argmax_agreement": 0.6202898550724638}
{"stage": "final", "fit_id": "dense@9103", "epoch": 15, "training_weighted_ce": 0.9512185018454025, "weighted_ce": 1.0278040641747812, "argmax_agreement": 0.6251207729468599}
{"stage": "final", "fit_id": "dense@9103", "epoch": 20, "training_weighted_ce": 0.9401126428820799, "weighted_ce": 1.027393108865489, "argmax_agreement": 0.6502415458937199}
{"stage": "final", "fit_id": "dense@9103", "epoch": 25, "training_weighted_ce": 0.9370387028501204, "weighted_ce": 1.012943188579762, "argmax_agreement": 0.6309178743961352}
{"stage": "final", "fit_id": "dense@9103", "epoch": 30, "training_weighted_ce": 0.9285864189489564, "weighted_ce": 1.0177619897225052, "argmax_agreement": 0.6028985507246377}
{"stage": "final", "fit_id": "dense@9103", "epoch": 35, "training_weighted_ce": 0.9214062761904588, "weighted_ce": 1.0103145396651854, "argmax_agreement": 0.6048309178743961}
{"stage": "final", "fit_id": "dense@9103", "epoch": 40, "training_weighted_ce": 0.9180133754934244, "weighted_ce": 1.0006252454674762, "argmax_agreement": 0.6714975845410628}
{"phase": "eval", "episodes": 10, "native_steps": 139658}
{"phase": "eval", "episodes": 20, "native_steps": 139814}
{"phase": "eval", "episodes": 30, "native_steps": 139858}
{"phase": "eval", "episodes": 40, "native_steps": 153192}
{"phase": "eval", "episodes": 50, "native_steps": 158050}
{"phase": "eval", "episodes": 60, "native_steps": 162554}
{"phase": "eval", "episodes": 70, "native_steps": 173662}
{"phase": "eval", "episodes": 80, "native_steps": 175895}
{"phase": "eval", "episodes": 90, "native_steps": 175949}
{"phase": "eval", "episodes": 100, "native_steps": 182850}
{"phase": "eval", "episodes": 110, "native_steps": 196312}
{"phase": "eval", "episodes": 120, "native_steps": 196374}
{"phase": "eval", "episodes": 130, "native_steps": 208587}
{"phase": "eval", "episodes": 140, "native_steps": 215303}
{"phase": "eval", "episodes": 150, "native_steps": 215341}
{"phase": "eval", "episodes": 160, "native_steps": 235197}
{"phase": "eval", "episodes": 170, "native_steps": 235325}
{"phase": "eval", "episodes": 180, "native_steps": 235435}
{"phase": "eval", "episodes": 190, "native_steps": 253071}
{"phase": "eval", "episodes": 200, "native_steps": 253101}
{"phase": "eval", "episodes": 210, "native_steps": 257531}
{"phase": "eval", "episodes": 220, "native_steps": 262417}
{"phase": "eval", "episodes": 230, "native_steps": 262457}
{"phase": "eval", "episodes": 240, "native_steps": 262573}
{"phase": "eval", "episodes": 250, "native_steps": 273813}
{"phase": "eval", "episodes": 260, "native_steps": 284635}
{"phase": "eval", "episodes": 270, "native_steps": 284681}
{"phase": "eval", "episodes": 280, "native_steps": 300134}
{"phase": "eval", "episodes": 290, "native_steps": 313446}
{"phase": "eval", "episodes": 300, "native_steps": 313492}
{"phase": "eval", "episodes": 310, "native_steps": 320438}
{"phase": "eval", "episodes": 320, "native_steps": 329416}
{"phase": "eval", "episodes": 330, "native_steps": 329596}
{"phase": "eval", "episodes": 340, "native_steps": 349401}
{"phase": "eval", "episodes": 350, "native_steps": 354689}
{"phase": "eval", "episodes": 360, "native_steps": 354723}
{"phase": "eval", "episodes": 370, "native_steps": 363709}
{"phase": "eval", "episodes": 380, "native_steps": 363875}
{"phase": "eval", "episodes": 390, "native_steps": 363915}
{"phase": "eval", "episodes": 400, "native_steps": 381511}
{"phase": "eval", "episodes": 410, "native_steps": 386103}
{"phase": "eval", "episodes": 420, "native_steps": 388478}
{"phase": "eval", "episodes": 430, "native_steps": 399689}
{"phase": "eval", "episodes": 440, "native_steps": 406422}
{"phase": "eval", "episodes": 450, "native_steps": 406484}
{"phase": "eval", "episodes": 460, "native_steps": 426273}
{"phase": "eval", "episodes": 470, "native_steps": 426401}
{"phase": "eval", "episodes": 480, "native_steps": 426533}
{"phase": "eval", "episodes": 490, "native_steps": 446319}
{"phase": "eval", "episodes": 500, "native_steps": 446357}
{"phase": "eval", "episodes": 510, "native_steps": 448751}
{"phase": "eval", "episodes": 520, "native_steps": 462049}
{"phase": "eval", "episodes": 530, "native_steps": 475481}
{"phase": "eval", "episodes": 540, "native_steps": 480543}
{"phase": "eval", "episodes": 550, "native_steps": 496065}
{"phase": "eval", "episodes": 560, "native_steps": 498431}
{"phase": "eval", "episodes": 570, "native_steps": 498489}
{"phase": "eval", "episodes": 580, "native_steps": 514399}
{"phase": "eval", "episodes": 590, "native_steps": 516917}
{"phase": "eval", "episodes": 600, "native_steps": 516945}
{"phase": "eval", "episodes": 610, "native_steps": 532423}
{"phase": "eval", "episodes": 620, "native_steps": 534782}
{"phase": "eval", "episodes": 630, "native_steps": 534842}
{"phase": "eval", "episodes": 640, "native_steps": 537394}
{"phase": "eval", "episodes": 650, "native_steps": 552288}
{"phase": "eval", "episodes": 660, "native_steps": 552324}
{"phase": "eval", "episodes": 670, "native_steps": 568831}
{"phase": "eval", "episodes": 680, "native_steps": 575824}
{"phase": "eval", "episodes": 690, "native_steps": 576004}
{"phase": "eval", "episodes": 700, "native_steps": 593712}
{"phase": "eval", "episodes": 710, "native_steps": 611612}
{"phase": "eval", "episodes": 720, "native_steps": 611788}
