{
  "status": "PASS",
  "scientific_status": "REFERENCE_COMPLETE",
  "matrix_status": "FACTORIAL_COMPLETE",
  "parent_release": "https://github.com/kw2828/OpenJev/releases/tag/fsm-author-nllfr-study-v1",
  "archive": {
    "path": "/Users/kevinwu/Documents/research/WikiSkills-RL/OpenJev/output/fsm-author-nllfr-factorial-publication-v1/evidence.tar.gz",
    "bytes": 53107266,
    "sha256": "062841471fa43b34ddf119c8cc3356bad08149dd3e610d4f7f7a10012e42d971"
  },
  "manifest": {
    "path": "/Users/kevinwu/Documents/research/WikiSkills-RL/OpenJev/output/fsm-author-nllfr-factorial-publication-v1/evidence-manifest.json",
    "bytes": 889756,
    "sha256": "5d35c518d0306781601df076e035f5538d35a072a017a8e6feca97bab95cc622"
  },
  "payload_files": 3955,
  "payload_bytes": 97054242,
  "renderer_or_model_calls": 0,
  "array_decodes": 0,
  "packager": {
    "path": "/Users/kevinwu/Documents/research/WikiSkills-RL/OpenJev/scripts/package_fsm_author_factorial.py",
    "bytes": 19097,
    "sha256": "8df51453d4aa504892853fcacb6d23be89b53b55d468b6b7d6b78583954820ff"
  },
  "data_attribution": "FSM, Merijn Floren, KU Leuven; CC BY 4.0. License included.",
  "author_code_license": "GPL-3.0-or-later; upstream source/license in required parent release."
}
