{
  "torch": "2.14.0",
  "fabricated_products": {
    "rows": 1024,
    "exact_matches": {
      "scalar": 409,
      "lanes4": 1024,
      "pairwise": 493
    },
    "first_scalar_mismatch": {
      "products": [
        0.0,
        0.04508804529905319,
        0.16687528789043427,
        0.4377284646034241,
        0.9559881687164307,
        1.8026726245880127,
        2.9014928340911865,
        3.685150623321533,
        2.4358205795288086,
        -0.00939625222235918,
        -0.050225939601659775,
        -0.14216037094593048
      ],
      "torch_bits": 1094953504,
      "scalar_bits": 1094953503,
      "lanes4_bits": 1094953504,
      "pairwise_bits": 1094953504
    }
  },
  "initial_reflections": [
    {
      "reflection": 0,
      "numerator": {
        "rows": 2,
        "exact_matches": {
          "scalar": 2,
          "lanes4": 2,
          "pairwise": 1
        },
        "first_scalar_mismatch": null
      },
      "denominator": {
        "rows": 2,
        "exact_matches": {
          "scalar": 0,
          "lanes4": 2,
          "pairwise": 0
        },
        "first_scalar_mismatch": {
          "products": [
            1.0,
            0.00010909725824603811,
            0.00011703643394866958,
            7.01626850059256e-05,
            5.946398232481442e-06,
            0.00020485570712480694,
            5.261232581688091e-05,
            0.0001919264905154705,
            3.9190470602079586e-07,
            2.7298712666379288e-05,
            9.268123540095985e-05,
            2.893840019169147e-06
          ],
          "torch_bits": 1065360556,
          "scalar_bits": 1065360554,
          "lanes4_bits": 1065360556,
          "pairwise_bits": 1065360555
        }
      }
    },
    {
      "reflection": 1,
      "numerator": {
        "rows": 2,
        "exact_matches": {
          "scalar": 1,
          "lanes4": 2,
          "pairwise": 0
        },
        "first_scalar_mismatch": {
          "products": [
            -0.27302971482276917,
            0.002731374464929104,
            -0.0030252912547439337,
            0.002307542134076357,
            -0.0006987084052525461,
            -0.004255885723978281,
            -0.004349598195403814,
            0.007607271894812584,
            0.00032259494764730334,
            0.0024587088264524937,
            0.004088160581886768,
            -0.0006564754294231534
          ],
          "torch_bits": 3196613298,
          "scalar_bits": 3196613297,
          "lanes4_bits": 3196613298,
          "pairwise_bits": 3196613297
        }
      },
      "denominator": {
        "rows": 2,
        "exact_matches": {
          "scalar": 0,
          "lanes4": 2,
          "pairwise": 0
        },
        "first_scalar_mismatch": {
          "products": [
            1.0,
            0.00010909725824603811,
            0.00011703643394866958,
            7.01626850059256e-05,
            5.946398232481442e-06,
            0.00020485570712480694,
            5.261232581688091e-05,
            0.0001919264905154705,
            3.9190470602079586e-07,
            2.7298712666379288e-05,
            9.268123540095985e-05,
            2.893840019169147e-06
          ],
          "torch_bits": 1065360556,
          "scalar_bits": 1065360554,
          "lanes4_bits": 1065360556,
          "pairwise_bits": 1065360555
        }
      }
    },
    {
      "reflection": 2,
      "numerator": {
        "rows": 2,
        "exact_matches": {
          "scalar": 1,
          "lanes4": 2,
          "pairwise": 2
        },
        "first_scalar_mismatch": {
          "products": [
            -0.00017842251691035926,
            -0.0018099043518304825,
            -0.0014937102096155286,
            0.003572851186618209,
            0.0013058664044365287,
            -0.001455936231650412,
            0.5957977771759033,
            -0.00013868777023162693,
            -0.004269513767212629,
            -0.005646984558552504,
            -0.0030565226916223764,
            0.00020988663891330361
          ],
          "torch_bits": 1058354377,
          "scalar_bits": 1058354376,
          "lanes4_bits": 1058354377,
          "pairwise_bits": 1058354377
        }
      },
      "denominator": {
        "rows": 2,
        "exact_matches": {
          "scalar": 2,
          "lanes4": 2,
          "pairwise": 0
        },
        "first_scalar_mismatch": null
      }
    },
    {
      "reflection": 3,
      "numerator": {
        "rows": 2,
        "exact_matches": {
          "scalar": 2,
          "lanes4": 2,
          "pairwise": 2
        },
        "first_scalar_mismatch": null
      },
      "denominator": {
        "rows": 2,
        "exact_matches": {
          "scalar": 2,
          "lanes4": 2,
          "pairwise": 0
        },
        "first_scalar_mismatch": null
      }
    }
  ],
  "pins": {
    "output/native-robot-transition-engineering-v1/reduction-diagnostic-01/diagnose.py": "7829199477856516b6acd2473a48aa88fa8d4b1a6c72411b85f93d19dc46b055",
    "output/native-robot-transition-engineering-v1/reduction-diagnostic-01/SumKernel.cpp": "9b88aa14e626dd708e50816a5ca89acfc66798226dc82501cf1857caebe96f95",
    "src/openjev/research/structured_robot_transition.py": "6119a0b57331cfff183acb2f553f45730073bace8cfaff5588cf4c5d520267bf",
    "rust/robot_transition/src/lib.rs": "52660118d27ba58439eea1415c83bd66bd4579bd73bde32f2f68ac884a2a22df",
    ".venv/lib/python3.12/site-packages/torch/include/ATen/cpu/vec/vec128/vec128_float_neon.h": "89c3f859ddd256359989faf3d16df8729a84c9f065c167e65aba1cd5b06c8552"
  }
}
